Archive member included to satisfy reference by file (symbol)

/Applications/STM32CubeIDE.app/Contents/Eclipse/plugins/com.st.stm32cube.ide.mcu.externaltools.gnu-tools-for-stm32.12.3.rel1.macos64_1.0.200.202406191456/tools/bin/../lib/gcc/arm-none-eabi/12.3.1/../../../../arm-none-eabi/lib/thumb/v7e-m/nofp/libc_nano.a(libc_a-exit.o)
                              /Applications/STM32CubeIDE.app/Contents/Eclipse/plugins/com.st.stm32cube.ide.mcu.externaltools.gnu-tools-for-stm32.12.3.rel1.macos64_1.0.200.202406191456/tools/bin/../lib/gcc/arm-none-eabi/12.3.1/../../../../arm-none-eabi/lib/thumb/v7e-m/nofp/crt0.o (exit)
/Applications/STM32CubeIDE.app/Contents/Eclipse/plugins/com.st.stm32cube.ide.mcu.externaltools.gnu-tools-for-stm32.12.3.rel1.macos64_1.0.200.202406191456/tools/bin/../lib/gcc/arm-none-eabi/12.3.1/../../../../arm-none-eabi/lib/thumb/v7e-m/nofp/libc_nano.a(libc_a-findfp.o)
                              /Applications/STM32CubeIDE.app/Contents/Eclipse/plugins/com.st.stm32cube.ide.mcu.externaltools.gnu-tools-for-stm32.12.3.rel1.macos64_1.0.200.202406191456/tools/bin/../lib/gcc/arm-none-eabi/12.3.1/../../../../arm-none-eabi/lib/thumb/v7e-m/nofp/libc_nano.a(libc_a-exit.o) (__stdio_exit_handler)
/Applications/STM32CubeIDE.app/Contents/Eclipse/plugins/com.st.stm32cube.ide.mcu.externaltools.gnu-tools-for-stm32.12.3.rel1.macos64_1.0.200.202406191456/tools/bin/../lib/gcc/arm-none-eabi/12.3.1/../../../../arm-none-eabi/lib/thumb/v7e-m/nofp/libc_nano.a(libc_a-fwalk.o)
                              /Applications/STM32CubeIDE.app/Contents/Eclipse/plugins/com.st.stm32cube.ide.mcu.externaltools.gnu-tools-for-stm32.12.3.rel1.macos64_1.0.200.202406191456/tools/bin/../lib/gcc/arm-none-eabi/12.3.1/../../../../arm-none-eabi/lib/thumb/v7e-m/nofp/libc_nano.a(libc_a-findfp.o) (_fwalk_sglue)
/Applications/STM32CubeIDE.app/Contents/Eclipse/plugins/com.st.stm32cube.ide.mcu.externaltools.gnu-tools-for-stm32.12.3.rel1.macos64_1.0.200.202406191456/tools/bin/../lib/gcc/arm-none-eabi/12.3.1/../../../../arm-none-eabi/lib/thumb/v7e-m/nofp/libc_nano.a(libc_a-strncmp.o)
                              ./SubGHz_Phy/App/subghz_phy_app.o (strncmp)
/Applications/STM32CubeIDE.app/Contents/Eclipse/plugins/com.st.stm32cube.ide.mcu.externaltools.gnu-tools-for-stm32.12.3.rel1.macos64_1.0.200.202406191456/tools/bin/../lib/gcc/arm-none-eabi/12.3.1/../../../../arm-none-eabi/lib/thumb/v7e-m/nofp/libc_nano.a(libc_a-memset.o)
                              /Applications/STM32CubeIDE.app/Contents/Eclipse/plugins/com.st.stm32cube.ide.mcu.externaltools.gnu-tools-for-stm32.12.3.rel1.macos64_1.0.200.202406191456/tools/bin/../lib/gcc/arm-none-eabi/12.3.1/../../../../arm-none-eabi/lib/thumb/v7e-m/nofp/crt0.o (memset)
/Applications/STM32CubeIDE.app/Contents/Eclipse/plugins/com.st.stm32cube.ide.mcu.externaltools.gnu-tools-for-stm32.12.3.rel1.macos64_1.0.200.202406191456/tools/bin/../lib/gcc/arm-none-eabi/12.3.1/../../../../arm-none-eabi/lib/thumb/v7e-m/nofp/libc_nano.a(libc_a-impure.o)
                              /Applications/STM32CubeIDE.app/Contents/Eclipse/plugins/com.st.stm32cube.ide.mcu.externaltools.gnu-tools-for-stm32.12.3.rel1.macos64_1.0.200.202406191456/tools/bin/../lib/gcc/arm-none-eabi/12.3.1/../../../../arm-none-eabi/lib/thumb/v7e-m/nofp/libc_nano.a(libc_a-findfp.o) (_impure_data)
/Applications/STM32CubeIDE.app/Contents/Eclipse/plugins/com.st.stm32cube.ide.mcu.externaltools.gnu-tools-for-stm32.12.3.rel1.macos64_1.0.200.202406191456/tools/bin/../lib/gcc/arm-none-eabi/12.3.1/../../../../arm-none-eabi/lib/thumb/v7e-m/nofp/libc_nano.a(libc_a-errno.o)
                              ./Core/Src/syscalls.o (__errno)
/Applications/STM32CubeIDE.app/Contents/Eclipse/plugins/com.st.stm32cube.ide.mcu.externaltools.gnu-tools-for-stm32.12.3.rel1.macos64_1.0.200.202406191456/tools/bin/../lib/gcc/arm-none-eabi/12.3.1/../../../../arm-none-eabi/lib/thumb/v7e-m/nofp/libc_nano.a(libc_a-init.o)
                              /Applications/STM32CubeIDE.app/Contents/Eclipse/plugins/com.st.stm32cube.ide.mcu.externaltools.gnu-tools-for-stm32.12.3.rel1.macos64_1.0.200.202406191456/tools/bin/../lib/gcc/arm-none-eabi/12.3.1/../../../../arm-none-eabi/lib/thumb/v7e-m/nofp/crt0.o (__libc_init_array)
/Applications/STM32CubeIDE.app/Contents/Eclipse/plugins/com.st.stm32cube.ide.mcu.externaltools.gnu-tools-for-stm32.12.3.rel1.macos64_1.0.200.202406191456/tools/bin/../lib/gcc/arm-none-eabi/12.3.1/../../../../arm-none-eabi/lib/thumb/v7e-m/nofp/libc_nano.a(libc_a-lock.o)
                              /Applications/STM32CubeIDE.app/Contents/Eclipse/plugins/com.st.stm32cube.ide.mcu.externaltools.gnu-tools-for-stm32.12.3.rel1.macos64_1.0.200.202406191456/tools/bin/../lib/gcc/arm-none-eabi/12.3.1/../../../../arm-none-eabi/lib/thumb/v7e-m/nofp/libc_nano.a(libc_a-findfp.o) (__retarget_lock_init_recursive)
[...]
Memory Configuration

Name             Origin             Length             Attributes
RAM              0x20000000         0x00010000         xrw
RAM2             0x10000000         0x00008000         xrw
FLASH            0x08000000         0x00040000         xr
*default*        0x00000000         0xffffffff

Linker script and memory map

LOAD /Applications/STM32CubeIDE.app/Contents/Eclipse/plugins/com.st.stm32cube.ide.mcu.externaltools.gnu-tools-for-stm32.12.3.rel1.macos64_1.0.200.202406191456/tools/bin/../lib/gcc/arm-none-eabi/12.3.1/thumb/v7e-m/nofp/crti.o
LOAD /Applications/STM32CubeIDE.app/Contents/Eclipse/plugins/com.st.stm32cube.ide.mcu.externaltools.gnu-tools-for-stm32.12.3.rel1.macos64_1.0.200.202406191456/tools/bin/../lib/gcc/arm-none-eabi/12.3.1/thumb/v7e-m/nofp/crtbegin.o
LOAD /Applications/STM32CubeIDE.app/Contents/Eclipse/plugins/com.st.stm32cube.ide.mcu.externaltools.gnu-tools-for-stm32.12.3.rel1.macos64_1.0.200.202406191456/tools/bin/../lib/gcc/arm-none-eabi/12.3.1/../../../../arm-none-eabi/lib/thumb/v7e-m/nofp/crt0.o
LOAD ./Core/Src/main.o
LOAD ./Core/Src/stm32_lpm_if.o
LOAD ./Core/Src/stm32wlxx_hal_msp.o
LOAD ./Core/Src/stm32wlxx_it.o
LOAD ./Core/Src/sys_app.o
LOAD ./Core/Src/sys_debug.o
LOAD ./Core/Src/syscalls.o
LOAD ./Core/Src/sysmem.o
LOAD ./Core/Src/system_stm32wlxx.o
LOAD ./Core/Src/timer_if.o
LOAD ./Core/Src/usart_if.o
LOAD ./Core/Startup/startup_stm32wle5jcix.o
LOAD ./Drivers/BSP/STM32WLxx_LoRa_E5_mini/stm32wlxx_LoRa_E5_mini.o
LOAD ./Drivers/BSP/STM32WLxx_LoRa_E5_mini/stm32wlxx_LoRa_E5_mini_radio.o
LOAD ./Drivers/STM32WLxx_HAL_Driver/Src/stm32wlxx_hal.o
LOAD ./Drivers/STM32WLxx_HAL_Driver/Src/stm32wlxx_hal_cortex.o
LOAD ./Drivers/STM32WLxx_HAL_Driver/Src/stm32wlxx_hal_dma.o
LOAD ./Drivers/STM32WLxx_HAL_Driver/Src/stm32wlxx_hal_dma_ex.o
LOAD ./Drivers/STM32WLxx_HAL_Driver/Src/stm32wlxx_hal_exti.o
LOAD ./Drivers/STM32WLxx_HAL_Driver/Src/stm32wlxx_hal_flash.o
LOAD ./Drivers/STM32WLxx_HAL_Driver/Src/stm32wlxx_hal_flash_ex.o
LOAD ./Drivers/STM32WLxx_HAL_Driver/Src/stm32wlxx_hal_gpio.o
LOAD ./Drivers/STM32WLxx_HAL_Driver/Src/stm32wlxx_hal_pwr.o
LOAD ./Drivers/STM32WLxx_HAL_Driver/Src/stm32wlxx_hal_pwr_ex.o
LOAD ./Drivers/STM32WLxx_HAL_Driver/Src/stm32wlxx_hal_rcc.o
LOAD ./Drivers/STM32WLxx_HAL_Driver/Src/stm32wlxx_hal_rcc_ex.o
LOAD ./Drivers/STM32WLxx_HAL_Driver/Src/stm32wlxx_hal_rtc.o
LOAD ./Drivers/STM32WLxx_HAL_Driver/Src/stm32wlxx_hal_rtc_ex.o
LOAD ./Drivers/STM32WLxx_HAL_Driver/Src/stm32wlxx_hal_subghz.o
LOAD ./Drivers/STM32WLxx_HAL_Driver/Src/stm32wlxx_hal_tim.o
LOAD ./Drivers/STM32WLxx_HAL_Driver/Src/stm32wlxx_hal_tim_ex.o
LOAD ./Drivers/STM32WLxx_HAL_Driver/Src/stm32wlxx_hal_uart.o
LOAD ./Drivers/STM32WLxx_HAL_Driver/Src/stm32wlxx_hal_uart_ex.o
LOAD ./Middlewares/Third_Party/SubGHz_Phy/stm32_radio_driver/lr_fhss_mac.o
LOAD ./Middlewares/Third_Party/SubGHz_Phy/stm32_radio_driver/radio.o
LOAD ./Middlewares/Third_Party/SubGHz_Phy/stm32_radio_driver/radio_driver.o
LOAD ./Middlewares/Third_Party/SubGHz_Phy/stm32_radio_driver/radio_fw.o
LOAD ./Middlewares/Third_Party/SubGHz_Phy/stm32_radio_driver/wl_lr_fhss.o
LOAD ./SubGHz_Phy/App/app_subghz_phy.o
LOAD ./SubGHz_Phy/App/subghz_phy_app.o
LOAD ./SubGHz_Phy/Target/radio_board_if.o
LOAD ./Utilities/lpm/tiny_lpm/stm32_lpm.o
LOAD ./Utilities/misc/stm32_mem.o
LOAD ./Utilities/misc/stm32_systime.o
LOAD ./Utilities/misc/stm32_tiny_sscanf.o
LOAD ./Utilities/misc/stm32_tiny_vsnprintf.o
LOAD ./Utilities/sequencer/stm32_seq.o
LOAD ./Utilities/timer/stm32_timer.o
LOAD ./Utilities/trace/adv_trace/stm32_adv_trace.o
START GROUP
LOAD /Applications/STM32CubeIDE.app/Contents/Eclipse/plugins/com.st.stm32cube.ide.mcu.externaltools.gnu-tools-for-stm32.12.3.rel1.macos64_1.0.200.202406191456/tools/bin/../lib/gcc/arm-none-eabi/12.3.1/../../../../arm-none-eabi/lib/thumb/v7e-m/nofp/libc_nano.a
LOAD /Applications/STM32CubeIDE.app/Contents/Eclipse/plugins/com.st.stm32cube.ide.mcu.externaltools.gnu-tools-for-stm32.12.3.rel1.macos64_1.0.200.202406191456/tools/bin/../lib/gcc/arm-none-eabi/12.3.1/../../../../arm-none-eabi/lib/thumb/v7e-m/nofp/libm.a
END GROUP
START GROUP
LOAD /Applications/STM32CubeIDE.app/Contents/Eclipse/plugins/com.st.stm32cube.ide.mcu.externaltools.gnu-tools-for-stm32.12.3.rel1.macos64_1.0.200.202406191456/tools/bin/../lib/gcc/arm-none-eabi/12.3.1/thumb/v7e-m/nofp/libgcc.a
LOAD /Applications/STM32CubeIDE.app/Contents/Eclipse/plugins/com.st.stm32cube.ide.mcu.externaltools.gnu-tools-for-stm32.12.3.rel1.macos64_1.0.200.202406191456/tools/bin/../lib/gcc/arm-none-eabi/12.3.1/../../../../arm-none-eabi/lib/thumb/v7e-m/nofp/libc_nano.a
END GROUP
START GROUP
LOAD /Applications/STM32CubeIDE.app/Contents/Eclipse/plugins/com.st.stm32cube.ide.mcu.externaltools.gnu-tools-for-stm32.12.3.rel1.macos64_1.0.200.202406191456/tools/bin/../lib/gcc/arm-none-eabi/12.3.1/thumb/v7e-m/nofp/libgcc.a
LOAD /Applications/STM32CubeIDE.app/Contents/Eclipse/plugins/com.st.stm32cube.ide.mcu.externaltools.gnu-tools-for-stm32.12.3.rel1.macos64_1.0.200.202406191456/tools/bin/../lib/gcc/arm-none-eabi/12.3.1/../../../../arm-none-eabi/lib/thumb/v7e-m/nofp/libc_nano.a
LOAD /Applications/STM32CubeIDE.app/Contents/Eclipse/plugins/com.st.stm32cube.ide.mcu.externaltools.gnu-tools-for-stm32.12.3.rel1.macos64_1.0.200.202406191456/tools/bin/../lib/gcc/arm-none-eabi/12.3.1/../../../../arm-none-eabi/lib/thumb/v7e-m/nofp/libnosys.a
END GROUP
START GROUP
LOAD /Applications/STM32CubeIDE.app/Contents/Eclipse/plugins/com.st.stm32cube.ide.mcu.externaltools.gnu-tools-for-stm32.12.3.rel1.macos64_1.0.200.202406191456/tools/bin/../lib/gcc/arm-none-eabi/12.3.1/thumb/v7e-m/nofp/libgcc.a
LOAD /Applications/STM32CubeIDE.app/Contents/Eclipse/plugins/com.st.stm32cube.ide.mcu.externaltools.gnu-tools-for-stm32.12.3.rel1.macos64_1.0.200.202406191456/tools/bin/../lib/gcc/arm-none-eabi/12.3.1/../../../../arm-none-eabi/lib/thumb/v7e-m/nofp/libc_nano.a
LOAD /Applications/STM32CubeIDE.app/Contents/Eclipse/plugins/com.st.stm32cube.ide.mcu.externaltools.gnu-tools-for-stm32.12.3.rel1.macos64_1.0.200.202406191456/tools/bin/../lib/gcc/arm-none-eabi/12.3.1/../../../../arm-none-eabi/lib/thumb/v7e-m/nofp/libnosys.a
END GROUP
LOAD /Applications/STM32CubeIDE.app/Contents/Eclipse/plugins/com.st.stm32cube.ide.mcu.externaltools.gnu-tools-for-stm32.12.3.rel1.macos64_1.0.200.202406191456/tools/bin/../lib/gcc/arm-none-eabi/12.3.1/thumb/v7e-m/nofp/crtend.o
LOAD /Applications/STM32CubeIDE.app/Contents/Eclipse/plugins/com.st.stm32cube.ide.mcu.externaltools.gnu-tools-for-stm32.12.3.rel1.macos64_1.0.200.202406191456/tools/bin/../lib/gcc/arm-none-eabi/12.3.1/thumb/v7e-m/nofp/crtn.o
                0x20010000                        _estack = (ORIGIN (RAM) + LENGTH (RAM))
                0x00000200                        _Min_Heap_Size = 0x200
                0x00000400                        _Min_Stack_Size = 0x400

.isr_vector     0x08000000      0x138
                0x08000000                        . = ALIGN (0x4)
 *(.isr_vector)
 .isr_vector    0x08000000      0x138 ./Core/Startup/startup_stm32wle5jcix.o
                0x08000000                g_pfnVectors
                0x08000138                        . = ALIGN (0x4)

.text           0x08000138     0xcb20
                0x08000138                        . = ALIGN (0x4)
 *(.text)
 .text          0x08000138       0x40 /Applications/STM32CubeIDE.app/Contents/Eclipse/plugins/com.st.stm32cube.ide.mcu.externaltools.gnu-tools-for-stm32.12.3.rel1.macos64_1.0.200.202406191456/tools/bin/../lib/gcc/arm-none-eabi/12.3.1/thumb/v7e-m/nofp/crtbegin.o
 .text          0x08000178       0x10 /Applications/STM32CubeIDE.app/Contents/Eclipse/plugins/com.st.stm32cube.ide.mcu.externaltools.gnu-tools-for-stm32.12.3.rel1.macos64_1.0.200.202406191456/tools/bin/../lib/gcc/arm-none-eabi/12.3.1/../../../../arm-none-eabi/lib/thumb/v7e-m/nofp/libc_nano.a(libc_a-strlen.o)
                0x08000178                strlen
 .text          0x08000188       0x30 /Applications/STM32CubeIDE.app/Contents/Eclipse/plugins/com.st.stm32cube.ide.mcu.externaltools.gnu-tools-for-stm32.12.3.rel1.macos64_1.0.200.202406191456/tools/bin/../lib/gcc/arm-none-eabi/12.3.1/thumb/v7e-m/nofp/libgcc.a(_aeabi_uldivmod.o)
                0x08000188                __aeabi_uldivmod
 .text          0x080001b8      0x2bc /Applications/STM32CubeIDE.app/Contents/Eclipse/plugins/com.st.stm32cube.ide.mcu.externaltools.gnu-tools-for-stm32.12.3.rel1.macos64_1.0.200.202406191456/tools/bin/../lib/gcc/arm-none-eabi/12.3.1/thumb/v7e-m/nofp/libgcc.a(_udivmoddi4.o)
                0x080001b8                __udivmoddi4
 .text          0x08000474        0x4 /Applications/STM32CubeIDE.app/Contents/Eclipse/plugins/com.st.stm32cube.ide.mcu.externaltools.gnu-tools-for-stm32.12.3.rel1.macos64_1.0.200.202406191456/tools/bin/../lib/gcc/arm-none-eabi/12.3.1/thumb/v7e-m/nofp/libgcc.a(_dvmd_tls.o)
                0x08000474                __aeabi_ldiv0
                0x08000474                __aeabi_idiv0
 *(.text*)
 .text.LL_RCC_LSE_SetDriveCapability
                0x08000478       0x2a ./Core/Src/main.o
 .text.LL_AHB1_GRP1_EnableClock
                0x080004a2       0x30 ./Core/Src/main.o
 .text.LL_AHB2_GRP1_EnableClock
                0x080004d2       0x30 ./Core/Src/main.o
 .text.main     0x08000502       0x2a ./Core/Src/main.o
                0x08000502                main
 .text.SystemClock_Config
                0x0800052c       0xbc ./Core/Src/main.o
                0x0800052c                SystemClock_Config
 .text.MX_RTC_Init
                0x080005e8       0xa4 ./Core/Src/main.o
                0x080005e8                MX_RTC_Init
 .text.MX_SUBGHZ_Init
                0x0800068c       0x24 ./Core/Src/main.o
                0x0800068c                MX_SUBGHZ_Init
 .text.MX_TIM16_Init
                0x080006b0       0xf4 ./Core/Src/main.o
 .text.MX_USART1_UART_Init
                0x080007a4       0x98 ./Core/Src/main.o
                0x080007a4                MX_USART1_UART_Init
 .text.MX_DMA_Init
                0x0800083c       0x24 ./Core/Src/main.o
                0x0800083c                MX_DMA_Init
 .text.MX_GPIO_Init
                0x08000860       0xb4 ./Core/Src/main.o
                0x08000860                MX_GPIO_Init
 .text.Error_Handler
                0x08000914        0xc ./Core/Src/main.o
                0x08000914                Error_Handler
 .text.LL_PWR_ClearFlag_C1STOP_C1STB
                0x08000920       0x18 ./Core/Src/stm32_lpm_if.o
 .text.PWR_EnterOffMode
                0x08000938        0xc ./Core/Src/stm32_lpm_if.o
                0x08000938                PWR_EnterOffMode
 .text.PWR_ExitOffMode
                0x08000944        0xc ./Core/Src/stm32_lpm_if.o
                0x08000944                PWR_ExitOffMode
 .text.PWR_EnterStopMode
                0x08000950       0x16 ./Core/Src/stm32_lpm_if.o
                0x08000950                PWR_EnterStopMode
 .text.PWR_ExitStopMode
                0x08000966       0x10 ./Core/Src/stm32_lpm_if.o
                0x08000966                PWR_ExitStopMode
 .text.PWR_EnterSleepMode
                0x08000976       0x14 ./Core/Src/stm32_lpm_if.o
                0x08000976                PWR_EnterSleepMode
 .text.PWR_ExitSleepMode
                0x0800098a        0xc ./Core/Src/stm32_lpm_if.o
                0x0800098a                PWR_ExitSleepMode
 .text.LL_RCC_EnableRTC
                0x08000996       0x20 ./Core/Src/stm32wlxx_hal_msp.o
 .text.LL_AHB2_GRP1_EnableClock
                0x080009b6       0x30 ./Core/Src/stm32wlxx_hal_msp.o
 .text.LL_APB1_GRP1_EnableClock
                0x080009e6       0x30 ./Core/Src/stm32wlxx_hal_msp.o
 .text.LL_APB2_GRP1_EnableClock
                0x08000a16       0x30 ./Core/Src/stm32wlxx_hal_msp.o
 .text.LL_APB2_GRP1_DisableClock
                0x08000a46       0x24 ./Core/Src/stm32wlxx_hal_msp.o
 .text.LL_APB3_GRP1_EnableClock
                0x08000a6a       0x30 ./Core/Src/stm32wlxx_hal_msp.o
 .text.HAL_MspInit
                0x08000a9a        0xc ./Core/Src/stm32wlxx_hal_msp.o
                0x08000a9a                HAL_MspInit
 *fill*         0x08000aa6        0x2 
 .text.HAL_RTC_MspInit
                0x08000aa8       0x78 ./Core/Src/stm32wlxx_hal_msp.o
                0x08000aa8                HAL_RTC_MspInit
 .text.HAL_SUBGHZ_MspInit
                0x08000b20       0x26 ./Core/Src/stm32wlxx_hal_msp.o
                0x08000b20                HAL_SUBGHZ_MspInit
 *fill*         0x08000b46        0x2 
 .text.HAL_TIM_Base_MspInit
                0x08000b48       0x28 ./Core/Src/stm32wlxx_hal_msp.o
                0x08000b48                HAL_TIM_Base_MspInit
 .text.HAL_TIM_MspPostInit
                0x08000b70       0x5c ./Core/Src/stm32wlxx_hal_msp.o
                0x08000b70                HAL_TIM_MspPostInit
 .text.HAL_UART_MspInit
                0x08000bcc       0xf8 ./Core/Src/stm32wlxx_hal_msp.o
                0x08000bcc                HAL_UART_MspInit
 .text.HAL_UART_MspDeInit
                0x08000cc4       0x44 ./Core/Src/stm32wlxx_hal_msp.o
                0x08000cc4                HAL_UART_MspDeInit
 .text.NMI_Handler
                0x08000d08        0x8 ./Core/Src/stm32wlxx_it.o
                0x08000d08                NMI_Handler
 .text.HardFault_Handler
                0x08000d10        0x8 ./Core/Src/stm32wlxx_it.o
                0x08000d10                HardFault_Handler
 .text.MemManage_Handler
                0x08000d18        0x8 ./Core/Src/stm32wlxx_it.o
                0x08000d18                MemManage_Handler
 .text.BusFault_Handler
                0x08000d20        0x8 ./Core/Src/stm32wlxx_it.o
                0x08000d20                BusFault_Handler
 .text.UsageFault_Handler
                0x08000d28        0x8 ./Core/Src/stm32wlxx_it.o
                0x08000d28                UsageFault_Handler
 .text.SVC_Handler
                0x08000d30        0xc ./Core/Src/stm32wlxx_it.o
                0x08000d30                SVC_Handler
 .text.DebugMon_Handler
                0x08000d3c        0xc ./Core/Src/stm32wlxx_it.o
                0x08000d3c                DebugMon_Handler
 .text.PendSV_Handler
                0x08000d48        0xc ./Core/Src/stm32wlxx_it.o
                0x08000d48                PendSV_Handler
 .text.SysTick_Handler
                0x08000d54        0xc ./Core/Src/stm32wlxx_it.o
                0x08000d54                SysTick_Handler
 .text.TAMP_STAMP_LSECSS_SSRU_IRQHandler
                0x08000d60       0x14 ./Core/Src/stm32wlxx_it.o
                0x08000d60                TAMP_STAMP_LSECSS_SSRU_IRQHandler
 .text.DMA1_Channel5_IRQHandler
                0x08000d74       0x14 ./Core/Src/stm32wlxx_it.o
                0x08000d74                DMA1_Channel5_IRQHandler
 .text.USART1_IRQHandler
                0x08000d88       0x14 ./Core/Src/stm32wlxx_it.o
                0x08000d88                USART1_IRQHandler
 .text.RTC_Alarm_IRQHandler
                0x08000d9c       0x14 ./Core/Src/stm32wlxx_it.o
                0x08000d9c                RTC_Alarm_IRQHandler
 .text.SUBGHZ_Radio_IRQHandler
                0x08000db0       0x14 ./Core/Src/stm32wlxx_it.o
                0x08000db0                SUBGHZ_Radio_IRQHandler
 .text.LL_RCC_SetClkAfterWakeFromStop
                0x08000dc4       0x26 ./Core/Src/sys_app.o
 *fill*         0x08000dea        0x2 
 .text.SystemApp_Init
                0x08000dec       0x40 ./Core/Src/sys_app.o
                0x08000dec                SystemApp_Init
 .text.UTIL_SEQ_Idle
                0x08000e2c        0xc ./Core/Src/sys_app.o
                0x08000e2c                UTIL_SEQ_Idle
 .text.TimestampNow
                0x08000e38       0x40 ./Core/Src/sys_app.o
 .text.UTIL_ADV_TRACE_PreSendHook
                0x08000e78       0x10 ./Core/Src/sys_app.o
                0x08000e78                UTIL_ADV_TRACE_PreSendHook
 .text.UTIL_ADV_TRACE_PostSendHook
                0x08000e88       0x10 ./Core/Src/sys_app.o
                0x08000e88                UTIL_ADV_TRACE_PostSendHook
 .text.tiny_snprintf_like
                0x08000e98       0x2c ./Core/Src/sys_app.o
 .text.HAL_InitTick
                0x08000ec4       0x14 ./Core/Src/sys_app.o
                0x08000ec4                HAL_InitTick
 .text.HAL_GetTick
                0x08000ed8       0x28 ./Core/Src/sys_app.o
                0x08000ed8                HAL_GetTick
 .text.HAL_Delay
                0x08000f00       0x18 ./Core/Src/sys_app.o
                0x08000f00                HAL_Delay
 .text.LL_AHB2_GRP1_EnableClock
                0x08000f18       0x30 ./Core/Src/sys_debug.o
 .text.LL_EXTI_EnableIT_32_63
                0x08000f48       0x28 ./Core/Src/sys_debug.o
 .text.DBG_Init
                0x08000f70       0x84 ./Core/Src/sys_debug.o
                0x08000f70                DBG_Init
 .text.SystemInit
                0x08000ff4        0xc ./Core/Src/system_stm32wlxx.o
                0x08000ff4                SystemInit
 .text.LL_RTC_TIME_GetSubSecond
                0x08001000       0x16 ./Core/Src/timer_if.o
 *fill*         0x08001016        0x2 
 .text.TIMER_IF_Init
                0x08001018       0x64 ./Core/Src/timer_if.o
                0x08001018                TIMER_IF_Init
 .text.TIMER_IF_StartTimer
                0x0800107c       0x70 ./Core/Src/timer_if.o
                0x0800107c                TIMER_IF_StartTimer
 .text.TIMER_IF_StopTimer
                0x080010ec       0x34 ./Core/Src/timer_if.o
                0x080010ec                TIMER_IF_StopTimer
 .text.TIMER_IF_SetTimerContext
                0x08001120       0x1c ./Core/Src/timer_if.o
                0x08001120                TIMER_IF_SetTimerContext
 .text.TIMER_IF_GetTimerContext
                0x0800113c       0x14 ./Core/Src/timer_if.o
                0x0800113c                TIMER_IF_GetTimerContext
 .text.TIMER_IF_GetTimerElapsedTime
                0x08001150       0x28 ./Core/Src/timer_if.o
                0x08001150                TIMER_IF_GetTimerElapsedTime
 .text.TIMER_IF_GetTimerValue
                0x08001178       0x28 ./Core/Src/timer_if.o
                0x08001178                TIMER_IF_GetTimerValue
 .text.TIMER_IF_GetMinimumTimeout
                0x080011a0       0x1a ./Core/Src/timer_if.o
                0x080011a0                TIMER_IF_GetMinimumTimeout
 .text.TIMER_IF_Convert_ms2Tick
                0x080011ba       0x3a ./Core/Src/timer_if.o
                0x080011ba                TIMER_IF_Convert_ms2Tick
 .text.TIMER_IF_Convert_Tick2ms
                0x080011f4       0x92 ./Core/Src/timer_if.o
                0x080011f4                TIMER_IF_Convert_Tick2ms
 .text.TIMER_IF_DelayMs
                0x08001286       0x34 ./Core/Src/timer_if.o
                0x08001286                TIMER_IF_DelayMs
 .text.HAL_RTC_AlarmAEventCallback
                0x080012ba       0x14 ./Core/Src/timer_if.o
                0x080012ba                HAL_RTC_AlarmAEventCallback
 .text.HAL_RTCEx_SSRUEventCallback
                0x080012ce       0x20 ./Core/Src/timer_if.o
                0x080012ce                HAL_RTCEx_SSRUEventCallback
 .text.TIMER_IF_GetTime
                0x080012ee       0x8e ./Core/Src/timer_if.o
                0x080012ee                TIMER_IF_GetTime
 .text.TIMER_IF_BkUp_Write_Seconds
                0x0800137c       0x20 ./Core/Src/timer_if.o
                0x0800137c                TIMER_IF_BkUp_Write_Seconds
 .text.TIMER_IF_BkUp_Write_SubSeconds
                0x0800139c       0x20 ./Core/Src/timer_if.o
                0x0800139c                TIMER_IF_BkUp_Write_SubSeconds
 .text.TIMER_IF_BkUp_Read_Seconds
                0x080013bc       0x24 ./Core/Src/timer_if.o
                0x080013bc                TIMER_IF_BkUp_Read_Seconds
 .text.TIMER_IF_BkUp_Read_SubSeconds
                0x080013e0       0x24 ./Core/Src/timer_if.o
                0x080013e0                TIMER_IF_BkUp_Read_SubSeconds
 .text.TIMER_IF_BkUp_Write_MSBticks
                0x08001404       0x20 ./Core/Src/timer_if.o
 .text.TIMER_IF_BkUp_Read_MSBticks
                0x08001424       0x20 ./Core/Src/timer_if.o
 .text.GetTimerTicks
                0x08001444       0x38 ./Core/Src/timer_if.o
 .text.LL_APB2_GRP1_ForceReset
                0x0800147c       0x22 ./Core/Src/usart_if.o
 .text.LL_APB2_GRP1_ReleaseReset
                0x0800149e       0x24 ./Core/Src/usart_if.o
 *fill*         0x080014c2        0x2 
 .text.LL_EXTI_EnableIT_0_31
                0x080014c4       0x28 ./Core/Src/usart_if.o
 .text.vcom_Init
                0x080014ec       0x2c ./Core/Src/usart_if.o
                0x080014ec                vcom_Init
 .text.vcom_DeInit
                0x08001518       0x2c ./Core/Src/usart_if.o
                0x08001518                vcom_DeInit
 .text.vcom_Trace_DMA
                0x08001544       0x28 ./Core/Src/usart_if.o
                0x08001544                vcom_Trace_DMA
 .text.vcom_ReceiveInit
                0x0800156c       0x7c ./Core/Src/usart_if.o
                0x0800156c                vcom_ReceiveInit
 .text.vcom_Resume
                0x080015e8       0x30 ./Core/Src/usart_if.o
                0x080015e8                vcom_Resume
 .text.HAL_UART_TxCpltCallback
                0x08001618       0x2c ./Core/Src/usart_if.o
                0x08001618                HAL_UART_TxCpltCallback
 .text.HAL_UART_RxCpltCallback
                0x08001644       0x50 ./Core/Src/usart_if.o
                0x08001644                HAL_UART_RxCpltCallback
 .text.Reset_Handler
                0x08001694       0x50 ./Core/Startup/startup_stm32wle5jcix.o
                0x08001694                Reset_Handler
 .text.Default_Handler
                0x080016e4        0x2 ./Core/Startup/startup_stm32wle5jcix.o
                0x080016e4                DMA2_Channel3_IRQHandler
                0x080016e4                TIM1_CC_IRQHandler
                0x080016e4                EXTI3_IRQHandler
                0x080016e4                LPTIM2_IRQHandler
                0x080016e4                I2C3_ER_IRQHandler
                0x080016e4                LPTIM3_IRQHandler
                0x080016e4                EXTI0_IRQHandler
                0x080016e4                I2C2_EV_IRQHandler
                0x080016e4                SPI1_IRQHandler
                0x080016e4                DMA2_Channel2_IRQHandler
                0x080016e4                DMA1_Channel4_IRQHandler
                0x080016e4                PKA_IRQHandler
                0x080016e4                TIM17_IRQHandler
                0x080016e4                DMA1_Channel7_IRQHandler
                0x080016e4                SUBGHZSPI_IRQHandler
                0x080016e4                DMA2_Channel1_IRQHandler
                0x080016e4                I2C1_EV_IRQHandler
                0x080016e4                DMAMUX1_OVR_IRQHandler
                0x080016e4                DMA1_Channel6_IRQHandler
                0x080016e4                TIM16_IRQHandler
                0x080016e4                DMA2_Channel4_IRQHandler
                0x080016e4                RCC_IRQHandler
                0x080016e4                TIM1_TRG_COM_IRQHandler
                0x080016e4                DMA1_Channel1_IRQHandler
                0x080016e4                Default_Handler
                0x080016e4                DMA2_Channel7_IRQHandler
                0x080016e4                EXTI15_10_IRQHandler
                0x080016e4                ADC_IRQHandler
                0x080016e4                I2C3_EV_IRQHandler
                0x080016e4                EXTI9_5_IRQHandler
                0x080016e4                RTC_WKUP_IRQHandler
                0x080016e4                PVD_PVM_IRQHandler
                0x080016e4                SPI2_IRQHandler
                0x080016e4                DMA2_Channel5_IRQHandler
                0x080016e4                EXTI4_IRQHandler
                0x080016e4                RNG_IRQHandler
                0x080016e4                DMA1_Channel3_IRQHandler
                0x080016e4                COMP_IRQHandler
                0x080016e4                HSEM_IRQHandler
                0x080016e4                TIM1_UP_IRQHandler
                0x080016e4                WWDG_IRQHandler
                0x080016e4                LPUART1_IRQHandler
                0x080016e4                DMA2_Channel6_IRQHandler
                0x080016e4                TIM2_IRQHandler
                0x080016e4                TIM1_BRK_IRQHandler
                0x080016e4                DAC_IRQHandler
                0x080016e4                EXTI1_IRQHandler
                0x080016e4                AES_IRQHandler
                0x080016e4                USART2_IRQHandler
                0x080016e4                I2C2_ER_IRQHandler
                0x080016e4                DMA1_Channel2_IRQHandler
                0x080016e4                FLASH_IRQHandler
                0x080016e4                I2C1_ER_IRQHandler
                0x080016e4                LPTIM1_IRQHandler
                0x080016e4                EXTI2_IRQHandler
 *fill*         0x080016e6        0x2 
 .text.LL_DBGMCU_EnableDBGSleepMode
                0x080016e8       0x1c ./Drivers/STM32WLxx_HAL_Driver/Src/stm32wlxx_hal.o
 .text.LL_DBGMCU_EnableDBGStopMode
                0x08001704       0x1c ./Drivers/STM32WLxx_HAL_Driver/Src/stm32wlxx_hal.o
 .text.LL_DBGMCU_EnableDBGStandbyMode
                0x08001720       0x1c ./Drivers/STM32WLxx_HAL_Driver/Src/stm32wlxx_hal.o
 .text.HAL_Init
                0x0800173c       0x40 ./Drivers/STM32WLxx_HAL_Driver/Src/stm32wlxx_hal.o
                0x0800173c                HAL_Init
 .text.HAL_SuspendTick
                0x0800177c       0x1c ./Drivers/STM32WLxx_HAL_Driver/Src/stm32wlxx_hal.o
                0x0800177c                HAL_SuspendTick
 .text.HAL_ResumeTick
                0x08001798       0x1c ./Drivers/STM32WLxx_HAL_Driver/Src/stm32wlxx_hal.o
                0x08001798                HAL_ResumeTick
 .text.HAL_DBGMCU_EnableDBGSleepMode
                0x080017b4        0xc ./Drivers/STM32WLxx_HAL_Driver/Src/stm32wlxx_hal.o
                0x080017b4                HAL_DBGMCU_EnableDBGSleepMode
 .text.HAL_DBGMCU_EnableDBGStopMode
                0x080017c0        0xc ./Drivers/STM32WLxx_HAL_Driver/Src/stm32wlxx_hal.o
                0x080017c0                HAL_DBGMCU_EnableDBGStopMode
 .text.HAL_DBGMCU_EnableDBGStandbyMode
                0x080017cc        0xc ./Drivers/STM32WLxx_HAL_Driver/Src/stm32wlxx_hal.o
                0x080017cc                HAL_DBGMCU_EnableDBGStandbyMode
 .text.__NVIC_SetPriorityGrouping
                0x080017d8       0x48 ./Drivers/STM32WLxx_HAL_Driver/Src/stm32wlxx_hal_cortex.o
 .text.__NVIC_GetPriorityGrouping
                0x08001820       0x1c ./Drivers/STM32WLxx_HAL_Driver/Src/stm32wlxx_hal_cortex.o
 .text.__NVIC_EnableIRQ
                0x0800183c       0x38 ./Drivers/STM32WLxx_HAL_Driver/Src/stm32wlxx_hal_cortex.o
 .text.__NVIC_DisableIRQ
                0x08001874       0x48 ./Drivers/STM32WLxx_HAL_Driver/Src/stm32wlxx_hal_cortex.o
 .text.__NVIC_SetPriority
                0x080018bc       0x54 ./Drivers/STM32WLxx_HAL_Driver/Src/stm32wlxx_hal_cortex.o
 .text.NVIC_EncodePriority
                0x08001910       0x64 ./Drivers/STM32WLxx_HAL_Driver/Src/stm32wlxx_hal_cortex.o
 .text.HAL_NVIC_SetPriorityGrouping
                0x08001974       0x16 ./Drivers/STM32WLxx_HAL_Driver/Src/stm32wlxx_hal_cortex.o
                0x08001974                HAL_NVIC_SetPriorityGrouping
 .text.HAL_NVIC_SetPriority
                0x0800198a       0x34 ./Drivers/STM32WLxx_HAL_Driver/Src/stm32wlxx_hal_cortex.o
                0x0800198a                HAL_NVIC_SetPriority
 .text.HAL_NVIC_EnableIRQ
                0x080019be       0x1c ./Drivers/STM32WLxx_HAL_Driver/Src/stm32wlxx_hal_cortex.o
                0x080019be                HAL_NVIC_EnableIRQ
 .text.HAL_NVIC_DisableIRQ
                0x080019da       0x1c ./Drivers/STM32WLxx_HAL_Driver/Src/stm32wlxx_hal_cortex.o
                0x080019da                HAL_NVIC_DisableIRQ
 *fill*         0x080019f6        0x2 
 .text.HAL_DMA_Init
                0x080019f8      0x150 ./Drivers/STM32WLxx_HAL_Driver/Src/stm32wlxx_hal_dma.o
                0x080019f8                HAL_DMA_Init
 .text.HAL_DMA_DeInit
                0x08001b48      0x12c ./Drivers/STM32WLxx_HAL_Driver/Src/stm32wlxx_hal_dma.o
                0x08001b48                HAL_DMA_DeInit
 .text.HAL_DMA_Start_IT
                0x08001c74       0xfc ./Drivers/STM32WLxx_HAL_Driver/Src/stm32wlxx_hal_dma.o
                0x08001c74                HAL_DMA_Start_IT
 .text.HAL_DMA_Abort
                0x08001d70       0xbc ./Drivers/STM32WLxx_HAL_Driver/Src/stm32wlxx_hal_dma.o
                0x08001d70                HAL_DMA_Abort
 .text.HAL_DMA_Abort_IT
                0x08001e2c       0xbe ./Drivers/STM32WLxx_HAL_Driver/Src/stm32wlxx_hal_dma.o
                0x08001e2c                HAL_DMA_Abort_IT
 *fill*         0x08001eea        0x2 
 .text.HAL_DMA_IRQHandler
                0x08001eec      0x18c ./Drivers/STM32WLxx_HAL_Driver/Src/stm32wlxx_hal_dma.o
                0x08001eec                HAL_DMA_IRQHandler
 .text.DMA_SetConfig
                0x08002078       0x7a ./Drivers/STM32WLxx_HAL_Driver/Src/stm32wlxx_hal_dma.o
 *fill*         0x080020f2        0x2 
 .text.DMA_CalcDMAMUXChannelBaseAndMask
                0x080020f4       0x90 ./Drivers/STM32WLxx_HAL_Driver/Src/stm32wlxx_hal_dma.o
 .text.DMA_CalcDMAMUXRequestGenBaseAndMask
                0x08002184       0x48 ./Drivers/STM32WLxx_HAL_Driver/Src/stm32wlxx_hal_dma.o
 .text.HAL_GPIO_Init
                0x080021cc      0x2c0 ./Drivers/STM32WLxx_HAL_Driver/Src/stm32wlxx_hal_gpio.o
                0x080021cc                HAL_GPIO_Init
 .text.HAL_GPIO_DeInit
                0x0800248c      0x19c ./Drivers/STM32WLxx_HAL_Driver/Src/stm32wlxx_hal_gpio.o
                0x0800248c                HAL_GPIO_DeInit
 .text.HAL_GPIO_WritePin
                0x08002628       0x2e ./Drivers/STM32WLxx_HAL_Driver/Src/stm32wlxx_hal_gpio.o
                0x08002628                HAL_GPIO_WritePin
 .text.HAL_GPIO_TogglePin
                0x08002656       0x32 ./Drivers/STM32WLxx_HAL_Driver/Src/stm32wlxx_hal_gpio.o
                0x08002656                HAL_GPIO_TogglePin
 .text.HAL_PWR_EnableBkUpAccess
                0x08002688       0x1c ./Drivers/STM32WLxx_HAL_Driver/Src/stm32wlxx_hal_pwr.o
                0x08002688                HAL_PWR_EnableBkUpAccess
 .text.HAL_PWR_EnterSLEEPMode
                0x080026a4       0x68 ./Drivers/STM32WLxx_HAL_Driver/Src/stm32wlxx_hal_pwr.o
                0x080026a4                HAL_PWR_EnterSLEEPMode
 .text.HAL_PWREx_GetVoltageRange
                0x0800270c       0x18 ./Drivers/STM32WLxx_HAL_Driver/Src/stm32wlxx_hal_pwr_ex.o
                0x0800270c                HAL_PWREx_GetVoltageRange
 .text.HAL_PWREx_EnableLowPowerRunMode
                0x08002724       0x1c ./Drivers/STM32WLxx_HAL_Driver/Src/stm32wlxx_hal_pwr_ex.o
                0x08002724                HAL_PWREx_EnableLowPowerRunMode
 .text.HAL_PWREx_DisableLowPowerRunMode
                0x08002740       0x6c ./Drivers/STM32WLxx_HAL_Driver/Src/stm32wlxx_hal_pwr_ex.o
                0x08002740                HAL_PWREx_DisableLowPowerRunMode
 .text.HAL_PWREx_EnterSTOP2Mode
                0x080027ac       0x54 ./Drivers/STM32WLxx_HAL_Driver/Src/stm32wlxx_hal_pwr_ex.o
                0x080027ac                HAL_PWREx_EnterSTOP2Mode
 .text.LL_PWR_IsEnabledBkUpAccess
                0x08002800       0x24 ./Drivers/STM32WLxx_HAL_Driver/Src/stm32wlxx_hal_rcc.o
 .text.LL_RCC_HSE_EnableTcxo
                0x08002824       0x1c ./Drivers/STM32WLxx_HAL_Driver/Src/stm32wlxx_hal_rcc.o
 .text.LL_RCC_HSE_DisableTcxo
                0x08002840       0x1c ./Drivers/STM32WLxx_HAL_Driver/Src/stm32wlxx_hal_rcc.o
 .text.LL_RCC_HSE_IsEnabledDiv2
                0x0800285c       0x22 ./Drivers/STM32WLxx_HAL_Driver/Src/stm32wlxx_hal_rcc.o
 .text.LL_RCC_HSE_Enable
                0x0800287e       0x1c ./Drivers/STM32WLxx_HAL_Driver/Src/stm32wlxx_hal_rcc.o
 .text.LL_RCC_HSE_Disable
                0x0800289a       0x1c ./Drivers/STM32WLxx_HAL_Driver/Src/stm32wlxx_hal_rcc.o
 .text.LL_RCC_HSE_IsReady
                0x080028b6       0x22 ./Drivers/STM32WLxx_HAL_Driver/Src/stm32wlxx_hal_rcc.o
 .text.LL_RCC_HSI_Enable
                0x080028d8       0x1c ./Drivers/STM32WLxx_HAL_Driver/Src/stm32wlxx_hal_rcc.o
 .text.LL_RCC_HSI_Disable
                0x080028f4       0x1c ./Drivers/STM32WLxx_HAL_Driver/Src/stm32wlxx_hal_rcc.o
 .text.LL_RCC_HSI_IsReady
                0x08002910       0x22 ./Drivers/STM32WLxx_HAL_Driver/Src/stm32wlxx_hal_rcc.o
 .text.LL_RCC_HSI_SetCalibTrimming
                0x08002932       0x28 ./Drivers/STM32WLxx_HAL_Driver/Src/stm32wlxx_hal_rcc.o
 .text.LL_RCC_LSE_IsReady
                0x0800295a       0x22 ./Drivers/STM32WLxx_HAL_Driver/Src/stm32wlxx_hal_rcc.o
 .text.LL_RCC_LSI_Enable
                0x0800297c       0x20 ./Drivers/STM32WLxx_HAL_Driver/Src/stm32wlxx_hal_rcc.o
 .text.LL_RCC_LSI_Disable
                0x0800299c       0x20 ./Drivers/STM32WLxx_HAL_Driver/Src/stm32wlxx_hal_rcc.o
 .text.LL_RCC_LSI_IsReady
                0x080029bc       0x22 ./Drivers/STM32WLxx_HAL_Driver/Src/stm32wlxx_hal_rcc.o
 .text.LL_RCC_MSI_Enable
                0x080029de       0x1c ./Drivers/STM32WLxx_HAL_Driver/Src/stm32wlxx_hal_rcc.o
 .text.LL_RCC_MSI_Disable
                0x080029fa       0x1c ./Drivers/STM32WLxx_HAL_Driver/Src/stm32wlxx_hal_rcc.o
 .text.LL_RCC_MSI_IsReady
                0x08002a16       0x20 ./Drivers/STM32WLxx_HAL_Driver/Src/stm32wlxx_hal_rcc.o
 .text.LL_RCC_MSI_IsEnabledRangeSelect
                0x08002a36       0x20 ./Drivers/STM32WLxx_HAL_Driver/Src/stm32wlxx_hal_rcc.o
 .text.LL_RCC_MSI_GetRange
                0x08002a56       0x16 ./Drivers/STM32WLxx_HAL_Driver/Src/stm32wlxx_hal_rcc.o
 .text.LL_RCC_MSI_GetRangeAfterStandby
                0x08002a6c       0x18 ./Drivers/STM32WLxx_HAL_Driver/Src/stm32wlxx_hal_rcc.o
 .text.LL_RCC_MSI_SetCalibTrimming
                0x08002a84       0x28 ./Drivers/STM32WLxx_HAL_Driver/Src/stm32wlxx_hal_rcc.o
 .text.LL_RCC_SetSysClkSource
                0x08002aac       0x26 ./Drivers/STM32WLxx_HAL_Driver/Src/stm32wlxx_hal_rcc.o
 .text.LL_RCC_GetSysClkSource
                0x08002ad2       0x16 ./Drivers/STM32WLxx_HAL_Driver/Src/stm32wlxx_hal_rcc.o
 .text.LL_RCC_SetAHBPrescaler
                0x08002ae8       0x26 ./Drivers/STM32WLxx_HAL_Driver/Src/stm32wlxx_hal_rcc.o
 .text.LL_RCC_SetAHB3Prescaler
                0x08002b0e       0x2c ./Drivers/STM32WLxx_HAL_Driver/Src/stm32wlxx_hal_rcc.o
 .text.LL_RCC_SetAPB1Prescaler
                0x08002b3a       0x26 ./Drivers/STM32WLxx_HAL_Driver/Src/stm32wlxx_hal_rcc.o
 .text.LL_RCC_SetAPB2Prescaler
                0x08002b60       0x26 ./Drivers/STM32WLxx_HAL_Driver/Src/stm32wlxx_hal_rcc.o
 .text.LL_RCC_GetAHBPrescaler
                0x08002b86       0x16 ./Drivers/STM32WLxx_HAL_Driver/Src/stm32wlxx_hal_rcc.o
 .text.LL_RCC_GetAHB3Prescaler
                0x08002b9c       0x1a ./Drivers/STM32WLxx_HAL_Driver/Src/stm32wlxx_hal_rcc.o
 .text.LL_RCC_GetAPB1Prescaler
                0x08002bb6       0x16 ./Drivers/STM32WLxx_HAL_Driver/Src/stm32wlxx_hal_rcc.o
 .text.LL_RCC_GetAPB2Prescaler
                0x08002bcc       0x16 ./Drivers/STM32WLxx_HAL_Driver/Src/stm32wlxx_hal_rcc.o
 .text.LL_RCC_PLL_Enable
                0x08002be2       0x1c ./Drivers/STM32WLxx_HAL_Driver/Src/stm32wlxx_hal_rcc.o
 .text.LL_RCC_PLL_Disable
                0x08002bfe       0x1c ./Drivers/STM32WLxx_HAL_Driver/Src/stm32wlxx_hal_rcc.o
 .text.LL_RCC_PLL_IsReady
                0x08002c1a       0x22 ./Drivers/STM32WLxx_HAL_Driver/Src/stm32wlxx_hal_rcc.o
 .text.LL_RCC_PLL_GetN
                0x08002c3c       0x18 ./Drivers/STM32WLxx_HAL_Driver/Src/stm32wlxx_hal_rcc.o
 .text.LL_RCC_PLL_GetR
                0x08002c54       0x16 ./Drivers/STM32WLxx_HAL_Driver/Src/stm32wlxx_hal_rcc.o
 .text.LL_RCC_PLL_GetDivider
                0x08002c6a       0x16 ./Drivers/STM32WLxx_HAL_Driver/Src/stm32wlxx_hal_rcc.o
 .text.LL_RCC_PLL_GetMainSource
                0x08002c80       0x16 ./Drivers/STM32WLxx_HAL_Driver/Src/stm32wlxx_hal_rcc.o
 .text.LL_RCC_IsActiveFlag_HPRE
                0x08002c96       0x22 ./Drivers/STM32WLxx_HAL_Driver/Src/stm32wlxx_hal_rcc.o
 .text.LL_RCC_IsActiveFlag_SHDHPRE
                0x08002cb8       0x24 ./Drivers/STM32WLxx_HAL_Driver/Src/stm32wlxx_hal_rcc.o
 .text.LL_RCC_IsActiveFlag_PPRE1
                0x08002cdc       0x22 ./Drivers/STM32WLxx_HAL_Driver/Src/stm32wlxx_hal_rcc.o
 .text.LL_RCC_IsActiveFlag_PPRE2
                0x08002cfe       0x22 ./Drivers/STM32WLxx_HAL_Driver/Src/stm32wlxx_hal_rcc.o
 .text.HAL_RCC_OscConfig
                0x08002d20      0x704 ./Drivers/STM32WLxx_HAL_Driver/Src/stm32wlxx_hal_rcc.o
                0x08002d20                HAL_RCC_OscConfig
 .text.HAL_RCC_ClockConfig
                0x08003424      0x248 ./Drivers/STM32WLxx_HAL_Driver/Src/stm32wlxx_hal_rcc.o
                0x08003424                HAL_RCC_ClockConfig
 .text.HAL_RCC_GetSysClockFreq
                0x0800366c      0x140 ./Drivers/STM32WLxx_HAL_Driver/Src/stm32wlxx_hal_rcc.o
                0x0800366c                HAL_RCC_GetSysClockFreq
 .text.HAL_RCC_GetHCLKFreq
                0x080037ac       0x28 ./Drivers/STM32WLxx_HAL_Driver/Src/stm32wlxx_hal_rcc.o
                0x080037ac                HAL_RCC_GetHCLKFreq
 .text.HAL_RCC_GetPCLK1Freq
                0x080037d4       0x24 ./Drivers/STM32WLxx_HAL_Driver/Src/stm32wlxx_hal_rcc.o
                0x080037d4                HAL_RCC_GetPCLK1Freq
 .text.HAL_RCC_GetPCLK2Freq
                0x080037f8       0x24 ./Drivers/STM32WLxx_HAL_Driver/Src/stm32wlxx_hal_rcc.o
                0x080037f8                HAL_RCC_GetPCLK2Freq
 .text.RCC_SetFlashLatencyFromMSIRange
                0x0800381c       0x60 ./Drivers/STM32WLxx_HAL_Driver/Src/stm32wlxx_hal_rcc.o
 .text.RCC_SetFlashLatency
                0x0800387c      0x104 ./Drivers/STM32WLxx_HAL_Driver/Src/stm32wlxx_hal_rcc.o
 .text.LL_RCC_LSE_IsReady
                0x08003980       0x22 ./Drivers/STM32WLxx_HAL_Driver/Src/stm32wlxx_hal_rcc_ex.o
 .text.LL_RCC_SetUSARTClockSource
                0x080039a2       0x30 ./Drivers/STM32WLxx_HAL_Driver/Src/stm32wlxx_hal_rcc_ex.o
 .text.LL_RCC_SetI2SClockSource
                0x080039d2       0x2a ./Drivers/STM32WLxx_HAL_Driver/Src/stm32wlxx_hal_rcc_ex.o
 .text.LL_RCC_SetLPUARTClockSource
                0x080039fc       0x2a ./Drivers/STM32WLxx_HAL_Driver/Src/stm32wlxx_hal_rcc_ex.o
 .text.LL_RCC_SetI2CClockSource
                0x08003a26       0x38 ./Drivers/STM32WLxx_HAL_Driver/Src/stm32wlxx_hal_rcc_ex.o
 .text.LL_RCC_SetLPTIMClockSource
                0x08003a5e       0x32 ./Drivers/STM32WLxx_HAL_Driver/Src/stm32wlxx_hal_rcc_ex.o
 .text.LL_RCC_SetRNGClockSource
                0x08003a90       0x2a ./Drivers/STM32WLxx_HAL_Driver/Src/stm32wlxx_hal_rcc_ex.o
 .text.LL_RCC_SetADCClockSource
                0x08003aba       0x2a ./Drivers/STM32WLxx_HAL_Driver/Src/stm32wlxx_hal_rcc_ex.o
 .text.LL_RCC_SetRTCClockSource
                0x08003ae4       0x2a ./Drivers/STM32WLxx_HAL_Driver/Src/stm32wlxx_hal_rcc_ex.o
 .text.LL_RCC_GetRTCClockSource
                0x08003b0e       0x18 ./Drivers/STM32WLxx_HAL_Driver/Src/stm32wlxx_hal_rcc_ex.o
 .text.LL_RCC_ForceBackupDomainReset
                0x08003b26       0x20 ./Drivers/STM32WLxx_HAL_Driver/Src/stm32wlxx_hal_rcc_ex.o
 .text.LL_RCC_ReleaseBackupDomainReset
                0x08003b46       0x20 ./Drivers/STM32WLxx_HAL_Driver/Src/stm32wlxx_hal_rcc_ex.o
 *fill*         0x08003b66        0x2 
 .text.HAL_RCCEx_PeriphCLKConfig
                0x08003b68      0x234 ./Drivers/STM32WLxx_HAL_Driver/Src/stm32wlxx_hal_rcc_ex.o
                0x08003b68                HAL_RCCEx_PeriphCLKConfig
 .text.HAL_RTC_Init
                0x08003d9c      0x104 ./Drivers/STM32WLxx_HAL_Driver/Src/stm32wlxx_hal_rtc.o
                0x08003d9c                HAL_RTC_Init
 .text.HAL_RTC_SetAlarm_IT
                0x08003ea0      0x218 ./Drivers/STM32WLxx_HAL_Driver/Src/stm32wlxx_hal_rtc.o
                0x08003ea0                HAL_RTC_SetAlarm_IT
 .text.HAL_RTC_DeactivateAlarm
                0x080040b8       0xb8 ./Drivers/STM32WLxx_HAL_Driver/Src/stm32wlxx_hal_rtc.o
                0x080040b8                HAL_RTC_DeactivateAlarm
 .text.HAL_RTC_AlarmIRQHandler
                0x08004170       0x54 ./Drivers/STM32WLxx_HAL_Driver/Src/stm32wlxx_hal_rtc.o
                0x08004170                HAL_RTC_AlarmIRQHandler
 .text.HAL_RTC_WaitForSynchro
                0x080041c4       0x4c ./Drivers/STM32WLxx_HAL_Driver/Src/stm32wlxx_hal_rtc.o
                0x080041c4                HAL_RTC_WaitForSynchro
 .text.RTC_EnterInitMode
                0x08004210       0x68 ./Drivers/STM32WLxx_HAL_Driver/Src/stm32wlxx_hal_rtc.o
                0x08004210                RTC_EnterInitMode
 .text.RTC_ExitInitMode
                0x08004278       0x7c ./Drivers/STM32WLxx_HAL_Driver/Src/stm32wlxx_hal_rtc.o
                0x08004278                RTC_ExitInitMode
 .text.RTC_ByteToBcd2
                0x080042f4       0x3e ./Drivers/STM32WLxx_HAL_Driver/Src/stm32wlxx_hal_rtc.o
                0x080042f4                RTC_ByteToBcd2
 *fill*         0x08004332        0x2 
 .text.HAL_RTCEx_EnableBypassShadow
                0x08004334       0x64 ./Drivers/STM32WLxx_HAL_Driver/Src/stm32wlxx_hal_rtc_ex.o
                0x08004334                HAL_RTCEx_EnableBypassShadow
 .text.HAL_RTCEx_SetSSRU_IT
                0x08004398       0x78 ./Drivers/STM32WLxx_HAL_Driver/Src/stm32wlxx_hal_rtc_ex.o
                0x08004398                HAL_RTCEx_SetSSRU_IT
 .text.HAL_RTCEx_SSRUIRQHandler
                0x08004410       0x34 ./Drivers/STM32WLxx_HAL_Driver/Src/stm32wlxx_hal_rtc_ex.o
                0x08004410                HAL_RTCEx_SSRUIRQHandler
 .text.HAL_RTCEx_AlarmBEventCallback
                0x08004444       0x12 ./Drivers/STM32WLxx_HAL_Driver/Src/stm32wlxx_hal_rtc_ex.o
                0x08004444                HAL_RTCEx_AlarmBEventCallback
 *fill*         0x08004456        0x2 
 .text.HAL_RTCEx_BKUPWrite
                0x08004458       0x30 ./Drivers/STM32WLxx_HAL_Driver/Src/stm32wlxx_hal_rtc_ex.o
                0x08004458                HAL_RTCEx_BKUPWrite
 .text.HAL_RTCEx_BKUPRead
                0x08004488       0x2c ./Drivers/STM32WLxx_HAL_Driver/Src/stm32wlxx_hal_rtc_ex.o
                0x08004488                HAL_RTCEx_BKUPRead
 .text.LL_PWR_SetRadioBusyTrigger
                0x080044b4       0x28 ./Drivers/STM32WLxx_HAL_Driver/Src/stm32wlxx_hal_subghz.o
 .text.LL_PWR_UnselectSUBGHZSPI_NSS
                0x080044dc       0x20 ./Drivers/STM32WLxx_HAL_Driver/Src/stm32wlxx_hal_subghz.o
 .text.LL_PWR_SelectSUBGHZSPI_NSS
                0x080044fc       0x20 ./Drivers/STM32WLxx_HAL_Driver/Src/stm32wlxx_hal_subghz.o
 .text.LL_PWR_ClearFlag_RFBUSY
                0x0800451c       0x18 ./Drivers/STM32WLxx_HAL_Driver/Src/stm32wlxx_hal_subghz.o
 .text.LL_PWR_IsActiveFlag_RFBUSYS
                0x08004534       0x24 ./Drivers/STM32WLxx_HAL_Driver/Src/stm32wlxx_hal_subghz.o
 .text.LL_PWR_IsActiveFlag_RFBUSYMS
                0x08004558       0x24 ./Drivers/STM32WLxx_HAL_Driver/Src/stm32wlxx_hal_subghz.o
 .text.LL_RCC_RF_DisableReset
                0x0800457c       0x20 ./Drivers/STM32WLxx_HAL_Driver/Src/stm32wlxx_hal_subghz.o
 .text.LL_RCC_IsRFUnderReset
                0x0800459c       0x24 ./Drivers/STM32WLxx_HAL_Driver/Src/stm32wlxx_hal_subghz.o
 .text.LL_EXTI_EnableIT_32_63
                0x080045c0       0x28 ./Drivers/STM32WLxx_HAL_Driver/Src/stm32wlxx_hal_subghz.o
 .text.HAL_SUBGHZ_Init
                0x080045e8       0xc8 ./Drivers/STM32WLxx_HAL_Driver/Src/stm32wlxx_hal_subghz.o
                0x080045e8                HAL_SUBGHZ_Init
 .text.HAL_SUBGHZ_WriteRegisters
                0x080046b0       0xbe ./Drivers/STM32WLxx_HAL_Driver/Src/stm32wlxx_hal_subghz.o
                0x080046b0                HAL_SUBGHZ_WriteRegisters
 .text.HAL_SUBGHZ_ReadRegisters
                0x0800476e       0xc2 ./Drivers/STM32WLxx_HAL_Driver/Src/stm32wlxx_hal_subghz.o
                0x0800476e                HAL_SUBGHZ_ReadRegisters
 .text.HAL_SUBGHZ_ExecSetCmd
                0x08004830       0xbe ./Drivers/STM32WLxx_HAL_Driver/Src/stm32wlxx_hal_subghz.o
                0x08004830                HAL_SUBGHZ_ExecSetCmd
 .text.HAL_SUBGHZ_ExecGetCmd
                0x080048ee       0xa8 ./Drivers/STM32WLxx_HAL_Driver/Src/stm32wlxx_hal_subghz.o
                0x080048ee                HAL_SUBGHZ_ExecGetCmd
 .text.HAL_SUBGHZ_WriteBuffer
                0x08004996       0xa6 ./Drivers/STM32WLxx_HAL_Driver/Src/stm32wlxx_hal_subghz.o
                0x08004996                HAL_SUBGHZ_WriteBuffer
 .text.HAL_SUBGHZ_ReadBuffer
                0x08004a3c       0xb0 ./Drivers/STM32WLxx_HAL_Driver/Src/stm32wlxx_hal_subghz.o
                0x08004a3c                HAL_SUBGHZ_ReadBuffer
 .text.HAL_SUBGHZ_IRQHandler
                0x08004aec       0xfa ./Drivers/STM32WLxx_HAL_Driver/Src/stm32wlxx_hal_subghz.o
                0x08004aec                HAL_SUBGHZ_IRQHandler
 *fill*         0x08004be6        0x2 
 .text.SUBGHZSPI_Init
                0x08004be8       0x40 ./Drivers/STM32WLxx_HAL_Driver/Src/stm32wlxx_hal_subghz.o
                0x08004be8                SUBGHZSPI_Init
 .text.SUBGHZSPI_Transmit
                0x08004c28       0xac ./Drivers/STM32WLxx_HAL_Driver/Src/stm32wlxx_hal_subghz.o
                0x08004c28                SUBGHZSPI_Transmit
 .text.SUBGHZSPI_Receive
                0x08004cd4       0xb0 ./Drivers/STM32WLxx_HAL_Driver/Src/stm32wlxx_hal_subghz.o
                0x08004cd4                SUBGHZSPI_Receive
 .text.SUBGHZ_CheckDeviceReady
                0x08004d84       0x48 ./Drivers/STM32WLxx_HAL_Driver/Src/stm32wlxx_hal_subghz.o
                0x08004d84                SUBGHZ_CheckDeviceReady
 .text.SUBGHZ_WaitOnBusy
                0x08004dcc       0x5c ./Drivers/STM32WLxx_HAL_Driver/Src/stm32wlxx_hal_subghz.o
                0x08004dcc                SUBGHZ_WaitOnBusy
 .text.HAL_TIM_Base_Init
                0x08004e28       0xae ./Drivers/STM32WLxx_HAL_Driver/Src/stm32wlxx_hal_tim.o
                0x08004e28                HAL_TIM_Base_Init
 .text.HAL_TIM_OC_Init
                0x08004ed6       0xae ./Drivers/STM32WLxx_HAL_Driver/Src/stm32wlxx_hal_tim.o
                0x08004ed6                HAL_TIM_OC_Init
 .text.HAL_TIM_OC_MspInit
                0x08004f84       0x12 ./Drivers/STM32WLxx_HAL_Driver/Src/stm32wlxx_hal_tim.o
                0x08004f84                HAL_TIM_OC_MspInit
 *fill*         0x08004f96        0x2 
 .text.HAL_TIM_OC_ConfigChannel
                0x08004f98       0xf4 ./Drivers/STM32WLxx_HAL_Driver/Src/stm32wlxx_hal_tim.o
                0x08004f98                HAL_TIM_OC_ConfigChannel
 .text.TIM_Base_SetConfig
                0x0800508c       0xc4 ./Drivers/STM32WLxx_HAL_Driver/Src/stm32wlxx_hal_tim.o
                0x0800508c                TIM_Base_SetConfig
 .text.TIM_OC1_SetConfig
                0x08005150       0xf8 ./Drivers/STM32WLxx_HAL_Driver/Src/stm32wlxx_hal_tim.o
 .text.TIM_OC2_SetConfig
                0x08005248       0xf0 ./Drivers/STM32WLxx_HAL_Driver/Src/stm32wlxx_hal_tim.o
                0x08005248                TIM_OC2_SetConfig
 .text.TIM_OC3_SetConfig
                0x08005338       0xf0 ./Drivers/STM32WLxx_HAL_Driver/Src/stm32wlxx_hal_tim.o
 .text.TIM_OC4_SetConfig
                0x08005428       0xb8 ./Drivers/STM32WLxx_HAL_Driver/Src/stm32wlxx_hal_tim.o
 .text.TIM_OC5_SetConfig
                0x080054e0       0xb0 ./Drivers/STM32WLxx_HAL_Driver/Src/stm32wlxx_hal_tim.o
 .text.TIM_OC6_SetConfig
                0x08005590       0xb0 ./Drivers/STM32WLxx_HAL_Driver/Src/stm32wlxx_hal_tim.o
 .text.HAL_TIMEx_ConfigBreakDeadTime
                0x08005640      0x11c ./Drivers/STM32WLxx_HAL_Driver/Src/stm32wlxx_hal_tim_ex.o
                0x08005640                HAL_TIMEx_ConfigBreakDeadTime
 .text.LL_RCC_GetUSARTClockSource
                0x0800575c       0x24 ./Drivers/STM32WLxx_HAL_Driver/Src/stm32wlxx_hal_uart.o
 .text.LL_RCC_GetLPUARTClockSource
                0x08005780       0x1e ./Drivers/STM32WLxx_HAL_Driver/Src/stm32wlxx_hal_uart.o
 .text.HAL_UART_Init
                0x0800579e       0xa0 ./Drivers/STM32WLxx_HAL_Driver/Src/stm32wlxx_hal_uart.o
                0x0800579e                HAL_UART_Init
 *fill*         0x0800583e        0x2 
 .text.HAL_UART_Receive_IT
                0x08005840       0x98 ./Drivers/STM32WLxx_HAL_Driver/Src/stm32wlxx_hal_uart.o
                0x08005840                HAL_UART_Receive_IT
 .text.HAL_UART_Transmit_DMA
                0x080058d8      0x100 ./Drivers/STM32WLxx_HAL_Driver/Src/stm32wlxx_hal_uart.o
                0x080058d8                HAL_UART_Transmit_DMA
 .text.HAL_UART_IRQHandler
                0x080059d8      0x648 ./Drivers/STM32WLxx_HAL_Driver/Src/stm32wlxx_hal_uart.o
                0x080059d8                HAL_UART_IRQHandler
 .text.HAL_UART_TxHalfCpltCallback
                0x08006020       0x12 ./Drivers/STM32WLxx_HAL_Driver/Src/stm32wlxx_hal_uart.o
                0x08006020                HAL_UART_TxHalfCpltCallback
 .text.HAL_UART_ErrorCallback
                0x08006032       0x12 ./Drivers/STM32WLxx_HAL_Driver/Src/stm32wlxx_hal_uart.o
                0x08006032                HAL_UART_ErrorCallback
 .text.HAL_UARTEx_RxEventCallback
                0x08006044       0x16 ./Drivers/STM32WLxx_HAL_Driver/Src/stm32wlxx_hal_uart.o
                0x08006044                HAL_UARTEx_RxEventCallback
 *fill*         0x0800605a        0x2 
 .text.UART_SetConfig
                0x0800605c      0x4e8 ./Drivers/STM32WLxx_HAL_Driver/Src/stm32wlxx_hal_uart.o
                0x0800605c                UART_SetConfig
 .text.UART_AdvFeatureConfig
                0x08006544      0x142 ./Drivers/STM32WLxx_HAL_Driver/Src/stm32wlxx_hal_uart.o
                0x08006544                UART_AdvFeatureConfig
 .text.UART_CheckIdleState
                0x08006686       0x9c ./Drivers/STM32WLxx_HAL_Driver/Src/stm32wlxx_hal_uart.o
                0x08006686                UART_CheckIdleState
 .text.UART_WaitOnFlagUntilTimeout
                0x08006722      0x190 ./Drivers/STM32WLxx_HAL_Driver/Src/stm32wlxx_hal_uart.o
                0x08006722                UART_WaitOnFlagUntilTimeout
 *fill*         0x080068b2        0x2 
 .text.UART_Start_Receive_IT
                0x080068b4      0x240 ./Drivers/STM32WLxx_HAL_Driver/Src/stm32wlxx_hal_uart.o
                0x080068b4                UART_Start_Receive_IT
 .text.UART_EndTxTransfer
                0x08006af4       0x80 ./Drivers/STM32WLxx_HAL_Driver/Src/stm32wlxx_hal_uart.o
 .text.UART_EndRxTransfer
                0x08006b74       0xca ./Drivers/STM32WLxx_HAL_Driver/Src/stm32wlxx_hal_uart.o
 .text.UART_DMATransmitCplt
                0x08006c3e       0x9a ./Drivers/STM32WLxx_HAL_Driver/Src/stm32wlxx_hal_uart.o
 .text.UART_DMATxHalfCplt
                0x08006cd8       0x1c ./Drivers/STM32WLxx_HAL_Driver/Src/stm32wlxx_hal_uart.o
 .text.UART_DMAError
                0x08006cf4       0x80 ./Drivers/STM32WLxx_HAL_Driver/Src/stm32wlxx_hal_uart.o
 .text.UART_DMAAbortOnError
                0x08006d74       0x2c ./Drivers/STM32WLxx_HAL_Driver/Src/stm32wlxx_hal_uart.o
 .text.UART_EndTransmit_IT
                0x08006da0       0x56 ./Drivers/STM32WLxx_HAL_Driver/Src/stm32wlxx_hal_uart.o
 *fill*         0x08006df6        0x2 
 .text.UART_RxISR_8BIT
                0x08006df8      0x1b8 ./Drivers/STM32WLxx_HAL_Driver/Src/stm32wlxx_hal_uart.o
 .text.UART_RxISR_16BIT
                0x08006fb0      0x1b8 ./Drivers/STM32WLxx_HAL_Driver/Src/stm32wlxx_hal_uart.o
 .text.UART_RxISR_8BIT_FIFOEN
                0x08007168      0x360 ./Drivers/STM32WLxx_HAL_Driver/Src/stm32wlxx_hal_uart.o
 .text.UART_RxISR_16BIT_FIFOEN
                0x080074c8      0x368 ./Drivers/STM32WLxx_HAL_Driver/Src/stm32wlxx_hal_uart.o
 .text.HAL_UARTEx_WakeupCallback
                0x08007830       0x12 ./Drivers/STM32WLxx_HAL_Driver/Src/stm32wlxx_hal_uart_ex.o
                0x08007830                HAL_UARTEx_WakeupCallback
 .text.HAL_UARTEx_RxFifoFullCallback
                0x08007842       0x12 ./Drivers/STM32WLxx_HAL_Driver/Src/stm32wlxx_hal_uart_ex.o
                0x08007842                HAL_UARTEx_RxFifoFullCallback
 .text.HAL_UARTEx_TxFifoEmptyCallback
                0x08007854       0x12 ./Drivers/STM32WLxx_HAL_Driver/Src/stm32wlxx_hal_uart_ex.o
                0x08007854                HAL_UARTEx_TxFifoEmptyCallback
 .text.HAL_UARTEx_StopModeWakeUpSourceConfig
                0x08007866       0xb6 ./Drivers/STM32WLxx_HAL_Driver/Src/stm32wlxx_hal_uart_ex.o
                0x08007866                HAL_UARTEx_StopModeWakeUpSourceConfig
 .text.HAL_UARTEx_EnableStopMode
                0x0800791c       0x64 ./Drivers/STM32WLxx_HAL_Driver/Src/stm32wlxx_hal_uart_ex.o
                0x0800791c                HAL_UARTEx_EnableStopMode
 .text.HAL_UARTEx_EnableFifoMode
                0x08007980       0x76 ./Drivers/STM32WLxx_HAL_Driver/Src/stm32wlxx_hal_uart_ex.o
                0x08007980                HAL_UARTEx_EnableFifoMode
 .text.HAL_UARTEx_SetTxFifoThreshold
                0x080079f6       0x7c ./Drivers/STM32WLxx_HAL_Driver/Src/stm32wlxx_hal_uart_ex.o
                0x080079f6                HAL_UARTEx_SetTxFifoThreshold
 .text.HAL_UARTEx_SetRxFifoThreshold
                0x08007a72       0x7c ./Drivers/STM32WLxx_HAL_Driver/Src/stm32wlxx_hal_uart_ex.o
                0x08007a72                HAL_UARTEx_SetRxFifoThreshold
 .text.UARTEx_Wakeup_AddressConfig
                0x08007aee       0x44 ./Drivers/STM32WLxx_HAL_Driver/Src/stm32wlxx_hal_uart_ex.o
 *fill*         0x08007b32        0x2 
 .text.UARTEx_SetNbDataToProcess
                0x08007b34       0x98 ./Drivers/STM32WLxx_HAL_Driver/Src/stm32wlxx_hal_uart_ex.o
 .text.RadioInit
                0x08007bcc       0xb8 ./Middlewares/Third_Party/SubGHz_Phy/stm32_radio_driver/radio.o
 .text.RadioGetStatus
                0x08007c84       0x2e ./Middlewares/Third_Party/SubGHz_Phy/stm32_radio_driver/radio.o
 *fill*         0x08007cb2        0x2 
 .text.RadioSetModem
                0x08007cb4       0xb8 ./Middlewares/Third_Party/SubGHz_Phy/stm32_radio_driver/radio.o
 .text.RadioSetChannel
                0x08007d6c       0x16 ./Middlewares/Third_Party/SubGHz_Phy/stm32_radio_driver/radio.o
 .text.RadioIsChannelFree
                0x08007d82       0xb4 ./Middlewares/Third_Party/SubGHz_Phy/stm32_radio_driver/radio.o
 .text.RadioRandom
                0x08007e36       0x26 ./Middlewares/Third_Party/SubGHz_Phy/stm32_radio_driver/radio.o
 .text.RadioSetRxConfig
                0x08007e5c      0x418 ./Middlewares/Third_Party/SubGHz_Phy/stm32_radio_driver/radio.o
 .text.RadioSetTxConfig
                0x08008274      0x224 ./Middlewares/Third_Party/SubGHz_Phy/stm32_radio_driver/radio.o
 .text.RadioCheckRfFrequency
                0x08008498       0x14 ./Middlewares/Third_Party/SubGHz_Phy/stm32_radio_driver/radio.o
 .text.RadioGetLoRaBandwidthInHz
                0x080084ac       0xac ./Middlewares/Third_Party/SubGHz_Phy/stm32_radio_driver/radio.o
 .text.RadioGetGfskTimeOnAirNumerator
                0x08008558       0x54 ./Middlewares/Third_Party/SubGHz_Phy/stm32_radio_driver/radio.o
 .text.RadioGetLoRaTimeOnAirNumerator
                0x080085ac      0x102 ./Middlewares/Third_Party/SubGHz_Phy/stm32_radio_driver/radio.o
 *fill*         0x080086ae        0x2 
 .text.RadioTimeOnAir
                0x080086b0       0xb0 ./Middlewares/Third_Party/SubGHz_Phy/stm32_radio_driver/radio.o
 .text.RadioSend
                0x08008760      0x200 ./Middlewares/Third_Party/SubGHz_Phy/stm32_radio_driver/radio.o
 .text.RadioSleep
                0x08008960       0x26 ./Middlewares/Third_Party/SubGHz_Phy/stm32_radio_driver/radio.o
 .text.RadioStandby
                0x08008986        0xe ./Middlewares/Third_Party/SubGHz_Phy/stm32_radio_driver/radio.o
 .text.RadioRx  0x08008994       0x80 ./Middlewares/Third_Party/SubGHz_Phy/stm32_radio_driver/radio.o
 .text.RadioRxBoosted
                0x08008a14       0x80 ./Middlewares/Third_Party/SubGHz_Phy/stm32_radio_driver/radio.o
 .text.RadioSetRxDutyCycle
                0x08008a94       0x48 ./Middlewares/Third_Party/SubGHz_Phy/stm32_radio_driver/radio.o
 .text.RadioStartCad
                0x08008adc       0x30 ./Middlewares/Third_Party/SubGHz_Phy/stm32_radio_driver/radio.o
 .text.RadioSetTxContinuousWave
                0x08008b0c       0x64 ./Middlewares/Third_Party/SubGHz_Phy/stm32_radio_driver/radio.o
 .text.RadioRssi
                0x08008b70       0x18 ./Middlewares/Third_Party/SubGHz_Phy/stm32_radio_driver/radio.o
 .text.RadioWrite
                0x08008b88       0x24 ./Middlewares/Third_Party/SubGHz_Phy/stm32_radio_driver/radio.o
 .text.RadioRead
                0x08008bac       0x1c ./Middlewares/Third_Party/SubGHz_Phy/stm32_radio_driver/radio.o
 .text.RadioWriteRegisters
                0x08008bc8       0x26 ./Middlewares/Third_Party/SubGHz_Phy/stm32_radio_driver/radio.o
 .text.RadioReadRegisters
                0x08008bee       0x26 ./Middlewares/Third_Party/SubGHz_Phy/stm32_radio_driver/radio.o
 .text.RadioSetMaxPayloadLength
                0x08008c14       0x5c ./Middlewares/Third_Party/SubGHz_Phy/stm32_radio_driver/radio.o
 .text.RadioSetPublicNetwork
                0x08008c70       0x5c ./Middlewares/Third_Party/SubGHz_Phy/stm32_radio_driver/radio.o
 .text.RadioGetWakeupTime
                0x08008ccc       0x10 ./Middlewares/Third_Party/SubGHz_Phy/stm32_radio_driver/radio.o
 .text.RadioOnTxTimeoutIrq
                0x08008cdc       0x14 ./Middlewares/Third_Party/SubGHz_Phy/stm32_radio_driver/radio.o
 .text.RadioOnRxTimeoutIrq
                0x08008cf0       0x14 ./Middlewares/Third_Party/SubGHz_Phy/stm32_radio_driver/radio.o
 .text.RadioOnTxTimeoutProcess
                0x08008d04       0x28 ./Middlewares/Third_Party/SubGHz_Phy/stm32_radio_driver/radio.o
 .text.RadioOnRxTimeoutProcess
                0x08008d2c       0x28 ./Middlewares/Third_Party/SubGHz_Phy/stm32_radio_driver/radio.o
 .text.RadioOnDioIrq
                0x08008d54       0x24 ./Middlewares/Third_Party/SubGHz_Phy/stm32_radio_driver/radio.o
 .text.RadioIrqProcess
                0x08008d78      0x44c ./Middlewares/Third_Party/SubGHz_Phy/stm32_radio_driver/radio.o
 .text.RadioTxPrbs
                0x080091c4       0x38 ./Middlewares/Third_Party/SubGHz_Phy/stm32_radio_driver/radio.o
 .text.RadioTxCw
                0x080091fc       0x38 ./Middlewares/Third_Party/SubGHz_Phy/stm32_radio_driver/radio.o
 .text.payload_integration
                0x08009234      0x120 ./Middlewares/Third_Party/SubGHz_Phy/stm32_radio_driver/radio.o
 .text.RadioSetRxGenericConfig
                0x08009354      0x388 ./Middlewares/Third_Party/SubGHz_Phy/stm32_radio_driver/radio.o
 .text.RadioSetTxGenericConfig
                0x080096dc      0x46c ./Middlewares/Third_Party/SubGHz_Phy/stm32_radio_driver/radio.o
 .text.RadioLrFhssSetCfg
                0x08009b48       0x18 ./Middlewares/Third_Party/SubGHz_Phy/stm32_radio_driver/radio.o
 .text.RadioLrFhssGetTimeOnAirInMs
                0x08009b60       0x16 ./Middlewares/Third_Party/SubGHz_Phy/stm32_radio_driver/radio.o
 *fill*         0x08009b76        0x2 
 .text.SUBGRF_Init
                0x08009b78       0x90 ./Middlewares/Third_Party/SubGHz_Phy/stm32_radio_driver/radio_driver.o
                0x08009b78                SUBGRF_Init
 .text.SUBGRF_GetOperatingMode
                0x08009c08       0x14 ./Middlewares/Third_Party/SubGHz_Phy/stm32_radio_driver/radio_driver.o
                0x08009c08                SUBGRF_GetOperatingMode
 .text.SUBGRF_SetPayload
                0x08009c1c       0x20 ./Middlewares/Third_Party/SubGHz_Phy/stm32_radio_driver/radio_driver.o
                0x08009c1c                SUBGRF_SetPayload
 .text.SUBGRF_GetPayload
                0x08009c3c       0x44 ./Middlewares/Third_Party/SubGHz_Phy/stm32_radio_driver/radio_driver.o
                0x08009c3c                SUBGRF_GetPayload
 .text.SUBGRF_SendPayload
                0x08009c80       0x26 ./Middlewares/Third_Party/SubGHz_Phy/stm32_radio_driver/radio_driver.o
                0x08009c80                SUBGRF_SendPayload
 .text.SUBGRF_SetSyncWord
                0x08009ca6       0x1e ./Middlewares/Third_Party/SubGHz_Phy/stm32_radio_driver/radio_driver.o
                0x08009ca6                SUBGRF_SetSyncWord
 .text.SUBGRF_SetCrcSeed
                0x08009cc4       0x40 ./Middlewares/Third_Party/SubGHz_Phy/stm32_radio_driver/radio_driver.o
                0x08009cc4                SUBGRF_SetCrcSeed
 .text.SUBGRF_SetCrcPolynomial
                0x08009d04       0x40 ./Middlewares/Third_Party/SubGHz_Phy/stm32_radio_driver/radio_driver.o
                0x08009d04                SUBGRF_SetCrcPolynomial
 .text.SUBGRF_SetWhiteningSeed
                0x08009d44       0x66 ./Middlewares/Third_Party/SubGHz_Phy/stm32_radio_driver/radio_driver.o
                0x08009d44                SUBGRF_SetWhiteningSeed
 .text.SUBGRF_GetRandom
                0x08009daa       0x8c ./Middlewares/Third_Party/SubGHz_Phy/stm32_radio_driver/radio_driver.o
                0x08009daa                SUBGRF_GetRandom
 *fill*         0x08009e36        0x2 
 .text.SUBGRF_SetSleep
                0x08009e38       0x64 ./Middlewares/Third_Party/SubGHz_Phy/stm32_radio_driver/radio_driver.o
                0x08009e38                SUBGRF_SetSleep
 .text.SUBGRF_SetStandby
                0x08009e9c       0x38 ./Middlewares/Third_Party/SubGHz_Phy/stm32_radio_driver/radio_driver.o
                0x08009e9c                SUBGRF_SetStandby
 .text.SUBGRF_SetTx
                0x08009ed4       0x40 ./Middlewares/Third_Party/SubGHz_Phy/stm32_radio_driver/radio_driver.o
                0x08009ed4                SUBGRF_SetTx
 .text.SUBGRF_SetRx
                0x08009f14       0x40 ./Middlewares/Third_Party/SubGHz_Phy/stm32_radio_driver/radio_driver.o
                0x08009f14                SUBGRF_SetRx
 .text.SUBGRF_SetRxBoosted
                0x08009f54       0x48 ./Middlewares/Third_Party/SubGHz_Phy/stm32_radio_driver/radio_driver.o
                0x08009f54                SUBGRF_SetRxBoosted
 .text.SUBGRF_SetRxDutyCycle
                0x08009f9c       0x58 ./Middlewares/Third_Party/SubGHz_Phy/stm32_radio_driver/radio_driver.o
                0x08009f9c                SUBGRF_SetRxDutyCycle
 .text.SUBGRF_SetCad
                0x08009ff4       0x1c ./Middlewares/Third_Party/SubGHz_Phy/stm32_radio_driver/radio_driver.o
                0x08009ff4                SUBGRF_SetCad
 .text.SUBGRF_SetTxContinuousWave
                0x0800a010       0x12 ./Middlewares/Third_Party/SubGHz_Phy/stm32_radio_driver/radio_driver.o
                0x0800a010                SUBGRF_SetTxContinuousWave
 .text.SUBGRF_SetTxInfinitePreamble
                0x0800a022       0x12 ./Middlewares/Third_Party/SubGHz_Phy/stm32_radio_driver/radio_driver.o
                0x0800a022                SUBGRF_SetTxInfinitePreamble
 .text.SUBGRF_SetStopRxTimerOnPreambleDetect
                0x0800a034       0x1e ./Middlewares/Third_Party/SubGHz_Phy/stm32_radio_driver/radio_driver.o
                0x0800a034                SUBGRF_SetStopRxTimerOnPreambleDetect
 .text.SUBGRF_SetLoRaSymbNumTimeout
                0x0800a052       0x5e ./Middlewares/Third_Party/SubGHz_Phy/stm32_radio_driver/radio_driver.o
                0x0800a052                SUBGRF_SetLoRaSymbNumTimeout
 .text.SUBGRF_SetRegulatorMode
                0x0800a0b0       0x2e ./Middlewares/Third_Party/SubGHz_Phy/stm32_radio_driver/radio_driver.o
                0x0800a0b0                SUBGRF_SetRegulatorMode
 .text.SUBGRF_Calibrate
                0x0800a0de       0x8c ./Middlewares/Third_Party/SubGHz_Phy/stm32_radio_driver/radio_driver.o
                0x0800a0de                SUBGRF_Calibrate
 *fill*         0x0800a16a        0x2 
 .text.SUBGRF_CalibrateImage
                0x0800a16c       0x94 ./Middlewares/Third_Party/SubGHz_Phy/stm32_radio_driver/radio_driver.o
                0x0800a16c                SUBGRF_CalibrateImage
 .text.SUBGRF_SetPaConfig
                0x0800a200       0x44 ./Middlewares/Third_Party/SubGHz_Phy/stm32_radio_driver/radio_driver.o
                0x0800a200                SUBGRF_SetPaConfig
 .text.SUBGRF_SetDioIrqParams
                0x0800a244       0x74 ./Middlewares/Third_Party/SubGHz_Phy/stm32_radio_driver/radio_driver.o
                0x0800a244                SUBGRF_SetDioIrqParams
 .text.SUBGRF_SetTcxoMode
                0x0800a2b8       0x42 ./Middlewares/Third_Party/SubGHz_Phy/stm32_radio_driver/radio_driver.o
                0x0800a2b8                SUBGRF_SetTcxoMode
 *fill*         0x0800a2fa        0x2 
 .text.SUBGRF_SetRfFrequency
                0x0800a2fc       0x8c ./Middlewares/Third_Party/SubGHz_Phy/stm32_radio_driver/radio_driver.o
                0x0800a2fc                SUBGRF_SetRfFrequency
 .text.SUBGRF_SetPacketType
                0x0800a388       0x38 ./Middlewares/Third_Party/SubGHz_Phy/stm32_radio_driver/radio_driver.o
                0x0800a388                SUBGRF_SetPacketType
 .text.SUBGRF_GetPacketType
                0x0800a3c0       0x14 ./Middlewares/Third_Party/SubGHz_Phy/stm32_radio_driver/radio_driver.o
                0x0800a3c0                SUBGRF_GetPacketType
 .text.SUBGRF_SetTxParams
                0x0800a3d4      0x19a ./Middlewares/Third_Party/SubGHz_Phy/stm32_radio_driver/radio_driver.o
                0x0800a3d4                SUBGRF_SetTxParams
 *fill*         0x0800a56e        0x2 
 .text.SUBGRF_SetModulationParams
                0x0800a570      0x1a4 ./Middlewares/Third_Party/SubGHz_Phy/stm32_radio_driver/radio_driver.o
                0x0800a570                SUBGRF_SetModulationParams
 .text.SUBGRF_SetPacketParams
                0x0800a714      0x13c ./Middlewares/Third_Party/SubGHz_Phy/stm32_radio_driver/radio_driver.o
                0x0800a714                SUBGRF_SetPacketParams
 .text.SUBGRF_SetBufferBaseAddress
                0x0800a850       0x2e ./Middlewares/Third_Party/SubGHz_Phy/stm32_radio_driver/radio_driver.o
                0x0800a850                SUBGRF_SetBufferBaseAddress
 .text.SUBGRF_GetRssiInst
                0x0800a87e       0x2a ./Middlewares/Third_Party/SubGHz_Phy/stm32_radio_driver/radio_driver.o
                0x0800a87e                SUBGRF_GetRssiInst
 .text.SUBGRF_GetRxBufferStatus
                0x0800a8a8       0x58 ./Middlewares/Third_Party/SubGHz_Phy/stm32_radio_driver/radio_driver.o
                0x0800a8a8                SUBGRF_GetRxBufferStatus
 .text.SUBGRF_GetPacketStatus
                0x0800a900       0xa4 ./Middlewares/Third_Party/SubGHz_Phy/stm32_radio_driver/radio_driver.o
                0x0800a900                SUBGRF_GetPacketStatus
 .text.SUBGRF_WriteRegister
                0x0800a9a4       0x28 ./Middlewares/Third_Party/SubGHz_Phy/stm32_radio_driver/radio_driver.o
                0x0800a9a4                SUBGRF_WriteRegister
 .text.SUBGRF_ReadRegister
                0x0800a9cc       0x28 ./Middlewares/Third_Party/SubGHz_Phy/stm32_radio_driver/radio_driver.o
                0x0800a9cc                SUBGRF_ReadRegister
 .text.SUBGRF_WriteRegisters
                0x0800a9f4       0x44 ./Middlewares/Third_Party/SubGHz_Phy/stm32_radio_driver/radio_driver.o
                0x0800a9f4                SUBGRF_WriteRegisters
 .text.SUBGRF_ReadRegisters
                0x0800aa38       0x44 ./Middlewares/Third_Party/SubGHz_Phy/stm32_radio_driver/radio_driver.o
                0x0800aa38                SUBGRF_ReadRegisters
 .text.SUBGRF_WriteBuffer
                0x0800aa7c       0x44 ./Middlewares/Third_Party/SubGHz_Phy/stm32_radio_driver/radio_driver.o
                0x0800aa7c                SUBGRF_WriteBuffer
 .text.SUBGRF_ReadBuffer
                0x0800aac0       0x44 ./Middlewares/Third_Party/SubGHz_Phy/stm32_radio_driver/radio_driver.o
                0x0800aac0                SUBGRF_ReadBuffer
 .text.SUBGRF_WriteCommand
                0x0800ab04       0x44 ./Middlewares/Third_Party/SubGHz_Phy/stm32_radio_driver/radio_driver.o
                0x0800ab04                SUBGRF_WriteCommand
 .text.SUBGRF_ReadCommand
                0x0800ab48       0x44 ./Middlewares/Third_Party/SubGHz_Phy/stm32_radio_driver/radio_driver.o
                0x0800ab48                SUBGRF_ReadCommand
 .text.SUBGRF_SetSwitch
                0x0800ab8c       0x50 ./Middlewares/Third_Party/SubGHz_Phy/stm32_radio_driver/radio_driver.o
                0x0800ab8c                SUBGRF_SetSwitch
 .text.SUBGRF_SetRfTxPower
                0x0800abdc       0x68 ./Middlewares/Third_Party/SubGHz_Phy/stm32_radio_driver/radio_driver.o
                0x0800abdc                SUBGRF_SetRfTxPower
 .text.SUBGRF_GetRadioWakeUpTime
                0x0800ac44        0xe ./Middlewares/Third_Party/SubGHz_Phy/stm32_radio_driver/radio_driver.o
                0x0800ac44                SUBGRF_GetRadioWakeUpTime
 *fill*         0x0800ac52        0x2 
 .text.HAL_SUBGHZ_TxCpltCallback
                0x0800ac54       0x1c ./Middlewares/Third_Party/SubGHz_Phy/stm32_radio_driver/radio_driver.o
                0x0800ac54                HAL_SUBGHZ_TxCpltCallback
 .text.HAL_SUBGHZ_RxCpltCallback
                0x0800ac70       0x1c ./Middlewares/Third_Party/SubGHz_Phy/stm32_radio_driver/radio_driver.o
                0x0800ac70                HAL_SUBGHZ_RxCpltCallback
 .text.HAL_SUBGHZ_CRCErrorCallback
                0x0800ac8c       0x1c ./Middlewares/Third_Party/SubGHz_Phy/stm32_radio_driver/radio_driver.o
                0x0800ac8c                HAL_SUBGHZ_CRCErrorCallback
 .text.HAL_SUBGHZ_CADStatusCallback
                0x0800aca8       0x3c ./Middlewares/Third_Party/SubGHz_Phy/stm32_radio_driver/radio_driver.o
                0x0800aca8                HAL_SUBGHZ_CADStatusCallback
 .text.HAL_SUBGHZ_RxTxTimeoutCallback
                0x0800ace4       0x20 ./Middlewares/Third_Party/SubGHz_Phy/stm32_radio_driver/radio_driver.o
                0x0800ace4                HAL_SUBGHZ_RxTxTimeoutCallback
 .text.HAL_SUBGHZ_HeaderErrorCallback
                0x0800ad04       0x1c ./Middlewares/Third_Party/SubGHz_Phy/stm32_radio_driver/radio_driver.o
                0x0800ad04                HAL_SUBGHZ_HeaderErrorCallback
 .text.HAL_SUBGHZ_PreambleDetectedCallback
                0x0800ad20       0x1c ./Middlewares/Third_Party/SubGHz_Phy/stm32_radio_driver/radio_driver.o
                0x0800ad20                HAL_SUBGHZ_PreambleDetectedCallback
 .text.HAL_SUBGHZ_SyncWordValidCallback
                0x0800ad3c       0x1c ./Middlewares/Third_Party/SubGHz_Phy/stm32_radio_driver/radio_driver.o
                0x0800ad3c                HAL_SUBGHZ_SyncWordValidCallback
 .text.HAL_SUBGHZ_HeaderValidCallback
                0x0800ad58       0x1c ./Middlewares/Third_Party/SubGHz_Phy/stm32_radio_driver/radio_driver.o
                0x0800ad58                HAL_SUBGHZ_HeaderValidCallback
 .text.HAL_SUBGHZ_LrFhssHopCallback
                0x0800ad74       0x20 ./Middlewares/Third_Party/SubGHz_Phy/stm32_radio_driver/radio_driver.o
                0x0800ad74                HAL_SUBGHZ_LrFhssHopCallback
 .text.Radio_SMPS_Set
                0x0800ad94       0x42 ./Middlewares/Third_Party/SubGHz_Phy/stm32_radio_driver/radio_driver.o
 *fill*         0x0800add6        0x2 
 .text.SUBGRF_GetFskBandwidthRegValue
                0x0800add8       0x50 ./Middlewares/Third_Party/SubGHz_Phy/stm32_radio_driver/radio_driver.o
                0x0800add8                SUBGRF_GetFskBandwidthRegValue
 .text.SUBGRF_GetCFO
                0x0800ae28       0xe8 ./Middlewares/Third_Party/SubGHz_Phy/stm32_radio_driver/radio_driver.o
                0x0800ae28                SUBGRF_GetCFO
 .text.RFW_TransmitLongPacket
                0x0800af10       0x24 ./Middlewares/Third_Party/SubGHz_Phy/stm32_radio_driver/radio_fw.o
                0x0800af10                RFW_TransmitLongPacket
 .text.RFW_ReceiveLongPacket
                0x0800af34       0x24 ./Middlewares/Third_Party/SubGHz_Phy/stm32_radio_driver/radio_fw.o
                0x0800af34                RFW_ReceiveLongPacket
 .text.RFW_Init
                0x0800af58       0x1a ./Middlewares/Third_Party/SubGHz_Phy/stm32_radio_driver/radio_fw.o
                0x0800af58                RFW_Init
 .text.RFW_DeInit
                0x0800af72        0xc ./Middlewares/Third_Party/SubGHz_Phy/stm32_radio_driver/radio_fw.o
                0x0800af72                RFW_DeInit
 .text.RFW_Is_Init
                0x0800af7e        0xe ./Middlewares/Third_Party/SubGHz_Phy/stm32_radio_driver/radio_fw.o
                0x0800af7e                RFW_Is_Init
 .text.RFW_Is_LongPacketModeEnabled
                0x0800af8c        0xe ./Middlewares/Third_Party/SubGHz_Phy/stm32_radio_driver/radio_fw.o
                0x0800af8c                RFW_Is_LongPacketModeEnabled
 .text.RFW_SetAntSwitch
                0x0800af9a       0x14 ./Middlewares/Third_Party/SubGHz_Phy/stm32_radio_driver/radio_fw.o
                0x0800af9a                RFW_SetAntSwitch
 .text.RFW_TransmitInit
                0x0800afae       0x20 ./Middlewares/Third_Party/SubGHz_Phy/stm32_radio_driver/radio_fw.o
                0x0800afae                RFW_TransmitInit
 .text.RFW_ReceiveInit
                0x0800afce       0x10 ./Middlewares/Third_Party/SubGHz_Phy/stm32_radio_driver/radio_fw.o
                0x0800afce                RFW_ReceiveInit
 .text.RFW_DeInit_TxLongPacket
                0x0800afde        0xc ./Middlewares/Third_Party/SubGHz_Phy/stm32_radio_driver/radio_fw.o
                0x0800afde                RFW_DeInit_TxLongPacket
 .text.RFW_ReceivePayload
                0x0800afea        0xc ./Middlewares/Third_Party/SubGHz_Phy/stm32_radio_driver/radio_fw.o
                0x0800afea                RFW_ReceivePayload
 .text.RFW_SetRadioModem
                0x0800aff6       0x14 ./Middlewares/Third_Party/SubGHz_Phy/stm32_radio_driver/radio_fw.o
                0x0800aff6                RFW_SetRadioModem
 .text.MX_SubGHz_Phy_Init
                0x0800b00a       0x10 ./SubGHz_Phy/App/app_subghz_phy.o
                0x0800b00a                MX_SubGHz_Phy_Init
 .text.MX_SubGHz_Phy_Process
                0x0800b01a       0x10 ./SubGHz_Phy/App/app_subghz_phy.o
                0x0800b01a                MX_SubGHz_Phy_Process
 *fill*         0x0800b02a        0x2 
 .text.SubghzApp_Init
                0x0800b02c      0x1d4 ./SubGHz_Phy/App/subghz_phy_app.o
                0x0800b02c                SubghzApp_Init
 .text.OnTxDone
                0x0800b200       0x2c ./SubGHz_Phy/App/subghz_phy_app.o
 .text.OnRxDone
                0x0800b22c      0x114 ./SubGHz_Phy/App/subghz_phy_app.o
 .text.OnTxTimeout
                0x0800b340       0x2c ./SubGHz_Phy/App/subghz_phy_app.o
 .text.OnRxTimeout
                0x0800b36c       0x2c ./SubGHz_Phy/App/subghz_phy_app.o
 .text.OnRxError
                0x0800b398       0x2c ./SubGHz_Phy/App/subghz_phy_app.o
 .text.PingPong_Process
                0x0800b3c4      0x24c ./SubGHz_Phy/App/subghz_phy_app.o
 .text.OnledEvent
                0x0800b610       0x28 ./SubGHz_Phy/App/subghz_phy_app.o
 .text.RBI_Init
                0x0800b638       0x16 ./SubGHz_Phy/Target/radio_board_if.o
                0x0800b638                RBI_Init
 .text.RBI_ConfigRFSwitch
                0x0800b64e       0x1a ./SubGHz_Phy/Target/radio_board_if.o
                0x0800b64e                RBI_ConfigRFSwitch
 .text.RBI_GetTxConfig
                0x0800b668       0x16 ./SubGHz_Phy/Target/radio_board_if.o
                0x0800b668                RBI_GetTxConfig
 .text.RBI_IsTCXO
                0x0800b67e       0x16 ./SubGHz_Phy/Target/radio_board_if.o
                0x0800b67e                RBI_IsTCXO
 .text.RBI_IsDCDC
                0x0800b694       0x16 ./SubGHz_Phy/Target/radio_board_if.o
                0x0800b694                RBI_IsDCDC
 .text.RBI_GetRFOMaxPowerConfig
                0x0800b6aa       0x2a ./SubGHz_Phy/Target/radio_board_if.o
                0x0800b6aa                RBI_GetRFOMaxPowerConfig
 .text.UTIL_LPM_Init
                0x0800b6d4       0x20 ./Utilities/lpm/tiny_lpm/stm32_lpm.o
                0x0800b6d4                UTIL_LPM_Init
 .text.UTIL_LPM_SetStopMode
                0x0800b6f4       0x60 ./Utilities/lpm/tiny_lpm/stm32_lpm.o
                0x0800b6f4                UTIL_LPM_SetStopMode
 .text.UTIL_LPM_SetOffMode
                0x0800b754       0x60 ./Utilities/lpm/tiny_lpm/stm32_lpm.o
                0x0800b754                UTIL_LPM_SetOffMode
 .text.UTIL_LPM_EnterLowPower
                0x0800b7b4       0x6c ./Utilities/lpm/tiny_lpm/stm32_lpm.o
                0x0800b7b4                UTIL_LPM_EnterLowPower
 .text.UTIL_MEM_cpy_8
                0x0800b820       0x3e ./Utilities/misc/stm32_mem.o
                0x0800b820                UTIL_MEM_cpy_8
 .text.UTIL_MEM_set_8
                0x0800b85e       0x36 ./Utilities/misc/stm32_mem.o
                0x0800b85e                UTIL_MEM_set_8
 .text.SysTimeAdd
                0x0800b894       0x72 ./Utilities/misc/stm32_systime.o
                0x0800b894                SysTimeAdd
 *fill*         0x0800b906        0x2 
 .text.SysTimeGet
                0x0800b908       0x70 ./Utilities/misc/stm32_systime.o
                0x0800b908                SysTimeGet
 .text.ee_skip_atoi
                0x0800b978       0x4c ./Utilities/misc/stm32_tiny_vsnprintf.o
 .text.ee_number
                0x0800b9c4      0x1dc ./Utilities/misc/stm32_tiny_vsnprintf.o
 .text.tiny_vsnprintf_like
                0x0800bba0      0x2a4 ./Utilities/misc/stm32_tiny_vsnprintf.o
                0x0800bba0                tiny_vsnprintf_like
 .text.UTIL_SEQ_Run
                0x0800be44      0x1f8 ./Utilities/sequencer/stm32_seq.o
                0x0800be44                UTIL_SEQ_Run
 .text.UTIL_SEQ_RegTask
                0x0800c03c       0x44 ./Utilities/sequencer/stm32_seq.o
                0x0800c03c                UTIL_SEQ_RegTask
 .text.UTIL_SEQ_SetTask
                0x0800c080       0x58 ./Utilities/sequencer/stm32_seq.o
                0x0800c080                UTIL_SEQ_SetTask
 .text.UTIL_SEQ_PreIdle
                0x0800c0d8        0xc ./Utilities/sequencer/stm32_seq.o
                0x0800c0d8                UTIL_SEQ_PreIdle
 .text.UTIL_SEQ_PostIdle
                0x0800c0e4        0xc ./Utilities/sequencer/stm32_seq.o
                0x0800c0e4                UTIL_SEQ_PostIdle
 .text.SEQ_BitPosition
                0x0800c0f0       0x70 ./Utilities/sequencer/stm32_seq.o
                0x0800c0f0                SEQ_BitPosition
 .text.UTIL_TIMER_Init
                0x0800c160       0x20 ./Utilities/timer/stm32_timer.o
                0x0800c160                UTIL_TIMER_Init
 .text.UTIL_TIMER_Create
                0x0800c180       0x6c ./Utilities/timer/stm32_timer.o
                0x0800c180                UTIL_TIMER_Create
 .text.UTIL_TIMER_Start
                0x0800c1ec       0xdc ./Utilities/timer/stm32_timer.o
                0x0800c1ec                UTIL_TIMER_Start
 .text.UTIL_TIMER_Stop
                0x0800c2c8       0xe0 ./Utilities/timer/stm32_timer.o
                0x0800c2c8                UTIL_TIMER_Stop
 .text.UTIL_TIMER_SetPeriod
                0x0800c3a8       0x54 ./Utilities/timer/stm32_timer.o
                0x0800c3a8                UTIL_TIMER_SetPeriod
 .text.UTIL_TIMER_IRQ_Handler
                0x0800c3fc      0x100 ./Utilities/timer/stm32_timer.o
                0x0800c3fc                UTIL_TIMER_IRQ_Handler
 .text.UTIL_TIMER_GetCurrentTime
                0x0800c4fc       0x24 ./Utilities/timer/stm32_timer.o
                0x0800c4fc                UTIL_TIMER_GetCurrentTime
 .text.UTIL_TIMER_GetElapsedTime
                0x0800c520       0x38 ./Utilities/timer/stm32_timer.o
                0x0800c520                UTIL_TIMER_GetElapsedTime
 .text.TimerExists
                0x0800c558       0x38 ./Utilities/timer/stm32_timer.o
                0x0800c558                TimerExists
 .text.TimerSetTimeout
                0x0800c590       0x54 ./Utilities/timer/stm32_timer.o
                0x0800c590                TimerSetTimeout
 .text.TimerInsertTimer
                0x0800c5e4       0x60 ./Utilities/timer/stm32_timer.o
                0x0800c5e4                TimerInsertTimer
 .text.TimerInsertNewHeadTimer
                0x0800c644       0x3c ./Utilities/timer/stm32_timer.o
                0x0800c644                TimerInsertNewHeadTimer
 .text.UTIL_ADV_TRACE_Init
                0x0800c680       0x38 ./Utilities/trace/adv_trace/stm32_adv_trace.o
                0x0800c680                UTIL_ADV_TRACE_Init
 .text.UTIL_ADV_TRACE_COND_FSend
                0x0800c6b8      0x100 ./Utilities/trace/adv_trace/stm32_adv_trace.o
                0x0800c6b8                UTIL_ADV_TRACE_COND_FSend
 .text.UTIL_ADV_TRACE_RegisterTimeStampFunction
                0x0800c7b8       0x1c ./Utilities/trace/adv_trace/stm32_adv_trace.o
                0x0800c7b8                UTIL_ADV_TRACE_RegisterTimeStampFunction
 .text.UTIL_ADV_TRACE_SetVerboseLevel
                0x0800c7d4       0x20 ./Utilities/trace/adv_trace/stm32_adv_trace.o
                0x0800c7d4                UTIL_ADV_TRACE_SetVerboseLevel
 .text.TRACE_Send
                0x0800c7f4      0x108 ./Utilities/trace/adv_trace/stm32_adv_trace.o
 .text.TRACE_TxCpltCallback
                0x0800c8fc      0x118 ./Utilities/trace/adv_trace/stm32_adv_trace.o
 .text.TRACE_AllocateBufer
                0x0800ca14       0xfc ./Utilities/trace/adv_trace/stm32_adv_trace.o
 .text.TRACE_Lock
                0x0800cb10       0x3c ./Utilities/trace/adv_trace/stm32_adv_trace.o
 .text.TRACE_UnLock
                0x0800cb4c       0x3c ./Utilities/trace/adv_trace/stm32_adv_trace.o
 .text.TRACE_IsLocked
                0x0800cb88       0x20 ./Utilities/trace/adv_trace/stm32_adv_trace.o
 .text.strncmp  0x0800cba8       0x24 /Applications/STM32CubeIDE.app/Contents/Eclipse/plugins/com.st.stm32cube.ide.mcu.externaltools.gnu-tools-for-stm32.12.3.rel1.macos64_1.0.200.202406191456/tools/bin/../lib/gcc/arm-none-eabi/12.3.1/../../../../arm-none-eabi/lib/thumb/v7e-m/nofp/libc_nano.a(libc_a-strncmp.o)
                0x0800cba8                strncmp
 .text.memset   0x0800cbcc       0x10 /Applications/STM32CubeIDE.app/Contents/Eclipse/plugins/com.st.stm32cube.ide.mcu.externaltools.gnu-tools-for-stm32.12.3.rel1.macos64_1.0.200.202406191456/tools/bin/../lib/gcc/arm-none-eabi/12.3.1/../../../../arm-none-eabi/lib/thumb/v7e-m/nofp/libc_nano.a(libc_a-memset.o)
                0x0800cbcc                memset
 .text.__libc_init_array
                0x0800cbdc       0x48 /Applications/STM32CubeIDE.app/Contents/Eclipse/plugins/com.st.stm32cube.ide.mcu.externaltools.gnu-tools-for-stm32.12.3.rel1.macos64_1.0.200.202406191456/tools/bin/../lib/gcc/arm-none-eabi/12.3.1/../../../../arm-none-eabi/lib/thumb/v7e-m/nofp/libc_nano.a(libc_a-init.o)
                0x0800cbdc                __libc_init_array
 .text.memcpy   0x0800cc24       0x1c /Applications/STM32CubeIDE.app/Contents/Eclipse/plugins/com.st.stm32cube.ide.mcu.externaltools.gnu-tools-for-stm32.12.3.rel1.macos64_1.0.200.202406191456/tools/bin/../lib/gcc/arm-none-eabi/12.3.1/../../../../arm-none-eabi/lib/thumb/v7e-m/nofp/libc_nano.a(libc_a-memcpy-stub.o)
                0x0800cc24                memcpy
 *(.glue_7)
 .glue_7        0x0800cc40        0x0 linker stubs
 *(.glue_7t)
 .glue_7t       0x0800cc40        0x0 linker stubs
 *(.eh_frame)
 .eh_frame      0x0800cc40        0x0 /Applications/STM32CubeIDE.app/Contents/Eclipse/plugins/com.st.stm32cube.ide.mcu.externaltools.gnu-tools-for-stm32.12.3.rel1.macos64_1.0.200.202406191456/tools/bin/../lib/gcc/arm-none-eabi/12.3.1/thumb/v7e-m/nofp/crtbegin.o
 *(.init)
 .init          0x0800cc40        0x4 /Applications/STM32CubeIDE.app/Contents/Eclipse/plugins/com.st.stm32cube.ide.mcu.externaltools.gnu-tools-for-stm32.12.3.rel1.macos64_1.0.200.202406191456/tools/bin/../lib/gcc/arm-none-eabi/12.3.1/thumb/v7e-m/nofp/crti.o
                0x0800cc40                _init
 .init          0x0800cc44        0x8 /Applications/STM32CubeIDE.app/Contents/Eclipse/plugins/com.st.stm32cube.ide.mcu.externaltools.gnu-tools-for-stm32.12.3.rel1.macos64_1.0.200.202406191456/tools/bin/../lib/gcc/arm-none-eabi/12.3.1/thumb/v7e-m/nofp/crtn.o
 *(.fini)
 .fini          0x0800cc4c        0x4 /Applications/STM32CubeIDE.app/Contents/Eclipse/plugins/com.st.stm32cube.ide.mcu.externaltools.gnu-tools-for-stm32.12.3.rel1.macos64_1.0.200.202406191456/tools/bin/../lib/gcc/arm-none-eabi/12.3.1/thumb/v7e-m/nofp/crti.o
                0x0800cc4c                _fini
 .fini          0x0800cc50        0x8 /Applications/STM32CubeIDE.app/Contents/Eclipse/plugins/com.st.stm32cube.ide.mcu.externaltools.gnu-tools-for-stm32.12.3.rel1.macos64_1.0.200.202406191456/tools/bin/../lib/gcc/arm-none-eabi/12.3.1/thumb/v7e-m/nofp/crtn.o
                0x0800cc58                        . = ALIGN (0x4)
                0x0800cc58                        _etext = .

.vfp11_veneer   0x0800cc58        0x0
 .vfp11_veneer  0x0800cc58        0x0 linker stubs

.v4_bx          0x0800cc58        0x0
 .v4_bx         0x0800cc58        0x0 linker stubs

.iplt           0x0800cc58        0x0
 .iplt          0x0800cc58        0x0 /Applications/STM32CubeIDE.app/Contents/Eclipse/plugins/com.st.stm32cube.ide.mcu.externaltools.gnu-tools-for-stm32.12.3.rel1.macos64_1.0.200.202406191456/tools/bin/../lib/gcc/arm-none-eabi/12.3.1/thumb/v7e-m/nofp/crtbegin.o

.rodata         0x0800cc58      0x54c
                0x0800cc58                        . = ALIGN (0x4)
 *(.rodata)
 .rodata        0x0800cc58        0x9 ./Core/Src/sys_app.o
 *fill*         0x0800cc61        0x3 
 .rodata        0x0800cc64       0x1c ./Drivers/STM32WLxx_HAL_Driver/Src/stm32wlxx_hal_rcc.o
 .rodata        0x0800cc80       0x7c ./Middlewares/Third_Party/SubGHz_Phy/stm32_radio_driver/radio.o
 .rodata        0x0800ccfc       0x11 ./Middlewares/Third_Party/SubGHz_Phy/stm32_radio_driver/radio_driver.o
 *fill*         0x0800cd0d        0x3 
 .rodata        0x0800cd10      0x1bb ./SubGHz_Phy/App/subghz_phy_app.o
 *fill*         0x0800cecb        0x1 
 .rodata        0x0800cecc       0x57 ./Utilities/misc/stm32_tiny_vsnprintf.o
 *(.rodata*)
 *fill*         0x0800cf23        0x1 
 .rodata.UTIL_PowerDriver
                0x0800cf24       0x18 ./Core/Src/stm32_lpm_if.o
                0x0800cf24                UTIL_PowerDriver
 .rodata.AHBPrescTable
                0x0800cf3c       0x40 ./Core/Src/system_stm32wlxx.o
                0x0800cf3c                AHBPrescTable
 .rodata.APBPrescTable
                0x0800cf7c       0x20 ./Core/Src/system_stm32wlxx.o
                0x0800cf7c                APBPrescTable
 .rodata.MSIRangeTable
                0x0800cf9c       0x40 ./Core/Src/system_stm32wlxx.o
                0x0800cf9c                MSIRangeTable
 .rodata.UTIL_TimerDriver
                0x0800cfdc       0x2c ./Core/Src/timer_if.o
                0x0800cfdc                UTIL_TimerDriver
 .rodata.UTIL_SYSTIMDriver
                0x0800d008       0x14 ./Core/Src/timer_if.o
                0x0800d008                UTIL_SYSTIMDriver
 .rodata.UTIL_TraceDriver
                0x0800d01c       0x10 ./Core/Src/usart_if.o
                0x0800d01c                UTIL_TraceDriver
 .rodata.UARTPrescTable
                0x0800d02c       0x18 ./Drivers/STM32WLxx_HAL_Driver/Src/stm32wlxx_hal_uart.o
                0x0800d02c                UARTPrescTable
 .rodata.numerator.1
                0x0800d044        0x8 ./Drivers/STM32WLxx_HAL_Driver/Src/stm32wlxx_hal_uart_ex.o
 .rodata.denominator.0
                0x0800d04c        0x8 ./Drivers/STM32WLxx_HAL_Driver/Src/stm32wlxx_hal_uart_ex.o
 .rodata.Radio  0x0800d054       0x8c ./Middlewares/Third_Party/SubGHz_Phy/stm32_radio_driver/radio.o
                0x0800d054                Radio
 .rodata.Bandwidths
                0x0800d0e0        0x3 ./Middlewares/Third_Party/SubGHz_Phy/stm32_radio_driver/radio.o
                0x0800d0e0                Bandwidths
 *fill*         0x0800d0e3        0x1 
 .rodata.FskBandwidths
                0x0800d0e4       0xb0 ./Middlewares/Third_Party/SubGHz_Phy/stm32_radio_driver/radio_driver.o
 .rodata.SEQ_clz_table_4bit
                0x0800d194       0x10 ./Utilities/sequencer/stm32_seq.o
                0x0800d194                SEQ_clz_table_4bit
                0x0800d1a4                        . = ALIGN (0x4)

.ARM.extab      0x0800d1a4        0x0
                0x0800d1a4                        . = ALIGN (0x4)
 *(.ARM.extab* .gnu.linkonce.armextab.*)
                0x0800d1a4                        . = ALIGN (0x4)

.ARM            0x0800d1a4        0x8
                0x0800d1a4                        . = ALIGN (0x4)
                0x0800d1a4                        __exidx_start = .
 *(.ARM.exidx*)
 .ARM.exidx     0x0800d1a4        0x8 /Applications/STM32CubeIDE.app/Contents/Eclipse/plugins/com.st.stm32cube.ide.mcu.externaltools.gnu-tools-for-stm32.12.3.rel1.macos64_1.0.200.202406191456/tools/bin/../lib/gcc/arm-none-eabi/12.3.1/../../../../arm-none-eabi/lib/thumb/v7e-m/nofp/libc_nano.a(libc_a-strlen.o)
 .ARM.exidx     0x0800d1ac        0x0 /Applications/STM32CubeIDE.app/Contents/Eclipse/plugins/com.st.stm32cube.ide.mcu.externaltools.gnu-tools-for-stm32.12.3.rel1.macos64_1.0.200.202406191456/tools/bin/../lib/gcc/arm-none-eabi/12.3.1/thumb/v7e-m/nofp/libgcc.a(_udivmoddi4.o)
                                  0x8 (size before relaxing)
                0x0800d1ac                        __exidx_end = .
                0x0800d1ac                        . = ALIGN (0x4)

.preinit_array  0x0800d1ac        0x0
                0x0800d1ac                        . = ALIGN (0x4)
                0x0800d1ac                        PROVIDE (__preinit_array_start = .)
 *(.preinit_array*)
                0x0800d1ac                        PROVIDE (__preinit_array_end = .)
                0x0800d1ac                        . = ALIGN (0x4)

.init_array     0x0800d1ac        0x4
                0x0800d1ac                        . = ALIGN (0x4)
                0x0800d1ac                        PROVIDE (__init_array_start = .)
 *(SORT_BY_NAME(.init_array.*))
 *(.init_array*)
 .init_array    0x0800d1ac        0x4 /Applications/STM32CubeIDE.app/Contents/Eclipse/plugins/com.st.stm32cube.ide.mcu.externaltools.gnu-tools-for-stm32.12.3.rel1.macos64_1.0.200.202406191456/tools/bin/../lib/gcc/arm-none-eabi/12.3.1/thumb/v7e-m/nofp/crtbegin.o
                0x0800d1b0                        PROVIDE (__init_array_end = .)
                0x0800d1b0                        . = ALIGN (0x4)

.fini_array     0x0800d1b0        0x4
                0x0800d1b0                        . = ALIGN (0x4)
                [!provide]                        PROVIDE (__fini_array_start = .)
 *(SORT_BY_NAME(.fini_array.*))
 *(.fini_array*)
 .fini_array    0x0800d1b0        0x4 /Applications/STM32CubeIDE.app/Contents/Eclipse/plugins/com.st.stm32cube.ide.mcu.externaltools.gnu-tools-for-stm32.12.3.rel1.macos64_1.0.200.202406191456/tools/bin/../lib/gcc/arm-none-eabi/12.3.1/thumb/v7e-m/nofp/crtbegin.o
                [!provide]                        PROVIDE (__fini_array_end = .)
                0x0800d1b4                        . = ALIGN (0x4)
                0x0800d1b4                        _sidata = LOADADDR (.data)

.rel.dyn        0x0800d1b4        0x0
 .rel.iplt      0x0800d1b4        0x0 /Applications/STM32CubeIDE.app/Contents/Eclipse/plugins/com.st.stm32cube.ide.mcu.externaltools.gnu-tools-for-stm32.12.3.rel1.macos64_1.0.200.202406191456/tools/bin/../lib/gcc/arm-none-eabi/12.3.1/thumb/v7e-m/nofp/crtbegin.o

.data           0x20000000       0x1c load address 0x0800d1b4
                0x20000000                        . = ALIGN (0x4)
                0x20000000                        _sdata = .
 *(.data)
 *(.data*)
 .data.SystemCoreClock
                0x20000000        0x4 ./Core/Src/system_stm32wlxx.o
                0x20000000                SystemCoreClock
 .data.uwTickPrio
                0x20000004        0x4 ./Drivers/STM32WLxx_HAL_Driver/Src/stm32wlxx_hal.o
                0x20000004                uwTickPrio
 .data.MaxPayloadLength
                0x20000008        0x1 ./Middlewares/Third_Party/SubGHz_Phy/stm32_radio_driver/radio.o
 .data.isMaster
                0x20000009        0x1 ./SubGHz_Phy/App/subghz_phy_app.o
                0x20000009                isMaster
 *fill*         0x2000000a        0x2 
 .data.lower_digits
                0x2000000c        0x4 ./Utilities/misc/stm32_tiny_vsnprintf.o
 .data.upper_digits
                0x20000010        0x4 ./Utilities/misc/stm32_tiny_vsnprintf.o
 .data.TaskMask
                0x20000014        0x4 ./Utilities/sequencer/stm32_seq.o
 .data.SuperMask
                0x20000018        0x4 ./Utilities/sequencer/stm32_seq.o
 *(.RamFunc)
 *(.RamFunc*)
                0x2000001c                        . = ALIGN (0x4)
                0x2000001c                        _edata = .

.igot.plt       0x2000001c        0x0 load address 0x0800d1d0
 .igot.plt      0x2000001c        0x0 /Applications/STM32CubeIDE.app/Contents/Eclipse/plugins/com.st.stm32cube.ide.mcu.externaltools.gnu-tools-for-stm32.12.3.rel1.macos64_1.0.200.202406191456/tools/bin/../lib/gcc/arm-none-eabi/12.3.1/thumb/v7e-m/nofp/crtbegin.o
                0x2000001c                        . = ALIGN (0x4)

.bss            0x2000001c      0x8d4 load address 0x0800d1d0
                0x2000001c                        _sbss = .
                0x2000001c                        __bss_start__ = _sbss
 *(.bss)
 .bss           0x2000001c       0x1c /Applications/STM32CubeIDE.app/Contents/Eclipse/plugins/com.st.stm32cube.ide.mcu.externaltools.gnu-tools-for-stm32.12.3.rel1.macos64_1.0.200.202406191456/tools/bin/../lib/gcc/arm-none-eabi/12.3.1/thumb/v7e-m/nofp/crtbegin.o
 *(.bss*)
 .bss.hrtc      0x20000038       0x38 ./Core/Src/main.o
                0x20000038                hrtc
 .bss.hsubghz   0x20000070        0xc ./Core/Src/main.o
                0x20000070                hsubghz
 .bss.htim16    0x2000007c       0x4c ./Core/Src/main.o
                0x2000007c                htim16
 .bss.huart1    0x200000c8       0x94 ./Core/Src/main.o
                0x200000c8                huart1
 .bss.hdma_usart1_tx
                0x2000015c       0x60 ./Core/Src/main.o
                0x2000015c                hdma_usart1_tx
 .bss.SYS_TimerInitialisedFlag
                0x200001bc        0x1 ./Core/Src/sys_app.o
 .bss.RTC_Initialized