Archive member included to satisfy reference by file (symbol)

/Applications/STM32CubeIDE.app/Contents/Eclipse/plugins/com.st.stm32cube.ide.mcu.externaltools.gnu-tools-for-stm32.12.3.rel1.macos64_1.0.200.202406191456/tools/bin/../lib/gcc/arm-none-eabi/12.3.1/../../../../arm-none-eabi/lib/thumb/v7e-m/nofp/libc_nano.a(libc_a-exit.o)
                              /Applications/STM32CubeIDE.app/Contents/Eclipse/plugins/com.st.stm32cube.ide.mcu.externaltools.gnu-tools-for-stm32.12.3.rel1.macos64_1.0.200.202406191456/tools/bin/../lib/gcc/arm-none-eabi/12.3.1/../../../../arm-none-eabi/lib/thumb/v7e-m/nofp/crt0.o (exit)
/Applications/STM32CubeIDE.app/Contents/Eclipse/plugins/com.st.stm32cube.ide.mcu.externaltools.gnu-tools-for-stm32.12.3.rel1.macos64_1.0.200.202406191456/tools/bin/../lib/gcc/arm-none-eabi/12.3.1/../../../../arm-none-eabi/lib/thumb/v7e-m/nofp/libc_nano.a(libc_a-findfp.o)
                              /Applications/STM32CubeIDE.app/Contents/Eclipse/plugins/com.st.stm32cube.ide.mcu.externaltools.gnu-tools-for-stm32.12.3.rel1.macos64_1.0.200.202406191456/tools/bin/../lib/gcc/arm-none-eabi/12.3.1/../../../../arm-none-eabi/lib/thumb/v7e-m/nofp/libc_nano.a(libc_a-exit.o) (__stdio_exit_handler)
/Applications/STM32CubeIDE.app/Contents/Eclipse/plugins/com.st.stm32cube.ide.mcu.externaltools.gnu-tools-for-stm32.12.3.rel1.macos64_1.0.200.202406191456/tools/bin/../lib/gcc/arm-none-eabi/12.3.1/../../../../arm-none-eabi/lib/thumb/v7e-m/nofp/libc_nano.a(libc_a-fwalk.o)
                              /Applications/STM32CubeIDE.app/Contents/Eclipse/plugins/com.st.stm32cube.ide.mcu.externaltools.gnu-tools-for-stm32.12.3.rel1.macos64_1.0.200.202406191456/tools/bin/../lib/gcc/arm-none-eabi/12.3.1/../../../../arm-none-eabi/lib/thumb/v7e-m/nofp/libc_nano.a(libc_a-findfp.o) (_fwalk_sglue)
/Applications/STM32CubeIDE.app/Contents/Eclipse/plugins/com.st.stm32cube.ide.mcu.externaltools.gnu-tools-for-stm32.12.3.rel1.macos64_1.0.200.202406191456/tools/bin/../lib/gcc/arm-none-eabi/12.3.1/../../../../arm-none-eabi/lib/thumb/v7e-m/nofp/libc_nano.a(libc_a-memset.o)
                              /Applications/STM32CubeIDE.app/Contents/Eclipse/plugins/com.st.stm32cube.ide.mcu.externaltools.gnu-tools-for-stm32.12.3.rel1.macos64_1.0.200.202406191456/tools/bin/../lib/gcc/arm-none-eabi/12.3.1/../../../../arm-none-eabi/lib/thumb/v7e-m/nofp/crt0.o (memset)
/Applications/STM32CubeIDE.app/Contents/Eclipse/plugins/com.st.stm32cube.ide.mcu.externaltools.gnu-tools-for-stm32.12.3.rel1.macos64_1.0.200.202406191456/tools/bin/../lib/gcc/arm-none-eabi/12.3.1/../../../../arm-none-eabi/lib/thumb/v7e-m/nofp/libc_nano.a(libc_a-impure.o)
                              /Applications/STM32CubeIDE.app/Contents/Eclipse/plugins/com.st.stm32cube.ide.mcu.externaltools.gnu-tools-for-stm32.12.3.rel1.macos64_1.0.200.202406191456/tools/bin/../lib/gcc/arm-none-eabi/12.3.1/../../../../arm-none-eabi/lib/thumb/v7e-m/nofp/libc_nano.a(libc_a-findfp.o) (_impure_data)
/Applications/STM32CubeIDE.app/Contents/Eclipse/plugins/com.st.stm32cube.ide.mcu.externaltools.gnu-tools-for-stm32.12.3.rel1.macos64_1.0.200.202406191456/tools/bin/../lib/gcc/arm-none-eabi/12.3.1/../../../../arm-none-eabi/lib/thumb/v7e-m/nofp/libc_nano.a(libc_a-errno.o)
                              ./Core/Src/syscalls.o (__errno)
/Applications/STM32CubeIDE.app/Contents/Eclipse/plugins/com.st.stm32cube.ide.mcu.externaltools.gnu-tools-for-stm32.12.3.rel1.macos64_1.0.200.202406191456/tools/bin/../lib/gcc/arm-none-eabi/12.3.1/../../../../arm-none-eabi/lib/thumb/v7e-m/nofp/libc_nano.a(libc_a-init.o)
                              /Applications/STM32CubeIDE.app/Contents/Eclipse/plugins/com.st.stm32cube.ide.mcu.externaltools.gnu-tools-for-stm32.12.3.rel1.macos64_1.0.200.202406191456/tools/bin/../lib/gcc/arm-none-eabi/12.3.1/../../../../arm-none-eabi/lib/thumb/v7e-m/nofp/crt0.o (__libc_init_array)
/Applications/STM32CubeIDE.app/Contents/Eclipse/plugins/com.st.stm32cube.ide.mcu.externaltools.gnu-tools-for-stm32.12.3.rel1.macos64_1.0.200.202406191456/tools/bin/../lib/gcc/arm-none-eabi/12.3.1/../../../../arm-none-eabi/lib/thumb/v7e-m/nofp/libc_nano.a(libc_a-lock.o)
                              /Applications/STM32CubeIDE.app/Contents/Eclipse/plugins/com.st.stm32cube.ide.mcu.externaltools.gnu-tools-for-stm32.12.3.rel1.macos64_1.0.200.202406191456/tools/bin/../lib/gcc/arm-none-eabi/12.3.1/../../../../arm-none-eabi/lib/thumb/v7e-m/nofp/libc_nano.a(libc_a-findfp.o) (__retarget_lock_init_recursive)
/Applications/STM32CubeIDE.app/Contents/Eclipse/plugins/com.st.stm32cube.ide.mcu.externaltools.gnu-tools-for-stm32.12.3.rel1.macos64_1.0.200.202406191456/tools/bin/../lib/gcc/arm-none-eabi/12.3.1/../../../../arm-none-eabi/lib/thumb/v7e-m/nofp/libc_nano.a(libc_a-memcpy-stub.o)
                              ./Middlewares/Third_Party/SubGHz_Phy/stm32_radio_driver/lr_fhss_mac.o (memcpy)
[...]
Memory Configuration

Name             Origin             Length             Attributes
RAM              0x20000000         0x00010000         xrw
RAM2             0x10000000         0x00008000         xrw
FLASH            0x08000000         0x00040000         xr
*default*        0x00000000         0xffffffff

Linker script and memory map

LOAD /Applications/STM32CubeIDE.app/Contents/Eclipse/plugins/com.st.stm32cube.ide.mcu.externaltools.gnu-tools-for-stm32.12.3.rel1.macos64_1.0.200.202406191456/tools/bin/../lib/gcc/arm-none-eabi/12.3.1/thumb/v7e-m/nofp/crti.o
LOAD /Applications/STM32CubeIDE.app/Contents/Eclipse/plugins/com.st.stm32cube.ide.mcu.externaltools.gnu-tools-for-stm32.12.3.rel1.macos64_1.0.200.202406191456/tools/bin/../lib/gcc/arm-none-eabi/12.3.1/thumb/v7e-m/nofp/crtbegin.o
LOAD /Applications/STM32CubeIDE.app/Contents/Eclipse/plugins/com.st.stm32cube.ide.mcu.externaltools.gnu-tools-for-stm32.12.3.rel1.macos64_1.0.200.202406191456/tools/bin/../lib/gcc/arm-none-eabi/12.3.1/../../../../arm-none-eabi/lib/thumb/v7e-m/nofp/crt0.o
LOAD ./Core/Src/main.o
LOAD ./Core/Src/stm32_lpm_if.o
LOAD ./Core/Src/stm32wlxx_hal_msp.o
LOAD ./Core/Src/stm32wlxx_it.o
LOAD ./Core/Src/sys_app.o
LOAD ./Core/Src/sys_debug.o
LOAD ./Core/Src/syscalls.o
LOAD ./Core/Src/sysmem.o
LOAD ./Core/Src/system_stm32wlxx.o
LOAD ./Core/Src/timer_if.o
LOAD ./Core/Src/usart_if.o
LOAD ./Core/Startup/startup_stm32wle5jcix.o
LOAD ./Drivers/BSP/STM32WLxx_LoRa_E5_mini/stm32wlxx_LoRa_E5_mini.o
LOAD ./Drivers/BSP/STM32WLxx_LoRa_E5_mini/stm32wlxx_LoRa_E5_mini_radio.o
LOAD ./Drivers/STM32WLxx_HAL_Driver/Src/stm32wlxx_hal.o
LOAD ./Drivers/STM32WLxx_HAL_Driver/Src/stm32wlxx_hal_cortex.o
LOAD ./Drivers/STM32WLxx_HAL_Driver/Src/stm32wlxx_hal_dma.o
LOAD ./Drivers/STM32WLxx_HAL_Driver/Src/stm32wlxx_hal_dma_ex.o
LOAD ./Drivers/STM32WLxx_HAL_Driver/Src/stm32wlxx_hal_exti.o
LOAD ./Drivers/STM32WLxx_HAL_Driver/Src/stm32wlxx_hal_flash.o
LOAD ./Drivers/STM32WLxx_HAL_Driver/Src/stm32wlxx_hal_flash_ex.o
LOAD ./Drivers/STM32WLxx_HAL_Driver/Src/stm32wlxx_hal_gpio.o
LOAD ./Drivers/STM32WLxx_HAL_Driver/Src/stm32wlxx_hal_pwr.o
LOAD ./Drivers/STM32WLxx_HAL_Driver/Src/stm32wlxx_hal_pwr_ex.o
LOAD ./Drivers/STM32WLxx_HAL_Driver/Src/stm32wlxx_hal_rcc.o
LOAD ./Drivers/STM32WLxx_HAL_Driver/Src/stm32wlxx_hal_rcc_ex.o
LOAD ./Drivers/STM32WLxx_HAL_Driver/Src/stm32wlxx_hal_rtc.o
LOAD ./Drivers/STM32WLxx_HAL_Driver/Src/stm32wlxx_hal_rtc_ex.o
LOAD ./Drivers/STM32WLxx_HAL_Driver/Src/stm32wlxx_hal_subghz.o
LOAD ./Drivers/STM32WLxx_HAL_Driver/Src/stm32wlxx_hal_tim.o
LOAD ./Drivers/STM32WLxx_HAL_Driver/Src/stm32wlxx_hal_tim_ex.o
LOAD ./Drivers/STM32WLxx_HAL_Driver/Src/stm32wlxx_hal_uart.o
LOAD ./Drivers/STM32WLxx_HAL_Driver/Src/stm32wlxx_hal_uart_ex.o
LOAD ./Middlewares/Third_Party/SubGHz_Phy/stm32_radio_driver/lr_fhss_mac.o
LOAD ./Middlewares/Third_Party/SubGHz_Phy/stm32_radio_driver/radio.o
LOAD ./Middlewares/Third_Party/SubGHz_Phy/stm32_radio_driver/radio_driver.o
LOAD ./Middlewares/Third_Party/SubGHz_Phy/stm32_radio_driver/radio_fw.o
LOAD ./Middlewares/Third_Party/SubGHz_Phy/stm32_radio_driver/wl_lr_fhss.o
LOAD ./SubGHz_Phy/App/app_subghz_phy.o
LOAD ./SubGHz_Phy/App/subghz_phy_app.o
LOAD ./SubGHz_Phy/Target/radio_board_if.o
LOAD ./Utilities/lpm/tiny_lpm/stm32_lpm.o
LOAD ./Utilities/misc/stm32_mem.o
LOAD ./Utilities/misc/stm32_systime.o
LOAD ./Utilities/misc/stm32_tiny_sscanf.o
LOAD ./Utilities/misc/stm32_tiny_vsnprintf.o
LOAD ./Utilities/sequencer/stm32_seq.o
LOAD ./Utilities/timer/stm32_timer.o
LOAD ./Utilities/trace/adv_trace/stm32_adv_trace.o
START GROUP
LOAD /Applications/STM32CubeIDE.app/Contents/Eclipse/plugins/com.st.stm32cube.ide.mcu.externaltools.gnu-tools-for-stm32.12.3.rel1.macos64_1.0.200.202406191456/tools/bin/../lib/gcc/arm-none-eabi/12.3.1/../../../../arm-none-eabi/lib/thumb/v7e-m/nofp/libc_nano.a
LOAD /Applications/STM32CubeIDE.app/Contents/Eclipse/plugins/com.st.stm32cube.ide.mcu.externaltools.gnu-tools-for-stm32.12.3.rel1.macos64_1.0.200.202406191456/tools/bin/../lib/gcc/arm-none-eabi/12.3.1/../../../../arm-none-eabi/lib/thumb/v7e-m/nofp/libm.a
END GROUP
START GROUP
LOAD /Applications/STM32CubeIDE.app/Contents/Eclipse/plugins/com.st.stm32cube.ide.mcu.externaltools.gnu-tools-for-stm32.12.3.rel1.macos64_1.0.200.202406191456/tools/bin/../lib/gcc/arm-none-eabi/12.3.1/thumb/v7e-m/nofp/libgcc.a
LOAD /Applications/STM32CubeIDE.app/Contents/Eclipse/plugins/com.st.stm32cube.ide.mcu.externaltools.gnu-tools-for-stm32.12.3.rel1.macos64_1.0.200.202406191456/tools/bin/../lib/gcc/arm-none-eabi/12.3.1/../../../../arm-none-eabi/lib/thumb/v7e-m/nofp/libc_nano.a
END GROUP
START GROUP
LOAD /Applications/STM32CubeIDE.app/Contents/Eclipse/plugins/com.st.stm32cube.ide.mcu.externaltools.gnu-tools-for-stm32.12.3.rel1.macos64_1.0.200.202406191456/tools/bin/../lib/gcc/arm-none-eabi/12.3.1/thumb/v7e-m/nofp/libgcc.a
LOAD /Applications/STM32CubeIDE.app/Contents/Eclipse/plugins/com.st.stm32cube.ide.mcu.externaltools.gnu-tools-for-stm32.12.3.rel1.macos64_1.0.200.202406191456/tools/bin/../lib/gcc/arm-none-eabi/12.3.1/../../../../arm-none-eabi/lib/thumb/v7e-m/nofp/libc_nano.a
LOAD /Applications/STM32CubeIDE.app/Contents/Eclipse/plugins/com.st.stm32cube.ide.mcu.externaltools.gnu-tools-for-stm32.12.3.rel1.macos64_1.0.200.202406191456/tools/bin/../lib/gcc/arm-none-eabi/12.3.1/../../../../arm-none-eabi/lib/thumb/v7e-m/nofp/libnosys.a
END GROUP
START GROUP
LOAD /Applications/STM32CubeIDE.app/Contents/Eclipse/plugins/com.st.stm32cube.ide.mcu.externaltools.gnu-tools-for-stm32.12.3.rel1.macos64_1.0.200.202406191456/tools/bin/../lib/gcc/arm-none-eabi/12.3.1/thumb/v7e-m/nofp/libgcc.a
LOAD /Applications/STM32CubeIDE.app/Contents/Eclipse/plugins/com.st.stm32cube.ide.mcu.externaltools.gnu-tools-for-stm32.12.3.rel1.macos64_1.0.200.202406191456/tools/bin/../lib/gcc/arm-none-eabi/12.3.1/../../../../arm-none-eabi/lib/thumb/v7e-m/nofp/libc_nano.a
LOAD /Applications/STM32CubeIDE.app/Contents/Eclipse/plugins/com.st.stm32cube.ide.mcu.externaltools.gnu-tools-for-stm32.12.3.rel1.macos64_1.0.200.202406191456/tools/bin/../lib/gcc/arm-none-eabi/12.3.1/../../../../arm-none-eabi/lib/thumb/v7e-m/nofp/libnosys.a
END GROUP
LOAD /Applications/STM32CubeIDE.app/Contents/Eclipse/plugins/com.st.stm32cube.ide.mcu.externaltools.gnu-tools-for-stm32.12.3.rel1.macos64_1.0.200.202406191456/tools/bin/../lib/gcc/arm-none-eabi/12.3.1/thumb/v7e-m/nofp/crtend.o
LOAD /Applications/STM32CubeIDE.app/Contents/Eclipse/plugins/com.st.stm32cube.ide.mcu.externaltools.gnu-tools-for-stm32.12.3.rel1.macos64_1.0.200.202406191456/tools/bin/../lib/gcc/arm-none-eabi/12.3.1/thumb/v7e-m/nofp/crtn.o
                0x20010000                        _estack = (ORIGIN (RAM) + LENGTH (RAM))
                0x00000200                        _Min_Heap_Size = 0x200
                0x00000400                        _Min_Stack_Size = 0x400

.isr_vector     0x08000000      0x138
                0x08000000                        . = ALIGN (0x4)
 *(.isr_vector)
 .isr_vector    0x08000000      0x138 ./Core/Startup/startup_stm32wle5jcix.o
                0x08000000                g_pfnVectors
                0x08000138                        . = ALIGN (0x4)

.text           0x08000138     0xb9f8
                0x08000138                        . = ALIGN (0x4)
 *(.text)
 .text          0x08000138       0x40 /Applications/STM32CubeIDE.app/Contents/Eclipse/plugins/com.st.stm32cube.ide.mcu.externaltools.gnu-tools-for-stm32.12.3.rel1.macos64_1.0.200.202406191456/tools/bin/../lib/gcc/arm-none-eabi/12.3.1/thumb/v7e-m/nofp/crtbegin.o
 .text          0x08000178       0x10 /Applications/STM32CubeIDE.app/Contents/Eclipse/plugins/com.st.stm32cube.ide.mcu.externaltools.gnu-tools-for-stm32.12.3.rel1.macos64_1.0.200.202406191456/tools/bin/../lib/gcc/arm-none-eabi/12.3.1/../../../../arm-none-eabi/lib/thumb/v7e-m/nofp/libc_nano.a(libc_a-strlen.o)
                0x08000178                strlen
 .text          0x08000188       0x30 /Applications/STM32CubeIDE.app/Contents/Eclipse/plugins/com.st.stm32cube.ide.mcu.externaltools.gnu-tools-for-stm32.12.3.rel1.macos64_1.0.200.202406191456/tools/bin/../lib/gcc/arm-none-eabi/12.3.1/thumb/v7e-m/nofp/libgcc.a(_aeabi_uldivmod.o)
                0x08000188                __aeabi_uldivmod
 .text          0x080001b8      0x2bc /Applications/STM32CubeIDE.app/Contents/Eclipse/plugins/com.st.stm32cube.ide.mcu.externaltools.gnu-tools-for-stm32.12.3.rel1.macos64_1.0.200.202406191456/tools/bin/../lib/gcc/arm-none-eabi/12.3.1/thumb/v7e-m/nofp/libgcc.a(_udivmoddi4.o)
                0x080001b8                __udivmoddi4
 .text          0x08000474        0x4 /Applications/STM32CubeIDE.app/Contents/Eclipse/plugins/com.st.stm32cube.ide.mcu.externaltools.gnu-tools-for-stm32.12.3.rel1.macos64_1.0.200.202406191456/tools/bin/../lib/gcc/arm-none-eabi/12.3.1/thumb/v7e-m/nofp/libgcc.a(_dvmd_tls.o)
                0x08000474                __aeabi_ldiv0
                0x08000474                __aeabi_idiv0
 *(.text*)
 .text.LL_RCC_LSE_SetDriveCapability
                0x08000478       0x2a ./Core/Src/main.o
 .text.LL_AHB1_GRP1_EnableClock
                0x080004a2       0x30 ./Core/Src/main.o
 .text.LL_AHB2_GRP1_EnableClock
                0x080004d2       0x30 ./Core/Src/main.o
 .text.main     0x08000502       0x26 ./Core/Src/main.o
                0x08000502                main
 .text.SystemClock_Config
                0x08000528       0xbc ./Core/Src/main.o
                0x08000528                SystemClock_Config
 .text.MX_RTC_Init
                0x080005e4       0xa4 ./Core/Src/main.o
                0x080005e4                MX_RTC_Init
 .text.MX_SUBGHZ_Init
                0x08000688       0x24 ./Core/Src/main.o
                0x08000688                MX_SUBGHZ_Init
 .text.MX_USART1_UART_Init
                0x080006ac       0x98 ./Core/Src/main.o
                0x080006ac                MX_USART1_UART_Init
 .text.MX_DMA_Init
                0x08000744       0x24 ./Core/Src/main.o
                0x08000744                MX_DMA_Init
 .text.MX_GPIO_Init
                0x08000768       0xb4 ./Core/Src/main.o
                0x08000768                MX_GPIO_Init
 .text.Error_Handler
                0x0800081c        0xc ./Core/Src/main.o
                0x0800081c                Error_Handler
 .text.LL_PWR_ClearFlag_C1STOP_C1STB
                0x08000828       0x18 ./Core/Src/stm32_lpm_if.o
 .text.PWR_EnterOffMode
                0x08000840        0xc ./Core/Src/stm32_lpm_if.o
                0x08000840                PWR_EnterOffMode
 .text.PWR_ExitOffMode
                0x0800084c        0xc ./Core/Src/stm32_lpm_if.o
                0x0800084c                PWR_ExitOffMode
 .text.PWR_EnterStopMode
                0x08000858       0x16 ./Core/Src/stm32_lpm_if.o
                0x08000858                PWR_EnterStopMode
 .text.PWR_ExitStopMode
                0x0800086e       0x10 ./Core/Src/stm32_lpm_if.o
                0x0800086e                PWR_ExitStopMode
 .text.PWR_EnterSleepMode
                0x0800087e       0x14 ./Core/Src/stm32_lpm_if.o
                0x0800087e                PWR_EnterSleepMode
 .text.PWR_ExitSleepMode
                0x08000892        0xc ./Core/Src/stm32_lpm_if.o
                0x08000892                PWR_ExitSleepMode
 .text.LL_RCC_EnableRTC
                0x0800089e       0x20 ./Core/Src/stm32wlxx_hal_msp.o
 .text.LL_AHB2_GRP1_EnableClock
                0x080008be       0x30 ./Core/Src/stm32wlxx_hal_msp.o
 .text.LL_APB1_GRP1_EnableClock
                0x080008ee       0x30 ./Core/Src/stm32wlxx_hal_msp.o
 .text.LL_APB2_GRP1_EnableClock
                0x0800091e       0x30 ./Core/Src/stm32wlxx_hal_msp.o
 .text.LL_APB2_GRP1_DisableClock
                0x0800094e       0x24 ./Core/Src/stm32wlxx_hal_msp.o
 .text.LL_APB3_GRP1_EnableClock
                0x08000972       0x30 ./Core/Src/stm32wlxx_hal_msp.o
 .text.HAL_MspInit
                0x080009a2        0xc ./Core/Src/stm32wlxx_hal_msp.o
                0x080009a2                HAL_MspInit
 *fill*         0x080009ae        0x2 
 .text.HAL_RTC_MspInit
                0x080009b0       0x78 ./Core/Src/stm32wlxx_hal_msp.o
                0x080009b0                HAL_RTC_MspInit
 .text.HAL_SUBGHZ_MspInit
                0x08000a28       0x26 ./Core/Src/stm32wlxx_hal_msp.o
                0x08000a28                HAL_SUBGHZ_MspInit
 *fill*         0x08000a4e        0x2 
 .text.HAL_UART_MspInit
                0x08000a50       0xf8 ./Core/Src/stm32wlxx_hal_msp.o
                0x08000a50                HAL_UART_MspInit
 .text.HAL_UART_MspDeInit
                0x08000b48       0x44 ./Core/Src/stm32wlxx_hal_msp.o
                0x08000b48                HAL_UART_MspDeInit
 .text.NMI_Handler
                0x08000b8c        0x8 ./Core/Src/stm32wlxx_it.o
                0x08000b8c                NMI_Handler
 .text.HardFault_Handler
                0x08000b94        0x8 ./Core/Src/stm32wlxx_it.o
                0x08000b94                HardFault_Handler
 .text.MemManage_Handler
                0x08000b9c        0x8 ./Core/Src/stm32wlxx_it.o
                0x08000b9c                MemManage_Handler
 .text.BusFault_Handler
                0x08000ba4        0x8 ./Core/Src/stm32wlxx_it.o
                0x08000ba4                BusFault_Handler
 .text.UsageFault_Handler
                0x08000bac        0x8 ./Core/Src/stm32wlxx_it.o
                0x08000bac                UsageFault_Handler
 .text.SVC_Handler
                0x08000bb4        0xc ./Core/Src/stm32wlxx_it.o
                0x08000bb4                SVC_Handler
 .text.DebugMon_Handler
                0x08000bc0        0xc ./Core/Src/stm32wlxx_it.o
                0x08000bc0                DebugMon_Handler
 .text.PendSV_Handler
                0x08000bcc        0xc ./Core/Src/stm32wlxx_it.o
                0x08000bcc                PendSV_Handler
 .text.SysTick_Handler
                0x08000bd8        0xc ./Core/Src/stm32wlxx_it.o
                0x08000bd8                SysTick_Handler
 .text.TAMP_STAMP_LSECSS_SSRU_IRQHandler
                0x08000be4       0x14 ./Core/Src/stm32wlxx_it.o
                0x08000be4                TAMP_STAMP_LSECSS_SSRU_IRQHandler
 .text.DMA1_Channel5_IRQHandler
                0x08000bf8       0x14 ./Core/Src/stm32wlxx_it.o
                0x08000bf8                DMA1_Channel5_IRQHandler
 .text.USART1_IRQHandler
                0x08000c0c       0x14 ./Core/Src/stm32wlxx_it.o
                0x08000c0c                USART1_IRQHandler
 .text.RTC_Alarm_IRQHandler
                0x08000c20       0x14 ./Core/Src/stm32wlxx_it.o
                0x08000c20                RTC_Alarm_IRQHandler
 .text.SUBGHZ_Radio_IRQHandler
                0x08000c34       0x14 ./Core/Src/stm32wlxx_it.o
                0x08000c34                SUBGHZ_Radio_IRQHandler
 .text.LL_RCC_SetClkAfterWakeFromStop
                0x08000c48       0x26 ./Core/Src/sys_app.o
 *fill*         0x08000c6e        0x2 
 .text.SystemApp_Init
                0x08000c70       0x40 ./Core/Src/sys_app.o
                0x08000c70                SystemApp_Init
 .text.UTIL_SEQ_Idle
                0x08000cb0        0xc ./Core/Src/sys_app.o
                0x08000cb0                UTIL_SEQ_Idle
 .text.TimestampNow
                0x08000cbc       0x40 ./Core/Src/sys_app.o
 .text.UTIL_ADV_TRACE_PreSendHook
                0x08000cfc       0x10 ./Core/Src/sys_app.o
                0x08000cfc                UTIL_ADV_TRACE_PreSendHook
 .text.UTIL_ADV_TRACE_PostSendHook
                0x08000d0c       0x10 ./Core/Src/sys_app.o
                0x08000d0c                UTIL_ADV_TRACE_PostSendHook
 .text.tiny_snprintf_like
                0x08000d1c       0x2c ./Core/Src/sys_app.o
 .text.HAL_InitTick
                0x08000d48       0x14 ./Core/Src/sys_app.o
                0x08000d48                HAL_InitTick
 .text.HAL_GetTick
                0x08000d5c       0x28 ./Core/Src/sys_app.o
                0x08000d5c                HAL_GetTick
 .text.HAL_Delay
                0x08000d84       0x18 ./Core/Src/sys_app.o
                0x08000d84                HAL_Delay
 .text.LL_AHB2_GRP1_EnableClock
                0x08000d9c       0x30 ./Core/Src/sys_debug.o
 .text.LL_EXTI_EnableIT_32_63
                0x08000dcc       0x28 ./Core/Src/sys_debug.o
 .text.DBG_Init
                0x08000df4       0x84 ./Core/Src/sys_debug.o
                0x08000df4                DBG_Init
 .text.SystemInit
                0x08000e78        0xc ./Core/Src/system_stm32wlxx.o
                0x08000e78                SystemInit
 .text.LL_RTC_TIME_GetSubSecond
                0x08000e84       0x16 ./Core/Src/timer_if.o
 *fill*         0x08000e9a        0x2 
 .text.TIMER_IF_Init
                0x08000e9c       0x64 ./Core/Src/timer_if.o
                0x08000e9c                TIMER_IF_Init
 .text.TIMER_IF_StartTimer
                0x08000f00       0x70 ./Core/Src/timer_if.o
                0x08000f00                TIMER_IF_StartTimer
 .text.TIMER_IF_StopTimer
                0x08000f70       0x34 ./Core/Src/timer_if.o
                0x08000f70                TIMER_IF_StopTimer
 .text.TIMER_IF_SetTimerContext
                0x08000fa4       0x1c ./Core/Src/timer_if.o
                0x08000fa4                TIMER_IF_SetTimerContext
 .text.TIMER_IF_GetTimerContext
                0x08000fc0       0x14 ./Core/Src/timer_if.o
                0x08000fc0                TIMER_IF_GetTimerContext
 .text.TIMER_IF_GetTimerElapsedTime
                0x08000fd4       0x28 ./Core/Src/timer_if.o
                0x08000fd4                TIMER_IF_GetTimerElapsedTime
 .text.TIMER_IF_GetTimerValue
                0x08000ffc       0x28 ./Core/Src/timer_if.o
                0x08000ffc                TIMER_IF_GetTimerValue
 .text.TIMER_IF_GetMinimumTimeout
                0x08001024       0x1a ./Core/Src/timer_if.o
                0x08001024                TIMER_IF_GetMinimumTimeout
 .text.TIMER_IF_Convert_ms2Tick
                0x0800103e       0x3a ./Core/Src/timer_if.o
                0x0800103e                TIMER_IF_Convert_ms2Tick
 .text.TIMER_IF_Convert_Tick2ms
                0x08001078       0x92 ./Core/Src/timer_if.o
                0x08001078                TIMER_IF_Convert_Tick2ms
 .text.TIMER_IF_DelayMs
                0x0800110a       0x34 ./Core/Src/timer_if.o
                0x0800110a                TIMER_IF_DelayMs
 .text.HAL_RTC_AlarmAEventCallback
                0x0800113e       0x14 ./Core/Src/timer_if.o
                0x0800113e                HAL_RTC_AlarmAEventCallback
 .text.HAL_RTCEx_SSRUEventCallback
                0x08001152       0x20 ./Core/Src/timer_if.o
                0x08001152                HAL_RTCEx_SSRUEventCallback
 .text.TIMER_IF_GetTime
                0x08001172       0x8e ./Core/Src/timer_if.o
                0x08001172                TIMER_IF_GetTime
 .text.TIMER_IF_BkUp_Write_Seconds
                0x08001200       0x20 ./Core/Src/timer_if.o
                0x08001200                TIMER_IF_BkUp_Write_Seconds
 .text.TIMER_IF_BkUp_Write_SubSeconds
                0x08001220       0x20 ./Core/Src/timer_if.o
                0x08001220                TIMER_IF_BkUp_Write_SubSeconds
 .text.TIMER_IF_BkUp_Read_Seconds
                0x08001240       0x24 ./Core/Src/timer_if.o
                0x08001240                TIMER_IF_BkUp_Read_Seconds
 .text.TIMER_IF_BkUp_Read_SubSeconds
                0x08001264       0x24 ./Core/Src/timer_if.o
                0x08001264                TIMER_IF_BkUp_Read_SubSeconds
 .text.TIMER_IF_BkUp_Write_MSBticks
                0x08001288       0x20 ./Core/Src/timer_if.o
 .text.TIMER_IF_BkUp_Read_MSBticks
                0x080012a8       0x20 ./Core/Src/timer_if.o
 .text.GetTimerTicks
                0x080012c8       0x38 ./Core/Src/timer_if.o
 .text.LL_APB2_GRP1_ForceReset
                0x08001300       0x22 ./Core/Src/usart_if.o
 .text.LL_APB2_GRP1_ReleaseReset
                0x08001322       0x24 ./Core/Src/usart_if.o
 *fill*         0x08001346        0x2 
 .text.LL_EXTI_EnableIT_0_31
                0x08001348       0x28 ./Core/Src/usart_if.o
 .text.vcom_Init
                0x08001370       0x2c ./Core/Src/usart_if.o
                0x08001370                vcom_Init
 .text.vcom_DeInit
                0x0800139c       0x2c ./Core/Src/usart_if.o
                0x0800139c                vcom_DeInit
 .text.vcom_Trace_DMA
                0x080013c8       0x28 ./Core/Src/usart_if.o
                0x080013c8                vcom_Trace_DMA
 .text.vcom_ReceiveInit
                0x080013f0       0x7c ./Core/Src/usart_if.o
                0x080013f0                vcom_ReceiveInit
 .text.vcom_Resume
                0x0800146c       0x30 ./Core/Src/usart_if.o
                0x0800146c                vcom_Resume
 .text.HAL_UART_TxCpltCallback
                0x0800149c       0x2c ./Core/Src/usart_if.o
                0x0800149c                HAL_UART_TxCpltCallback
 .text.HAL_UART_RxCpltCallback
                0x080014c8       0x50 ./Core/Src/usart_if.o
                0x080014c8                HAL_UART_RxCpltCallback
 .text.Reset_Handler
                0x08001518       0x50 ./Core/Startup/startup_stm32wle5jcix.o
                0x08001518                Reset_Handler
 .text.Default_Handler
                0x08001568        0x2 ./Core/Startup/startup_stm32wle5jcix.o
                0x08001568                DMA2_Channel3_IRQHandler
                0x08001568                TIM1_CC_IRQHandler
                0x08001568                EXTI3_IRQHandler
                0x08001568                LPTIM2_IRQHandler
                0x08001568                I2C3_ER_IRQHandler
                0x08001568                LPTIM3_IRQHandler
                0x08001568                EXTI0_IRQHandler
                0x08001568                I2C2_EV_IRQHandler
                0x08001568                SPI1_IRQHandler
                0x08001568                DMA2_Channel2_IRQHandler
                0x08001568                DMA1_Channel4_IRQHandler
                0x08001568                PKA_IRQHandler
                0x08001568                TIM17_IRQHandler
                0x08001568                DMA1_Channel7_IRQHandler
                0x08001568                SUBGHZSPI_IRQHandler
                0x08001568                DMA2_Channel1_IRQHandler
                0x08001568                I2C1_EV_IRQHandler
                0x08001568                DMAMUX1_OVR_IRQHandler
                0x08001568                DMA1_Channel6_IRQHandler
                0x08001568                TIM16_IRQHandler
                0x08001568                DMA2_Channel4_IRQHandler
                0x08001568                RCC_IRQHandler
                0x08001568                TIM1_TRG_COM_IRQHandler
                0x08001568                DMA1_Channel1_IRQHandler
                0x08001568                Default_Handler
                0x08001568                DMA2_Channel7_IRQHandler
                0x08001568                EXTI15_10_IRQHandler
                0x08001568                ADC_IRQHandler
                0x08001568                I2C3_EV_IRQHandler
                0x08001568                EXTI9_5_IRQHandler
                0x08001568                RTC_WKUP_IRQHandler
                0x08001568                PVD_PVM_IRQHandler
                0x08001568                SPI2_IRQHandler
                0x08001568                DMA2_Channel5_IRQHandler
                0x08001568                EXTI4_IRQHandler
                0x08001568                RNG_IRQHandler
                0x08001568                DMA1_Channel3_IRQHandler
                0x08001568                COMP_IRQHandler
                0x08001568                HSEM_IRQHandler
                0x08001568                TIM1_UP_IRQHandler
                0x08001568                WWDG_IRQHandler
                0x08001568                LPUART1_IRQHandler
                0x08001568                DMA2_Channel6_IRQHandler
                0x08001568                TIM2_IRQHandler
                0x08001568                TIM1_BRK_IRQHandler
                0x08001568                DAC_IRQHandler
                0x08001568                EXTI1_IRQHandler
                0x08001568                AES_IRQHandler
                0x08001568                USART2_IRQHandler
                0x08001568                I2C2_ER_IRQHandler
                0x08001568                DMA1_Channel2_IRQHandler
                0x08001568                FLASH_IRQHandler
                0x08001568                I2C1_ER_IRQHandler
                0x08001568                LPTIM1_IRQHandler
                0x08001568                EXTI2_IRQHandler
 *fill*         0x0800156a        0x2 
 .text.LL_DBGMCU_EnableDBGSleepMode
                0x0800156c       0x1c ./Drivers/STM32WLxx_HAL_Driver/Src/stm32wlxx_hal.o
 .text.LL_DBGMCU_EnableDBGStopMode
                0x08001588       0x1c ./Drivers/STM32WLxx_HAL_Driver/Src/stm32wlxx_hal.o
 .text.LL_DBGMCU_EnableDBGStandbyMode
                0x080015a4       0x1c ./Drivers/STM32WLxx_HAL_Driver/Src/stm32wlxx_hal.o
 .text.HAL_Init
                0x080015c0       0x40 ./Drivers/STM32WLxx_HAL_Driver/Src/stm32wlxx_hal.o
                0x080015c0                HAL_Init
 .text.HAL_SuspendTick
                0x08001600       0x1c ./Drivers/STM32WLxx_HAL_Driver/Src/stm32wlxx_hal.o
                0x08001600                HAL_SuspendTick
 .text.HAL_ResumeTick
                0x0800161c       0x1c ./Drivers/STM32WLxx_HAL_Driver/Src/stm32wlxx_hal.o
                0x0800161c                HAL_ResumeTick
 .text.HAL_DBGMCU_EnableDBGSleepMode
                0x08001638        0xc ./Drivers/STM32WLxx_HAL_Driver/Src/stm32wlxx_hal.o
                0x08001638                HAL_DBGMCU_EnableDBGSleepMode
 .text.HAL_DBGMCU_EnableDBGStopMode
                0x08001644        0xc ./Drivers/STM32WLxx_HAL_Driver/Src/stm32wlxx_hal.o
                0x08001644                HAL_DBGMCU_EnableDBGStopMode
 .text.HAL_DBGMCU_EnableDBGStandbyMode
                0x08001650        0xc ./Drivers/STM32WLxx_HAL_Driver/Src/stm32wlxx_hal.o
                0x08001650                HAL_DBGMCU_EnableDBGStandbyMode
 .text.__NVIC_SetPriorityGrouping
                0x0800165c       0x48 ./Drivers/STM32WLxx_HAL_Driver/Src/stm32wlxx_hal_cortex.o
 .text.__NVIC_GetPriorityGrouping
                0x080016a4       0x1c ./Drivers/STM32WLxx_HAL_Driver/Src/stm32wlxx_hal_cortex.o
 .text.__NVIC_EnableIRQ
                0x080016c0       0x38 ./Drivers/STM32WLxx_HAL_Driver/Src/stm32wlxx_hal_cortex.o
 .text.__NVIC_DisableIRQ
                0x080016f8       0x48 ./Drivers/STM32WLxx_HAL_Driver/Src/stm32wlxx_hal_cortex.o
 .text.__NVIC_SetPriority
                0x08001740       0x54 ./Drivers/STM32WLxx_HAL_Driver/Src/stm32wlxx_hal_cortex.o
 .text.NVIC_EncodePriority
                0x08001794       0x64 ./Drivers/STM32WLxx_HAL_Driver/Src/stm32wlxx_hal_cortex.o
 .text.HAL_NVIC_SetPriorityGrouping
                0x080017f8       0x16 ./Drivers/STM32WLxx_HAL_Driver/Src/stm32wlxx_hal_cortex.o
                0x080017f8                HAL_NVIC_SetPriorityGrouping
 .text.HAL_NVIC_SetPriority
                0x0800180e       0x34 ./Drivers/STM32WLxx_HAL_Driver/Src/stm32wlxx_hal_cortex.o
                0x0800180e                HAL_NVIC_SetPriority
 .text.HAL_NVIC_EnableIRQ
                0x08001842       0x1c ./Drivers/STM32WLxx_HAL_Driver/Src/stm32wlxx_hal_cortex.o
                0x08001842                HAL_NVIC_EnableIRQ
 .text.HAL_NVIC_DisableIRQ
                0x0800185e       0x1c ./Drivers/STM32WLxx_HAL_Driver/Src/stm32wlxx_hal_cortex.o
                0x0800185e                HAL_NVIC_DisableIRQ
 *fill*         0x0800187a        0x2 
 .text.HAL_DMA_Init
                0x0800187c      0x150 ./Drivers/STM32WLxx_HAL_Driver/Src/stm32wlxx_hal_dma.o
                0x0800187c                HAL_DMA_Init
 .text.HAL_DMA_DeInit
                0x080019cc      0x12c ./Drivers/STM32WLxx_HAL_Driver/Src/stm32wlxx_hal_dma.o
                0x080019cc                HAL_DMA_DeInit
 .text.HAL_DMA_Start_IT
                0x08001af8       0xfc ./Drivers/STM32WLxx_HAL_Driver/Src/stm32wlxx_hal_dma.o
                0x08001af8                HAL_DMA_Start_IT
 .text.HAL_DMA_Abort
                0x08001bf4       0xbc ./Drivers/STM32WLxx_HAL_Driver/Src/stm32wlxx_hal_dma.o
                0x08001bf4                HAL_DMA_Abort
 .text.HAL_DMA_Abort_IT
                0x08001cb0       0xbe ./Drivers/STM32WLxx_HAL_Driver/Src/stm32wlxx_hal_dma.o
                0x08001cb0                HAL_DMA_Abort_IT
 *fill*         0x08001d6e        0x2 
 .text.HAL_DMA_IRQHandler
                0x08001d70      0x18c ./Drivers/STM32WLxx_HAL_Driver/Src/stm32wlxx_hal_dma.o
                0x08001d70                HAL_DMA_IRQHandler
 .text.DMA_SetConfig
                0x08001efc       0x7a ./Drivers/STM32WLxx_HAL_Driver/Src/stm32wlxx_hal_dma.o
 *fill*         0x08001f76        0x2 
 .text.DMA_CalcDMAMUXChannelBaseAndMask
                0x08001f78       0x90 ./Drivers/STM32WLxx_HAL_Driver/Src/stm32wlxx_hal_dma.o
 .text.DMA_CalcDMAMUXRequestGenBaseAndMask
                0x08002008       0x48 ./Drivers/STM32WLxx_HAL_Driver/Src/stm32wlxx_hal_dma.o
 .text.HAL_GPIO_Init
                0x08002050      0x2c0 ./Drivers/STM32WLxx_HAL_Driver/Src/stm32wlxx_hal_gpio.o
                0x08002050                HAL_GPIO_Init
 .text.HAL_GPIO_DeInit
                0x08002310      0x19c ./Drivers/STM32WLxx_HAL_Driver/Src/stm32wlxx_hal_gpio.o
                0x08002310                HAL_GPIO_DeInit
 .text.HAL_GPIO_WritePin
                0x080024ac       0x2e ./Drivers/STM32WLxx_HAL_Driver/Src/stm32wlxx_hal_gpio.o
                0x080024ac                HAL_GPIO_WritePin
 *fill*         0x080024da        0x2 
 .text.HAL_PWR_EnableBkUpAccess
                0x080024dc       0x1c ./Drivers/STM32WLxx_HAL_Driver/Src/stm32wlxx_hal_pwr.o
                0x080024dc                HAL_PWR_EnableBkUpAccess
 .text.HAL_PWR_EnterSLEEPMode
                0x080024f8       0x68 ./Drivers/STM32WLxx_HAL_Driver/Src/stm32wlxx_hal_pwr.o
                0x080024f8                HAL_PWR_EnterSLEEPMode
 .text.HAL_PWREx_GetVoltageRange
                0x08002560       0x18 ./Drivers/STM32WLxx_HAL_Driver/Src/stm32wlxx_hal_pwr_ex.o
                0x08002560                HAL_PWREx_GetVoltageRange
 .text.HAL_PWREx_EnableLowPowerRunMode
                0x08002578       0x1c ./Drivers/STM32WLxx_HAL_Driver/Src/stm32wlxx_hal_pwr_ex.o
                0x08002578                HAL_PWREx_EnableLowPowerRunMode
 .text.HAL_PWREx_DisableLowPowerRunMode
                0x08002594       0x6c ./Drivers/STM32WLxx_HAL_Driver/Src/stm32wlxx_hal_pwr_ex.o
                0x08002594                HAL_PWREx_DisableLowPowerRunMode
 .text.HAL_PWREx_EnterSTOP2Mode
                0x08002600       0x54 ./Drivers/STM32WLxx_HAL_Driver/Src/stm32wlxx_hal_pwr_ex.o
                0x08002600                HAL_PWREx_EnterSTOP2Mode
 .text.LL_PWR_IsEnabledBkUpAccess
                0x08002654       0x24 ./Drivers/STM32WLxx_HAL_Driver/Src/stm32wlxx_hal_rcc.o
 .text.LL_RCC_HSE_EnableTcxo
                0x08002678       0x1c ./Drivers/STM32WLxx_HAL_Driver/Src/stm32wlxx_hal_rcc.o
 .text.LL_RCC_HSE_DisableTcxo
                0x08002694       0x1c ./Drivers/STM32WLxx_HAL_Driver/Src/stm32wlxx_hal_rcc.o
 .text.LL_RCC_HSE_IsEnabledDiv2
                0x080026b0       0x22 ./Drivers/STM32WLxx_HAL_Driver/Src/stm32wlxx_hal_rcc.o
 .text.LL_RCC_HSE_Enable
                0x080026d2       0x1c ./Drivers/STM32WLxx_HAL_Driver/Src/stm32wlxx_hal_rcc.o
 .text.LL_RCC_HSE_Disable
                0x080026ee       0x1c ./Drivers/STM32WLxx_HAL_Driver/Src/stm32wlxx_hal_rcc.o
 .text.LL_RCC_HSE_IsReady
                0x0800270a       0x22 ./Drivers/STM32WLxx_HAL_Driver/Src/stm32wlxx_hal_rcc.o
 .text.LL_RCC_HSI_Enable
                0x0800272c       0x1c ./Drivers/STM32WLxx_HAL_Driver/Src/stm32wlxx_hal_rcc.o
 .text.LL_RCC_HSI_Disable
                0x08002748       0x1c ./Drivers/STM32WLxx_HAL_Driver/Src/stm32wlxx_hal_rcc.o
 .text.LL_RCC_HSI_IsReady
                0x08002764       0x22 ./Drivers/STM32WLxx_HAL_Driver/Src/stm32wlxx_hal_rcc.o
 .text.LL_RCC_HSI_SetCalibTrimming
                0x08002786       0x28 ./Drivers/STM32WLxx_HAL_Driver/Src/stm32wlxx_hal_rcc.o
 .text.LL_RCC_LSE_IsReady
                0x080027ae       0x22 ./Drivers/STM32WLxx_HAL_Driver/Src/stm32wlxx_hal_rcc.o
 .text.LL_RCC_LSI_Enable
                0x080027d0       0x20 ./Drivers/STM32WLxx_HAL_Driver/Src/stm32wlxx_hal_rcc.o
 .text.LL_RCC_LSI_Disable
                0x080027f0       0x20 ./Drivers/STM32WLxx_HAL_Driver/Src/stm32wlxx_hal_rcc.o
 .text.LL_RCC_LSI_IsReady
                0x08002810       0x22 ./Drivers/STM32WLxx_HAL_Driver/Src/stm32wlxx_hal_rcc.o
 .text.LL_RCC_MSI_Enable
                0x08002832       0x1c ./Drivers/STM32WLxx_HAL_Driver/Src/stm32wlxx_hal_rcc.o
 .text.LL_RCC_MSI_Disable
                0x0800284e       0x1c ./Drivers/STM32WLxx_HAL_Driver/Src/stm32wlxx_hal_rcc.o
 .text.LL_RCC_MSI_IsReady
                0x0800286a       0x20 ./Drivers/STM32WLxx_HAL_Driver/Src/stm32wlxx_hal_rcc.o
 .text.LL_RCC_MSI_IsEnabledRangeSelect
                0x0800288a       0x20 ./Drivers/STM32WLxx_HAL_Driver/Src/stm32wlxx_hal_rcc.o
 .text.LL_RCC_MSI_GetRange
                0x080028aa       0x16 ./Drivers/STM32WLxx_HAL_Driver/Src/stm32wlxx_hal_rcc.o
 .text.LL_RCC_MSI_GetRangeAfterStandby
                0x080028c0       0x18 ./Drivers/STM32WLxx_HAL_Driver/Src/stm32wlxx_hal_rcc.o
 .text.LL_RCC_MSI_SetCalibTrimming
                0x080028d8       0x28 ./Drivers/STM32WLxx_HAL_Driver/Src/stm32wlxx_hal_rcc.o
 .text.LL_RCC_SetSysClkSource
                0x08002900       0x26 ./Drivers/STM32WLxx_HAL_Driver/Src/stm32wlxx_hal_rcc.o
 .text.LL_RCC_GetSysClkSource
                0x08002926       0x16 ./Drivers/STM32WLxx_HAL_Driver/Src/stm32wlxx_hal_rcc.o
 .text.LL_RCC_SetAHBPrescaler
                0x0800293c       0x26 ./Drivers/STM32WLxx_HAL_Driver/Src/stm32wlxx_hal_rcc.o
 .text.LL_RCC_SetAHB3Prescaler
                0x08002962       0x2c ./Drivers/STM32WLxx_HAL_Driver/Src/stm32wlxx_hal_rcc.o
 .text.LL_RCC_SetAPB1Prescaler
                0x0800298e       0x26 ./Drivers/STM32WLxx_HAL_Driver/Src/stm32wlxx_hal_rcc.o
 .text.LL_RCC_SetAPB2Prescaler
                0x080029b4       0x26 ./Drivers/STM32WLxx_HAL_Driver/Src/stm32wlxx_hal_rcc.o
 .text.LL_RCC_GetAHBPrescaler
                0x080029da       0x16 ./Drivers/STM32WLxx_HAL_Driver/Src/stm32wlxx_hal_rcc.o
 .text.LL_RCC_GetAHB3Prescaler
                0x080029f0       0x1a ./Drivers/STM32WLxx_HAL_Driver/Src/stm32wlxx_hal_rcc.o
 .text.LL_RCC_GetAPB1Prescaler
                0x08002a0a       0x16 ./Drivers/STM32WLxx_HAL_Driver/Src/stm32wlxx_hal_rcc.o
 .text.LL_RCC_GetAPB2Prescaler
                0x08002a20       0x16 ./Drivers/STM32WLxx_HAL_Driver/Src/stm32wlxx_hal_rcc.o
 .text.LL_RCC_PLL_Enable
                0x08002a36       0x1c ./Drivers/STM32WLxx_HAL_Driver/Src/stm32wlxx_hal_rcc.o
 .text.LL_RCC_PLL_Disable
                0x08002a52       0x1c ./Drivers/STM32WLxx_HAL_Driver/Src/stm32wlxx_hal_rcc.o
 .text.LL_RCC_PLL_IsReady
                0x08002a6e       0x22 ./Drivers/STM32WLxx_HAL_Driver/Src/stm32wlxx_hal_rcc.o
 .text.LL_RCC_PLL_GetN
                0x08002a90       0x18 ./Drivers/STM32WLxx_HAL_Driver/Src/stm32wlxx_hal_rcc.o
 .text.LL_RCC_PLL_GetR
                0x08002aa8       0x16 ./Drivers/STM32WLxx_HAL_Driver/Src/stm32wlxx_hal_rcc.o
 .text.LL_RCC_PLL_GetDivider
                0x08002abe       0x16 ./Drivers/STM32WLxx_HAL_Driver/Src/stm32wlxx_hal_rcc.o
 .text.LL_RCC_PLL_GetMainSource
                0x08002ad4       0x16 ./Drivers/STM32WLxx_HAL_Driver/Src/stm32wlxx_hal_rcc.o
 .text.LL_RCC_IsActiveFlag_HPRE
                0x08002aea       0x22 ./Drivers/STM32WLxx_HAL_Driver/Src/stm32wlxx_hal_rcc.o
 .text.LL_RCC_IsActiveFlag_SHDHPRE
                0x08002b0c       0x24 ./Drivers/STM32WLxx_HAL_Driver/Src/stm32wlxx_hal_rcc.o
 .text.LL_RCC_IsActiveFlag_PPRE1
                0x08002b30       0x22 ./Drivers/STM32WLxx_HAL_Driver/Src/stm32wlxx_hal_rcc.o
 .text.LL_RCC_IsActiveFlag_PPRE2
                0x08002b52       0x22 ./Drivers/STM32WLxx_HAL_Driver/Src/stm32wlxx_hal_rcc.o
 .text.HAL_RCC_OscConfig
                0x08002b74      0x704 ./Drivers/STM32WLxx_HAL_Driver/Src/stm32wlxx_hal_rcc.o
                0x08002b74                HAL_RCC_OscConfig
 .text.HAL_RCC_ClockConfig
                0x08003278      0x248 ./Drivers/STM32WLxx_HAL_Driver/Src/stm32wlxx_hal_rcc.o
                0x08003278                HAL_RCC_ClockConfig
 .text.HAL_RCC_GetSysClockFreq
                0x080034c0      0x140 ./Drivers/STM32WLxx_HAL_Driver/Src/stm32wlxx_hal_rcc.o
                0x080034c0                HAL_RCC_GetSysClockFreq
 .text.HAL_RCC_GetHCLKFreq
                0x08003600       0x28 ./Drivers/STM32WLxx_HAL_Driver/Src/stm32wlxx_hal_rcc.o
                0x08003600                HAL_RCC_GetHCLKFreq
 .text.HAL_RCC_GetPCLK1Freq
                0x08003628       0x24 ./Drivers/STM32WLxx_HAL_Driver/Src/stm32wlxx_hal_rcc.o
                0x08003628                HAL_RCC_GetPCLK1Freq
 .text.HAL_RCC_GetPCLK2Freq
                0x0800364c       0x24 ./Drivers/STM32WLxx_HAL_Driver/Src/stm32wlxx_hal_rcc.o
                0x0800364c                HAL_RCC_GetPCLK2Freq
 .text.RCC_SetFlashLatencyFromMSIRange
                0x08003670       0x60 ./Drivers/STM32WLxx_HAL_Driver/Src/stm32wlxx_hal_rcc.o
 .text.RCC_SetFlashLatency
                0x080036d0      0x104 ./Drivers/STM32WLxx_HAL_Driver/Src/stm32wlxx_hal_rcc.o
 .text.LL_RCC_LSE_IsReady
                0x080037d4       0x22 ./Drivers/STM32WLxx_HAL_Driver/Src/stm32wlxx_hal_rcc_ex.o
 .text.LL_RCC_SetUSARTClockSource
                0x080037f6       0x30 ./Drivers/STM32WLxx_HAL_Driver/Src/stm32wlxx_hal_rcc_ex.o
 .text.LL_RCC_SetI2SClockSource
                0x08003826       0x2a ./Drivers/STM32WLxx_HAL_Driver/Src/stm32wlxx_hal_rcc_ex.o
 .text.LL_RCC_SetLPUARTClockSource
                0x08003850       0x2a ./Drivers/STM32WLxx_HAL_Driver/Src/stm32wlxx_hal_rcc_ex.o
 .text.LL_RCC_SetI2CClockSource
                0x0800387a       0x38 ./Drivers/STM32WLxx_HAL_Driver/Src/stm32wlxx_hal_rcc_ex.o
 .text.LL_RCC_SetLPTIMClockSource
                0x080038b2       0x32 ./Drivers/STM32WLxx_HAL_Driver/Src/stm32wlxx_hal_rcc_ex.o
 .text.LL_RCC_SetRNGClockSource
                0x080038e4       0x2a ./Drivers/STM32WLxx_HAL_Driver/Src/stm32wlxx_hal_rcc_ex.o
 .text.LL_RCC_SetADCClockSource
                0x0800390e       0x2a ./Drivers/STM32WLxx_HAL_Driver/Src/stm32wlxx_hal_rcc_ex.o
 .text.LL_RCC_SetRTCClockSource
                0x08003938       0x2a ./Drivers/STM32WLxx_HAL_Driver/Src/stm32wlxx_hal_rcc_ex.o
 .text.LL_RCC_GetRTCClockSource
                0x08003962       0x18 ./Drivers/STM32WLxx_HAL_Driver/Src/stm32wlxx_hal_rcc_ex.o
 .text.LL_RCC_ForceBackupDomainReset
                0x0800397a       0x20 ./Drivers/STM32WLxx_HAL_Driver/Src/stm32wlxx_hal_rcc_ex.o
 .text.LL_RCC_ReleaseBackupDomainReset
                0x0800399a       0x20 ./Drivers/STM32WLxx_HAL_Driver/Src/stm32wlxx_hal_rcc_ex.o
 *fill*         0x080039ba        0x2 
 .text.HAL_RCCEx_PeriphCLKConfig
                0x080039bc      0x234 ./Drivers/STM32WLxx_HAL_Driver/Src/stm32wlxx_hal_rcc_ex.o
                0x080039bc                HAL_RCCEx_PeriphCLKConfig
 .text.HAL_RTC_Init
                0x08003bf0      0x104 ./Drivers/STM32WLxx_HAL_Driver/Src/stm32wlxx_hal_rtc.o
                0x08003bf0                HAL_RTC_Init
 .text.HAL_RTC_SetAlarm_IT
                0x08003cf4      0x218 ./Drivers/STM32WLxx_HAL_Driver/Src/stm32wlxx_hal_rtc.o
                0x08003cf4                HAL_RTC_SetAlarm_IT
 .text.HAL_RTC_DeactivateAlarm
                0x08003f0c       0xb8 ./Drivers/STM32WLxx_HAL_Driver/Src/stm32wlxx_hal_rtc.o
                0x08003f0c                HAL_RTC_DeactivateAlarm
 .text.HAL_RTC_AlarmIRQHandler
                0x08003fc4       0x54 ./Drivers/STM32WLxx_HAL_Driver/Src/stm32wlxx_hal_rtc.o
                0x08003fc4                HAL_RTC_AlarmIRQHandler
 .text.HAL_RTC_WaitForSynchro
                0x08004018       0x4c ./Drivers/STM32WLxx_HAL_Driver/Src/stm32wlxx_hal_rtc.o
                0x08004018                HAL_RTC_WaitForSynchro
 .text.RTC_EnterInitMode
                0x08004064       0x68 ./Drivers/STM32WLxx_HAL_Driver/Src/stm32wlxx_hal_rtc.o
                0x08004064                RTC_EnterInitMode
 .text.RTC_ExitInitMode
                0x080040cc       0x7c ./Drivers/STM32WLxx_HAL_Driver/Src/stm32wlxx_hal_rtc.o
                0x080040cc                RTC_ExitInitMode
 .text.RTC_ByteToBcd2
                0x08004148       0x3e ./Drivers/STM32WLxx_HAL_Driver/Src/stm32wlxx_hal_rtc.o
                0x08004148                RTC_ByteToBcd2
 *fill*         0x08004186        0x2 
 .text.HAL_RTCEx_EnableBypassShadow
                0x08004188       0x64 ./Drivers/STM32WLxx_HAL_Driver/Src/stm32wlxx_hal_rtc_ex.o
                0x08004188                HAL_RTCEx_EnableBypassShadow
 .text.HAL_RTCEx_SetSSRU_IT
                0x080041ec       0x78 ./Drivers/STM32WLxx_HAL_Driver/Src/stm32wlxx_hal_rtc_ex.o
                0x080041ec                HAL_RTCEx_SetSSRU_IT
 .text.HAL_RTCEx_SSRUIRQHandler
                0x08004264       0x34 ./Drivers/STM32WLxx_HAL_Driver/Src/stm32wlxx_hal_rtc_ex.o
                0x08004264                HAL_RTCEx_SSRUIRQHandler
 .text.HAL_RTCEx_AlarmBEventCallback
                0x08004298       0x12 ./Drivers/STM32WLxx_HAL_Driver/Src/stm32wlxx_hal_rtc_ex.o
                0x08004298                HAL_RTCEx_AlarmBEventCallback
 *fill*         0x080042aa        0x2 
 .text.HAL_RTCEx_BKUPWrite
                0x080042ac       0x30 ./Drivers/STM32WLxx_HAL_Driver/Src/stm32wlxx_hal_rtc_ex.o
                0x080042ac                HAL_RTCEx_BKUPWrite
 .text.HAL_RTCEx_BKUPRead
                0x080042dc       0x2c ./Drivers/STM32WLxx_HAL_Driver/Src/stm32wlxx_hal_rtc_ex.o
                0x080042dc                HAL_RTCEx_BKUPRead
 .text.LL_PWR_SetRadioBusyTrigger
                0x08004308       0x28 ./Drivers/STM32WLxx_HAL_Driver/Src/stm32wlxx_hal_subghz.o
 .text.LL_PWR_UnselectSUBGHZSPI_NSS
                0x08004330       0x20 ./Drivers/STM32WLxx_HAL_Driver/Src/stm32wlxx_hal_subghz.o
 .text.LL_PWR_SelectSUBGHZSPI_NSS
                0x08004350       0x20 ./Drivers/STM32WLxx_HAL_Driver/Src/stm32wlxx_hal_subghz.o
 .text.LL_PWR_ClearFlag_RFBUSY
                0x08004370       0x18 ./Drivers/STM32WLxx_HAL_Driver/Src/stm32wlxx_hal_subghz.o
 .text.LL_PWR_IsActiveFlag_RFBUSYS
                0x08004388       0x24 ./Drivers/STM32WLxx_HAL_Driver/Src/stm32wlxx_hal_subghz.o
 .text.LL_PWR_IsActiveFlag_RFBUSYMS
                0x080043ac       0x24 ./Drivers/STM32WLxx_HAL_Driver/Src/stm32wlxx_hal_subghz.o
 .text.LL_RCC_RF_DisableReset
                0x080043d0       0x20 ./Drivers/STM32WLxx_HAL_Driver/Src/stm32wlxx_hal_subghz.o
 .text.LL_RCC_IsRFUnderReset
                0x080043f0       0x24 ./Drivers/STM32WLxx_HAL_Driver/Src/stm32wlxx_hal_subghz.o
 .text.LL_EXTI_EnableIT_32_63
                0x08004414       0x28 ./Drivers/STM32WLxx_HAL_Driver/Src/stm32wlxx_hal_subghz.o
 .text.HAL_SUBGHZ_Init
                0x0800443c       0xc8 ./Drivers/STM32WLxx_HAL_Driver/Src/stm32wlxx_hal_subghz.o
                0x0800443c                HAL_SUBGHZ_Init
 .text.HAL_SUBGHZ_WriteRegisters
                0x08004504       0xbe ./Drivers/STM32WLxx_HAL_Driver/Src/stm32wlxx_hal_subghz.o
                0x08004504                HAL_SUBGHZ_WriteRegisters
 .text.HAL_SUBGHZ_ReadRegisters
                0x080045c2       0xc2 ./Drivers/STM32WLxx_HAL_Driver/Src/stm32wlxx_hal_subghz.o
                0x080045c2                HAL_SUBGHZ_ReadRegisters
 .text.HAL_SUBGHZ_ExecSetCmd
                0x08004684       0xbe ./Drivers/STM32WLxx_HAL_Driver/Src/stm32wlxx_hal_subghz.o
                0x08004684                HAL_SUBGHZ_ExecSetCmd
 .text.HAL_SUBGHZ_ExecGetCmd
                0x08004742       0xa8 ./Drivers/STM32WLxx_HAL_Driver/Src/stm32wlxx_hal_subghz.o
                0x08004742                HAL_SUBGHZ_ExecGetCmd
 .text.HAL_SUBGHZ_WriteBuffer
                0x080047ea       0xa6 ./Drivers/STM32WLxx_HAL_Driver/Src/stm32wlxx_hal_subghz.o
                0x080047ea                HAL_SUBGHZ_WriteBuffer
 .text.HAL_SUBGHZ_ReadBuffer
                0x08004890       0xb0 ./Drivers/STM32WLxx_HAL_Driver/Src/stm32wlxx_hal_subghz.o
                0x08004890                HAL_SUBGHZ_ReadBuffer
 .text.HAL_SUBGHZ_IRQHandler
                0x08004940       0xfa ./Drivers/STM32WLxx_HAL_Driver/Src/stm32wlxx_hal_subghz.o
                0x08004940                HAL_SUBGHZ_IRQHandler
 *fill*         0x08004a3a        0x2 
 .text.SUBGHZSPI_Init
                0x08004a3c       0x40 ./Drivers/STM32WLxx_HAL_Driver/Src/stm32wlxx_hal_subghz.o
                0x08004a3c                SUBGHZSPI_Init
 .text.SUBGHZSPI_Transmit
                0x08004a7c       0xac ./Drivers/STM32WLxx_HAL_Driver/Src/stm32wlxx_hal_subghz.o
                0x08004a7c                SUBGHZSPI_Transmit
 .text.SUBGHZSPI_Receive
                0x08004b28       0xb0 ./Drivers/STM32WLxx_HAL_Driver/Src/stm32wlxx_hal_subghz.o
                0x08004b28                SUBGHZSPI_Receive
 .text.SUBGHZ_CheckDeviceReady
                0x08004bd8       0x48 ./Drivers/STM32WLxx_HAL_Driver/Src/stm32wlxx_hal_subghz.o
                0x08004bd8                SUBGHZ_CheckDeviceReady
 .text.SUBGHZ_WaitOnBusy
                0x08004c20       0x5c ./Drivers/STM32WLxx_HAL_Driver/Src/stm32wlxx_hal_subghz.o
                0x08004c20                SUBGHZ_WaitOnBusy
 .text.LL_RCC_GetUSARTClockSource
                0x08004c7c       0x24 ./Drivers/STM32WLxx_HAL_Driver/Src/stm32wlxx_hal_uart.o
 .text.LL_RCC_GetLPUARTClockSource
                0x08004ca0       0x1e ./Drivers/STM32WLxx_HAL_Driver/Src/stm32wlxx_hal_uart.o
 .text.HAL_UART_Init
                0x08004cbe       0xa0 ./Drivers/STM32WLxx_HAL_Driver/Src/stm32wlxx_hal_uart.o
                0x08004cbe                HAL_UART_Init
 *fill*         0x08004d5e        0x2 
 .text.HAL_UART_Receive_IT
                0x08004d60       0x98 ./Drivers/STM32WLxx_HAL_Driver/Src/stm32wlxx_hal_uart.o
                0x08004d60                HAL_UART_Receive_IT
 .text.HAL_UART_Transmit_DMA
                0x08004df8      0x100 ./Drivers/STM32WLxx_HAL_Driver/Src/stm32wlxx_hal_uart.o
                0x08004df8                HAL_UART_Transmit_DMA
 .text.HAL_UART_IRQHandler
                0x08004ef8      0x648 ./Drivers/STM32WLxx_HAL_Driver/Src/stm32wlxx_hal_uart.o
                0x08004ef8                HAL_UART_IRQHandler
 .text.HAL_UART_TxHalfCpltCallback
                0x08005540       0x12 ./Drivers/STM32WLxx_HAL_Driver/Src/stm32wlxx_hal_uart.o
                0x08005540                HAL_UART_TxHalfCpltCallback
 .text.HAL_UART_ErrorCallback
                0x08005552       0x12 ./Drivers/STM32WLxx_HAL_Driver/Src/stm32wlxx_hal_uart.o
                0x08005552                HAL_UART_ErrorCallback
 .text.HAL_UARTEx_RxEventCallback
                0x08005564       0x16 ./Drivers/STM32WLxx_HAL_Driver/Src/stm32wlxx_hal_uart.o
                0x08005564                HAL_UARTEx_RxEventCallback
 *fill*         0x0800557a        0x2 
 .text.UART_SetConfig
                0x0800557c      0x4e8 ./Drivers/STM32WLxx_HAL_Driver/Src/stm32wlxx_hal_uart.o
                0x0800557c                UART_SetConfig
 .text.UART_AdvFeatureConfig
                0x08005a64      0x142 ./Drivers/STM32WLxx_HAL_Driver/Src/stm32wlxx_hal_uart.o
                0x08005a64                UART_AdvFeatureConfig
 .text.UART_CheckIdleState
                0x08005ba6       0x9c ./Drivers/STM32WLxx_HAL_Driver/Src/stm32wlxx_hal_uart.o
                0x08005ba6                UART_CheckIdleState
 .text.UART_WaitOnFlagUntilTimeout
                0x08005c42      0x190 ./Drivers/STM32WLxx_HAL_Driver/Src/stm32wlxx_hal_uart.o
                0x08005c42                UART_WaitOnFlagUntilTimeout
 *fill*         0x08005dd2        0x2 
 .text.UART_Start_Receive_IT
                0x08005dd4      0x240 ./Drivers/STM32WLxx_HAL_Driver/Src/stm32wlxx_hal_uart.o
                0x08005dd4                UART_Start_Receive_IT
 .text.UART_EndTxTransfer
                0x08006014       0x80 ./Drivers/STM32WLxx_HAL_Driver/Src/stm32wlxx_hal_uart.o
 .text.UART_EndRxTransfer
                0x08006094       0xca ./Drivers/STM32WLxx_HAL_Driver/Src/stm32wlxx_hal_uart.o
 .text.UART_DMATransmitCplt
                0x0800615e       0x9a ./Drivers/STM32WLxx_HAL_Driver/Src/stm32wlxx_hal_uart.o
 .text.UART_DMATxHalfCplt
                0x080061f8       0x1c ./Drivers/STM32WLxx_HAL_Driver/Src/stm32wlxx_hal_uart.o
 .text.UART_DMAError
                0x08006214       0x80 ./Drivers/STM32WLxx_HAL_Driver/Src/stm32wlxx_hal_uart.o
 .text.UART_DMAAbortOnError
                0x08006294       0x2c ./Drivers/STM32WLxx_HAL_Driver/Src/stm32wlxx_hal_uart.o
 .text.UART_EndTransmit_IT
                0x080062c0       0x56 ./Drivers/STM32WLxx_HAL_Driver/Src/stm32wlxx_hal_uart.o
 *fill*         0x08006316        0x2 
 .text.UART_RxISR_8BIT
                0x08006318      0x1b8 ./Drivers/STM32WLxx_HAL_Driver/Src/stm32wlxx_hal_uart.o
 .text.UART_RxISR_16BIT
                0x080064d0      0x1b8 ./Drivers/STM32WLxx_HAL_Driver/Src/stm32wlxx_hal_uart.o
 .text.UART_RxISR_8BIT_FIFOEN
                0x08006688      0x360 ./Drivers/STM32WLxx_HAL_Driver/Src/stm32wlxx_hal_uart.o
 .text.UART_RxISR_16BIT_FIFOEN
                0x080069e8      0x368 ./Drivers/STM32WLxx_HAL_Driver/Src/stm32wlxx_hal_uart.o
 .text.HAL_UARTEx_WakeupCallback
                0x08006d50       0x12 ./Drivers/STM32WLxx_HAL_Driver/Src/stm32wlxx_hal_uart_ex.o
                0x08006d50                HAL_UARTEx_WakeupCallback
 .text.HAL_UARTEx_RxFifoFullCallback
                0x08006d62       0x12 ./Drivers/STM32WLxx_HAL_Driver/Src/stm32wlxx_hal_uart_ex.o
                0x08006d62                HAL_UARTEx_RxFifoFullCallback
 .text.HAL_UARTEx_TxFifoEmptyCallback
                0x08006d74       0x12 ./Drivers/STM32WLxx_HAL_Driver/Src/stm32wlxx_hal_uart_ex.o
                0x08006d74                HAL_UARTEx_TxFifoEmptyCallback
 .text.HAL_UARTEx_StopModeWakeUpSourceConfig
                0x08006d86       0xb6 ./Drivers/STM32WLxx_HAL_Driver/Src/stm32wlxx_hal_uart_ex.o
                0x08006d86                HAL_UARTEx_StopModeWakeUpSourceConfig
 .text.HAL_UARTEx_EnableStopMode
                0x08006e3c       0x64 ./Drivers/STM32WLxx_HAL_Driver/Src/stm32wlxx_hal_uart_ex.o
                0x08006e3c                HAL_UARTEx_EnableStopMode
 .text.HAL_UARTEx_EnableFifoMode
                0x08006ea0       0x76 ./Drivers/STM32WLxx_HAL_Driver/Src/stm32wlxx_hal_uart_ex.o
                0x08006ea0                HAL_UARTEx_EnableFifoMode
 .text.HAL_UARTEx_SetTxFifoThreshold
                0x08006f16       0x7c ./Drivers/STM32WLxx_HAL_Driver/Src/stm32wlxx_hal_uart_ex.o
                0x08006f16                HAL_UARTEx_SetTxFifoThreshold
 .text.HAL_UARTEx_SetRxFifoThreshold
                0x08006f92       0x7c ./Drivers/STM32WLxx_HAL_Driver/Src/stm32wlxx_hal_uart_ex.o
                0x08006f92                HAL_UARTEx_SetRxFifoThreshold
 .text.UARTEx_Wakeup_AddressConfig
                0x0800700e       0x44 ./Drivers/STM32WLxx_HAL_Driver/Src/stm32wlxx_hal_uart_ex.o
 *fill*         0x08007052        0x2 
 .text.UARTEx_SetNbDataToProcess
                0x08007054       0x98 ./Drivers/STM32WLxx_HAL_Driver/Src/stm32wlxx_hal_uart_ex.o
 .text.RadioInit
                0x080070ec       0xb8 ./Middlewares/Third_Party/SubGHz_Phy/stm32_radio_driver/radio.o
 .text.RadioGetStatus
                0x080071a4       0x2e ./Middlewares/Third_Party/SubGHz_Phy/stm32_radio_driver/radio.o
 *fill*         0x080071d2        0x2 
 .text.RadioSetModem
                0x080071d4       0xb8 ./Middlewares/Third_Party/SubGHz_Phy/stm32_radio_driver/radio.o
 .text.RadioSetChannel
                0x0800728c       0x16 ./Middlewares/Third_Party/SubGHz_Phy/stm32_radio_driver/radio.o
 .text.RadioIsChannelFree
                0x080072a2       0xb4 ./Middlewares/Third_Party/SubGHz_Phy/stm32_radio_driver/radio.o
 .text.RadioRandom
                0x08007356       0x26 ./Middlewares/Third_Party/SubGHz_Phy/stm32_radio_driver/radio.o
 .text.RadioSetRxConfig
                0x0800737c      0x418 ./Middlewares/Third_Party/SubGHz_Phy/stm32_radio_driver/radio.o
 .text.RadioSetTxConfig
                0x08007794      0x224 ./Middlewares/Third_Party/SubGHz_Phy/stm32_radio_driver/radio.o
 .text.RadioCheckRfFrequency
                0x080079b8       0x14 ./Middlewares/Third_Party/SubGHz_Phy/stm32_radio_driver/radio.o
 .text.RadioGetLoRaBandwidthInHz
                0x080079cc       0xac ./Middlewares/Third_Party/SubGHz_Phy/stm32_radio_driver/radio.o
 .text.RadioGetGfskTimeOnAirNumerator
                0x08007a78       0x54 ./Middlewares/Third_Party/SubGHz_Phy/stm32_radio_driver/radio.o
 .text.RadioGetLoRaTimeOnAirNumerator
                0x08007acc      0x102 ./Middlewares/Third_Party/SubGHz_Phy/stm32_radio_driver/radio.o
 *fill*         0x08007bce        0x2 
 .text.RadioTimeOnAir
                0x08007bd0       0xb0 ./Middlewares/Third_Party/SubGHz_Phy/stm32_radio_driver/radio.o
 .text.RadioSend
                0x08007c80      0x200 ./Middlewares/Third_Party/SubGHz_Phy/stm32_radio_driver/radio.o
 .text.RadioSleep
                0x08007e80       0x26 ./Middlewares/Third_Party/SubGHz_Phy/stm32_radio_driver/radio.o
 .text.RadioStandby
                0x08007ea6        0xe ./Middlewares/Third_Party/SubGHz_Phy/stm32_radio_driver/radio.o
 .text.RadioRx  0x08007eb4       0x80 ./Middlewares/Third_Party/SubGHz_Phy/stm32_radio_driver/radio.o
 .text.RadioRxBoosted
                0x08007f34       0x80 ./Middlewares/Third_Party/SubGHz_Phy/stm32_radio_driver/radio.o
 .text.RadioSetRxDutyCycle
                0x08007fb4       0x48 ./Middlewares/Third_Party/SubGHz_Phy/stm32_radio_driver/radio.o
 .text.RadioStartCad
                0x08007ffc       0x30 ./Middlewares/Third_Party/SubGHz_Phy/stm32_radio_driver/radio.o
 .text.RadioSetTxContinuousWave
                0x0800802c       0x64 ./Middlewares/Third_Party/SubGHz_Phy/stm32_radio_driver/radio.o
 .text.RadioRssi
                0x08008090       0x18 ./Middlewares/Third_Party/SubGHz_Phy/stm32_radio_driver/radio.o
 .text.RadioWrite
                0x080080a8       0x24 ./Middlewares/Third_Party/SubGHz_Phy/stm32_radio_driver/radio.o
 .text.RadioRead
                0x080080cc       0x1c ./Middlewares/Third_Party/SubGHz_Phy/stm32_radio_driver/radio.o
 .text.RadioWriteRegisters
                0x080080e8       0x26 ./Middlewares/Third_Party/SubGHz_Phy/stm32_radio_driver/radio.o
 .text.RadioReadRegisters
                0x0800810e       0x26 ./Middlewares/Third_Party/SubGHz_Phy/stm32_radio_driver/radio.o
 .text.RadioSetMaxPayloadLength
                0x08008134       0x5c ./Middlewares/Third_Party/SubGHz_Phy/stm32_radio_driver/radio.o
 .text.RadioSetPublicNetwork
                0x08008190       0x5c ./Middlewares/Third_Party/SubGHz_Phy/stm32_radio_driver/radio.o
 .text.RadioGetWakeupTime
                0x080081ec       0x10 ./Middlewares/Third_Party/SubGHz_Phy/stm32_radio_driver/radio.o
 .text.RadioOnTxTimeoutIrq
                0x080081fc       0x14 ./Middlewares/Third_Party/SubGHz_Phy/stm32_radio_driver/radio.o
 .text.RadioOnRxTimeoutIrq
                0x08008210       0x14 ./Middlewares/Third_Party/SubGHz_Phy/stm32_radio_driver/radio.o
 .text.RadioOnTxTimeoutProcess
                0x08008224       0x28 ./Middlewares/Third_Party/SubGHz_Phy/stm32_radio_driver/radio.o
 .text.RadioOnRxTimeoutProcess
                0x0800824c       0x28 ./Middlewares/Third_Party/SubGHz_Phy/stm32_radio_driver/radio.o
 .text.RadioOnDioIrq
                0x08008274       0x24 ./Middlewares/Third_Party/SubGHz_Phy/stm32_radio_driver/radio.o
 .text.RadioIrqProcess
                0x08008298      0x44c ./Middlewares/Third_Party/SubGHz_Phy/stm32_radio_driver/radio.o
 .text.RadioTxPrbs
                0x080086e4       0x38 ./Middlewares/Third_Party/SubGHz_Phy/stm32_radio_driver/radio.o
 .text.RadioTxCw
                0x0800871c       0x38 ./Middlewares/Third_Party/SubGHz_Phy/stm32_radio_driver/radio.o
 .text.payload_integration
                0x08008754      0x120 ./Middlewares/Third_Party/SubGHz_Phy/stm32_radio_driver/radio.o
 .text.RadioSetRxGenericConfig
                0x08008874      0x388 ./Middlewares/Third_Party/SubGHz_Phy/stm32_radio_driver/radio.o
 .text.RadioSetTxGenericConfig
                0x08008bfc      0x46c ./Middlewares/Third_Party/SubGHz_Phy/stm32_radio_driver/radio.o
 .text.RadioLrFhssSetCfg
                0x08009068       0x18 ./Middlewares/Third_Party/SubGHz_Phy/stm32_radio_driver/radio.o
 .text.RadioLrFhssGetTimeOnAirInMs
                0x08009080       0x16 ./Middlewares/Third_Party/SubGHz_Phy/stm32_radio_driver/radio.o
 *fill*         0x08009096        0x2 
 .text.SUBGRF_Init
                0x08009098       0x90 ./Middlewares/Third_Party/SubGHz_Phy/stm32_radio_driver/radio_driver.o
                0x08009098                SUBGRF_Init
 .text.SUBGRF_GetOperatingMode
                0x08009128       0x14 ./Middlewares/Third_Party/SubGHz_Phy/stm32_radio_driver/radio_driver.o
                0x08009128                SUBGRF_GetOperatingMode
 .text.SUBGRF_SetPayload
                0x0800913c       0x20 ./Middlewares/Third_Party/SubGHz_Phy/stm32_radio_driver/radio_driver.o
                0x0800913c                SUBGRF_SetPayload
 .text.SUBGRF_GetPayload
                0x0800915c       0x44 ./Middlewares/Third_Party/SubGHz_Phy/stm32_radio_driver/radio_driver.o
                0x0800915c                SUBGRF_GetPayload
 .text.SUBGRF_SendPayload
                0x080091a0       0x26 ./Middlewares/Third_Party/SubGHz_Phy/stm32_radio_driver/radio_driver.o
                0x080091a0                SUBGRF_SendPayload
 .text.SUBGRF_SetSyncWord
                0x080091c6       0x1e ./Middlewares/Third_Party/SubGHz_Phy/stm32_radio_driver/radio_driver.o
                0x080091c6                SUBGRF_SetSyncWord
 .text.SUBGRF_SetCrcSeed
                0x080091e4       0x40 ./Middlewares/Third_Party/SubGHz_Phy/stm32_radio_driver/radio_driver.o
                0x080091e4                SUBGRF_SetCrcSeed
 .text.SUBGRF_SetCrcPolynomial
                0x08009224       0x40 ./Middlewares/Third_Party/SubGHz_Phy/stm32_radio_driver/radio_driver.o
                0x08009224                SUBGRF_SetCrcPolynomial
 .text.SUBGRF_SetWhiteningSeed
                0x08009264       0x66 ./Middlewares/Third_Party/SubGHz_Phy/stm32_radio_driver/radio_driver.o
                0x08009264                SUBGRF_SetWhiteningSeed
 .text.SUBGRF_GetRandom
                0x080092ca       0x8c ./Middlewares/Third_Party/SubGHz_Phy/stm32_radio_driver/radio_driver.o
                0x080092ca                SUBGRF_GetRandom
 *fill*         0x08009356        0x2 
 .text.SUBGRF_SetSleep
                0x08009358       0x64 ./Middlewares/Third_Party/SubGHz_Phy/stm32_radio_driver/radio_driver.o
                0x08009358                SUBGRF_SetSleep
 .text.SUBGRF_SetStandby
                0x080093bc       0x38 ./Middlewares/Third_Party/SubGHz_Phy/stm32_radio_driver/radio_driver.o
                0x080093bc                SUBGRF_SetStandby
 .text.SUBGRF_SetTx
                0x080093f4       0x40 ./Middlewares/Third_Party/SubGHz_Phy/stm32_radio_driver/radio_driver.o
                0x080093f4                SUBGRF_SetTx
 .text.SUBGRF_SetRx
                0x08009434       0x40 ./Middlewares/Third_Party/SubGHz_Phy/stm32_radio_driver/radio_driver.o
                0x08009434                SUBGRF_SetRx
 .text.SUBGRF_SetRxBoosted
                0x08009474       0x48 ./Middlewares/Third_Party/SubGHz_Phy/stm32_radio_driver/radio_driver.o
                0x08009474                SUBGRF_SetRxBoosted
 .text.SUBGRF_SetRxDutyCycle
                0x080094bc       0x58 ./Middlewares/Third_Party/SubGHz_Phy/stm32_radio_driver/radio_driver.o
                0x080094bc                SUBGRF_SetRxDutyCycle
 .text.SUBGRF_SetCad
                0x08009514       0x1c ./Middlewares/Third_Party/SubGHz_Phy/stm32_radio_driver/radio_driver.o
                0x08009514                SUBGRF_SetCad
 .text.SUBGRF_SetTxContinuousWave
                0x08009530       0x12 ./Middlewares/Third_Party/SubGHz_Phy/stm32_radio_driver/radio_driver.o
                0x08009530                SUBGRF_SetTxContinuousWave
 .text.SUBGRF_SetTxInfinitePreamble
                0x08009542       0x12 ./Middlewares/Third_Party/SubGHz_Phy/stm32_radio_driver/radio_driver.o
                0x08009542                SUBGRF_SetTxInfinitePreamble
 .text.SUBGRF_SetStopRxTimerOnPreambleDetect
                0x08009554       0x1e ./Middlewares/Third_Party/SubGHz_Phy/stm32_radio_driver/radio_driver.o
                0x08009554                SUBGRF_SetStopRxTimerOnPreambleDetect
 .text.SUBGRF_SetLoRaSymbNumTimeout
                0x08009572       0x5e ./Middlewares/Third_Party/SubGHz_Phy/stm32_radio_driver/radio_driver.o
                0x08009572                SUBGRF_SetLoRaSymbNumTimeout
 .text.SUBGRF_SetRegulatorMode
                0x080095d0       0x2e ./Middlewares/Third_Party/SubGHz_Phy/stm32_radio_driver/radio_driver.o
                0x080095d0                SUBGRF_SetRegulatorMode
 .text.SUBGRF_Calibrate
                0x080095fe       0x8c ./Middlewares/Third_Party/SubGHz_Phy/stm32_radio_driver/radio_driver.o
                0x080095fe                SUBGRF_Calibrate
 *fill*         0x0800968a        0x2 
 .text.SUBGRF_CalibrateImage
                0x0800968c       0x94 ./Middlewares/Third_Party/SubGHz_Phy/stm32_radio_driver/radio_driver.o
                0x0800968c                SUBGRF_CalibrateImage
 .text.SUBGRF_SetPaConfig
                0x08009720       0x44 ./Middlewares/Third_Party/SubGHz_Phy/stm32_radio_driver/radio_driver.o
                0x08009720                SUBGRF_SetPaConfig
 .text.SUBGRF_SetDioIrqParams
                0x08009764       0x74 ./Middlewares/Third_Party/SubGHz_Phy/stm32_radio_driver/radio_driver.o
                0x08009764                SUBGRF_SetDioIrqParams
 .text.SUBGRF_SetTcxoMode
                0x080097d8       0x42 ./Middlewares/Third_Party/SubGHz_Phy/stm32_radio_driver/radio_driver.o
                0x080097d8                SUBGRF_SetTcxoMode
 *fill*         0x0800981a        0x2 
 .text.SUBGRF_SetRfFrequency
                0x0800981c       0x8c ./Middlewares/Third_Party/SubGHz_Phy/stm32_radio_driver/radio_driver.o
                0x0800981c                SUBGRF_SetRfFrequency
 .text.SUBGRF_SetPacketType
                0x080098a8       0x38 ./Middlewares/Third_Party/SubGHz_Phy/stm32_radio_driver/radio_driver.o
                0x080098a8                SUBGRF_SetPacketType
 .text.SUBGRF_GetPacketType
                0x080098e0       0x14 ./Middlewares/Third_Party/SubGHz_Phy/stm32_radio_driver/radio_driver.o
                0x080098e0                SUBGRF_GetPacketType
 .text.SUBGRF_SetTxParams
                0x080098f4      0x19a ./Middlewares/Third_Party/SubGHz_Phy/stm32_radio_driver/radio_driver.o
                0x080098f4                SUBGRF_SetTxParams
 *fill*         0x08009a8e        0x2 
 .text.SUBGRF_SetModulationParams
                0x08009a90      0x1a4 ./Middlewares/Third_Party/SubGHz_Phy/stm32_radio_driver/radio_driver.o
                0x08009a90                SUBGRF_SetModulationParams
 .text.SUBGRF_SetPacketParams
                0x08009c34      0x13c ./Middlewares/Third_Party/SubGHz_Phy/stm32_radio_driver/radio_driver.o
                0x08009c34                SUBGRF_SetPacketParams
 .text.SUBGRF_SetBufferBaseAddress
                0x08009d70       0x2e ./Middlewares/Third_Party/SubGHz_Phy/stm32_radio_driver/radio_driver.o
                0x08009d70                SUBGRF_SetBufferBaseAddress
 .text.SUBGRF_GetRssiInst
                0x08009d9e       0x2a ./Middlewares/Third_Party/SubGHz_Phy/stm32_radio_driver/radio_driver.o
                0x08009d9e                SUBGRF_GetRssiInst
 .text.SUBGRF_GetRxBufferStatus
                0x08009dc8       0x58 ./Middlewares/Third_Party/SubGHz_Phy/stm32_radio_driver/radio_driver.o
                0x08009dc8                SUBGRF_GetRxBufferStatus
 .text.SUBGRF_GetPacketStatus
                0x08009e20       0xa4 ./Middlewares/Third_Party/SubGHz_Phy/stm32_radio_driver/radio_driver.o
                0x08009e20                SUBGRF_GetPacketStatus
 .text.SUBGRF_WriteRegister
                0x08009ec4       0x28 ./Middlewares/Third_Party/SubGHz_Phy/stm32_radio_driver/radio_driver.o
                0x08009ec4                SUBGRF_WriteRegister
 .text.SUBGRF_ReadRegister
                0x08009eec       0x28 ./Middlewares/Third_Party/SubGHz_Phy/stm32_radio_driver/radio_driver.o
                0x08009eec                SUBGRF_ReadRegister
 .text.SUBGRF_WriteRegisters
                0x08009f14       0x44 ./Middlewares/Third_Party/SubGHz_Phy/stm32_radio_driver/radio_driver.o
                0x08009f14                SUBGRF_WriteRegisters
 .text.SUBGRF_ReadRegisters
                0x08009f58       0x44 ./Middlewares/Third_Party/SubGHz_Phy/stm32_radio_driver/radio_driver.o
                0x08009f58                SUBGRF_ReadRegisters
 .text.SUBGRF_WriteBuffer
                0x08009f9c       0x44 ./Middlewares/Third_Party/SubGHz_Phy/stm32_radio_driver/radio_driver.o
                0x08009f9c                SUBGRF_WriteBuffer
 .text.SUBGRF_ReadBuffer
                0x08009fe0       0x44 ./Middlewares/Third_Party/SubGHz_Phy/stm32_radio_driver/radio_driver.o
                0x08009fe0                SUBGRF_ReadBuffer
 .text.SUBGRF_WriteCommand
                0x0800a024       0x44 ./Middlewares/Third_Party/SubGHz_Phy/stm32_radio_driver/radio_driver.o
                0x0800a024                SUBGRF_WriteCommand
 .text.SUBGRF_ReadCommand
                0x0800a068       0x44 ./Middlewares/Third_Party/SubGHz_Phy/stm32_radio_driver/radio_driver.o
                0x0800a068                SUBGRF_ReadCommand
 .text.SUBGRF_SetSwitch
                0x0800a0ac       0x50 ./Middlewares/Third_Party/SubGHz_Phy/stm32_radio_driver/radio_driver.o
                0x0800a0ac                SUBGRF_SetSwitch
 .text.SUBGRF_SetRfTxPower
                0x0800a0fc       0x68 ./Middlewares/Third_Party/SubGHz_Phy/stm32_radio_driver/radio_driver.o
                0x0800a0fc                SUBGRF_SetRfTxPower
 .text.SUBGRF_GetRadioWakeUpTime
                0x0800a164        0xe ./Middlewares/Third_Party/SubGHz_Phy/stm32_radio_driver/radio_driver.o
                0x0800a164                SUBGRF_GetRadioWakeUpTime
 *fill*         0x0800a172        0x2 
 .text.HAL_SUBGHZ_TxCpltCallback
                0x0800a174       0x1c ./Middlewares/Third_Party/SubGHz_Phy/stm32_radio_driver/radio_driver.o
                0x0800a174                HAL_SUBGHZ_TxCpltCallback
 .text.HAL_SUBGHZ_RxCpltCallback
                0x0800a190       0x1c ./Middlewares/Third_Party/SubGHz_Phy/stm32_radio_driver/radio_driver.o
                0x0800a190                HAL_SUBGHZ_RxCpltCallback
 .text.HAL_SUBGHZ_CRCErrorCallback
                0x0800a1ac       0x1c ./Middlewares/Third_Party/SubGHz_Phy/stm32_radio_driver/radio_driver.o
                0x0800a1ac                HAL_SUBGHZ_CRCErrorCallback
 .text.HAL_SUBGHZ_CADStatusCallback
                0x0800a1c8       0x3c ./Middlewares/Third_Party/SubGHz_Phy/stm32_radio_driver/radio_driver.o
                0x0800a1c8                HAL_SUBGHZ_CADStatusCallback
 .text.HAL_SUBGHZ_RxTxTimeoutCallback
                0x0800a204       0x20 ./Middlewares/Third_Party/SubGHz_Phy/stm32_radio_driver/radio_driver.o
                0x0800a204                HAL_SUBGHZ_RxTxTimeoutCallback
 .text.HAL_SUBGHZ_HeaderErrorCallback
                0x0800a224       0x1c ./Middlewares/Third_Party/SubGHz_Phy/stm32_radio_driver/radio_driver.o
                0x0800a224                HAL_SUBGHZ_HeaderErrorCallback
 .text.HAL_SUBGHZ_PreambleDetectedCallback
                0x0800a240       0x1c ./Middlewares/Third_Party/SubGHz_Phy/stm32_radio_driver/radio_driver.o
                0x0800a240                HAL_SUBGHZ_PreambleDetectedCallback
 .text.HAL_SUBGHZ_SyncWordValidCallback
                0x0800a25c       0x1c ./Middlewares/Third_Party/SubGHz_Phy/stm32_radio_driver/radio_driver.o
                0x0800a25c                HAL_SUBGHZ_SyncWordValidCallback
 .text.HAL_SUBGHZ_HeaderValidCallback
                0x0800a278       0x1c ./Middlewares/Third_Party/SubGHz_Phy/stm32_radio_driver/radio_driver.o
                0x0800a278                HAL_SUBGHZ_HeaderValidCallback
 .text.HAL_SUBGHZ_LrFhssHopCallback
                0x0800a294       0x20 ./Middlewares/Third_Party/SubGHz_Phy/stm32_radio_driver/radio_driver.o
                0x0800a294                HAL_SUBGHZ_LrFhssHopCallback
 .text.Radio_SMPS_Set
                0x0800a2b4       0x42 ./Middlewares/Third_Party/SubGHz_Phy/stm32_radio_driver/radio_driver.o
 *fill*         0x0800a2f6        0x2 
 .text.SUBGRF_GetFskBandwidthRegValue
                0x0800a2f8       0x50 ./Middlewares/Third_Party/SubGHz_Phy/stm32_radio_driver/radio_driver.o
                0x0800a2f8                SUBGRF_GetFskBandwidthRegValue
 .text.SUBGRF_GetCFO
                0x0800a348       0xe8 ./Middlewares/Third_Party/SubGHz_Phy/stm32_radio_driver/radio_driver.o
                0x0800a348                SUBGRF_GetCFO
 .text.RFW_TransmitLongPacket
                0x0800a430       0x24 ./Middlewares/Third_Party/SubGHz_Phy/stm32_radio_driver/radio_fw.o
                0x0800a430                RFW_TransmitLongPacket
 .text.RFW_ReceiveLongPacket
                0x0800a454       0x24 ./Middlewares/Third_Party/SubGHz_Phy/stm32_radio_driver/radio_fw.o
                0x0800a454                RFW_ReceiveLongPacket
 .text.RFW_Init
                0x0800a478       0x1a ./Middlewares/Third_Party/SubGHz_Phy/stm32_radio_driver/radio_fw.o
                0x0800a478                RFW_Init
 .text.RFW_DeInit
                0x0800a492        0xc ./Middlewares/Third_Party/SubGHz_Phy/stm32_radio_driver/radio_fw.o
                0x0800a492                RFW_DeInit
 .text.RFW_Is_Init
                0x0800a49e        0xe ./Middlewares/Third_Party/SubGHz_Phy/stm32_radio_driver/radio_fw.o
                0x0800a49e                RFW_Is_Init
 .text.RFW_Is_LongPacketModeEnabled
                0x0800a4ac        0xe ./Middlewares/Third_Party/SubGHz_Phy/stm32_radio_driver/radio_fw.o
                0x0800a4ac                RFW_Is_LongPacketModeEnabled
 .text.RFW_SetAntSwitch
                0x0800a4ba       0x14 ./Middlewares/Third_Party/SubGHz_Phy/stm32_radio_driver/radio_fw.o
                0x0800a4ba                RFW_SetAntSwitch
 .text.RFW_TransmitInit
                0x0800a4ce       0x20 ./Middlewares/Third_Party/SubGHz_Phy/stm32_radio_driver/radio_fw.o
                0x0800a4ce                RFW_TransmitInit
 .text.RFW_ReceiveInit
                0x0800a4ee       0x10 ./Middlewares/Third_Party/SubGHz_Phy/stm32_radio_driver/radio_fw.o
                0x0800a4ee                RFW_ReceiveInit
 .text.RFW_DeInit_TxLongPacket
                0x0800a4fe        0xc ./Middlewares/Third_Party/SubGHz_Phy/stm32_radio_driver/radio_fw.o
                0x0800a4fe                RFW_DeInit_TxLongPacket
 .text.RFW_ReceivePayload
                0x0800a50a        0xc ./Middlewares/Third_Party/SubGHz_Phy/stm32_radio_driver/radio_fw.o
                0x0800a50a                RFW_ReceivePayload
 .text.RFW_SetRadioModem
                0x0800a516       0x14 ./Middlewares/Third_Party/SubGHz_Phy/stm32_radio_driver/radio_fw.o
                0x0800a516                RFW_SetRadioModem
 .text.MX_SubGHz_Phy_Init
                0x0800a52a       0x10 ./SubGHz_Phy/App/app_subghz_phy.o
                0x0800a52a                MX_SubGHz_Phy_Init
 .text.MX_SubGHz_Phy_Process
                0x0800a53a       0x10 ./SubGHz_Phy/App/app_subghz_phy.o
                0x0800a53a                MX_SubGHz_Phy_Process
 *fill*         0x0800a54a        0x2 
 .text.SubghzApp_Init
                0x0800a54c       0x4c ./SubGHz_Phy/App/subghz_phy_app.o
                0x0800a54c                SubghzApp_Init
 .text.OnTxDone
                0x0800a598        0xc ./SubGHz_Phy/App/subghz_phy_app.o
 .text.OnRxDone
                0x0800a5a4       0x24 ./SubGHz_Phy/App/subghz_phy_app.o
 .text.OnTxTimeout
                0x0800a5c8        0xc ./SubGHz_Phy/App/subghz_phy_app.o
 .text.OnRxTimeout
                0x0800a5d4        0xc ./SubGHz_Phy/App/subghz_phy_app.o
 .text.OnRxError
                0x0800a5e0        0xc ./SubGHz_Phy/App/subghz_phy_app.o
 .text.RBI_Init
                0x0800a5ec       0x16 ./SubGHz_Phy/Target/radio_board_if.o
                0x0800a5ec                RBI_Init
 .text.RBI_ConfigRFSwitch
                0x0800a602       0x1a ./SubGHz_Phy/Target/radio_board_if.o
                0x0800a602                RBI_ConfigRFSwitch
 .text.RBI_GetTxConfig
                0x0800a61c       0x16 ./SubGHz_Phy/Target/radio_board_if.o
                0x0800a61c                RBI_GetTxConfig
 .text.RBI_IsTCXO
                0x0800a632       0x16 ./SubGHz_Phy/Target/radio_board_if.o
                0x0800a632                RBI_IsTCXO
 .text.RBI_IsDCDC
                0x0800a648       0x16 ./SubGHz_Phy/Target/radio_board_if.o
                0x0800a648                RBI_IsDCDC
 .text.RBI_GetRFOMaxPowerConfig
                0x0800a65e       0x2a ./SubGHz_Phy/Target/radio_board_if.o
                0x0800a65e                RBI_GetRFOMaxPowerConfig
 .text.UTIL_LPM_Init
                0x0800a688       0x20 ./Utilities/lpm/tiny_lpm/stm32_lpm.o
                0x0800a688                UTIL_LPM_Init
 .text.UTIL_LPM_SetStopMode
                0x0800a6a8       0x60 ./Utilities/lpm/tiny_lpm/stm32_lpm.o
                0x0800a6a8                UTIL_LPM_SetStopMode
 .text.UTIL_LPM_SetOffMode
                0x0800a708       0x60 ./Utilities/lpm/tiny_lpm/stm32_lpm.o
                0x0800a708                UTIL_LPM_SetOffMode
 .text.UTIL_LPM_EnterLowPower
                0x0800a768       0x6c ./Utilities/lpm/tiny_lpm/stm32_lpm.o
                0x0800a768                UTIL_LPM_EnterLowPower
 .text.UTIL_MEM_cpy_8
                0x0800a7d4       0x3e ./Utilities/misc/stm32_mem.o
                0x0800a7d4                UTIL_MEM_cpy_8
 .text.UTIL_MEM_set_8
                0x0800a812       0x36 ./Utilities/misc/stm32_mem.o
                0x0800a812                UTIL_MEM_set_8
 .text.SysTimeAdd
                0x0800a848       0x72 ./Utilities/misc/stm32_systime.o
                0x0800a848                SysTimeAdd
 *fill*         0x0800a8ba        0x2 
 .text.SysTimeGet
                0x0800a8bc       0x70 ./Utilities/misc/stm32_systime.o
                0x0800a8bc                SysTimeGet
 .text.ee_skip_atoi
                0x0800a92c       0x4c ./Utilities/misc/stm32_tiny_vsnprintf.o
 .text.ee_number
                0x0800a978      0x1dc ./Utilities/misc/stm32_tiny_vsnprintf.o
 .text.tiny_vsnprintf_like
                0x0800ab54      0x2a4 ./Utilities/misc/stm32_tiny_vsnprintf.o
                0x0800ab54                tiny_vsnprintf_like
 .text.UTIL_SEQ_Run
                0x0800adf8      0x1f8 ./Utilities/sequencer/stm32_seq.o
                0x0800adf8                UTIL_SEQ_Run
 .text.UTIL_SEQ_PreIdle
                0x0800aff0        0xc ./Utilities/sequencer/stm32_seq.o
                0x0800aff0                UTIL_SEQ_PreIdle
 .text.UTIL_SEQ_PostIdle
                0x0800affc        0xc ./Utilities/sequencer/stm32_seq.o
                0x0800affc                UTIL_SEQ_PostIdle
 .text.SEQ_BitPosition
                0x0800b008       0x70 ./Utilities/sequencer/stm32_seq.o
                0x0800b008                SEQ_BitPosition
 .text.UTIL_TIMER_Init
                0x0800b078       0x20 ./Utilities/timer/stm32_timer.o
                0x0800b078                UTIL_TIMER_Init
 .text.UTIL_TIMER_Create
                0x0800b098       0x6c ./Utilities/timer/stm32_timer.o
                0x0800b098                UTIL_TIMER_Create
 .text.UTIL_TIMER_Start
                0x0800b104       0xdc ./Utilities/timer/stm32_timer.o
                0x0800b104                UTIL_TIMER_Start
 .text.UTIL_TIMER_Stop
                0x0800b1e0       0xe0 ./Utilities/timer/stm32_timer.o
                0x0800b1e0                UTIL_TIMER_Stop
 .text.UTIL_TIMER_SetPeriod
                0x0800b2c0       0x54 ./Utilities/timer/stm32_timer.o
                0x0800b2c0                UTIL_TIMER_SetPeriod
 .text.UTIL_TIMER_IRQ_Handler
                0x0800b314      0x100 ./Utilities/timer/stm32_timer.o
                0x0800b314                UTIL_TIMER_IRQ_Handler
 .text.UTIL_TIMER_GetCurrentTime
                0x0800b414       0x24 ./Utilities/timer/stm32_timer.o
                0x0800b414                UTIL_TIMER_GetCurrentTime
 .text.UTIL_TIMER_GetElapsedTime
                0x0800b438       0x38 ./Utilities/timer/stm32_timer.o
                0x0800b438                UTIL_TIMER_GetElapsedTime
 .text.TimerExists
                0x0800b470       0x38 ./Utilities/timer/stm32_timer.o
                0x0800b470                TimerExists
 .text.TimerSetTimeout
                0x0800b4a8       0x54 ./Utilities/timer/stm32_timer.o
                0x0800b4a8                TimerSetTimeout
 .text.TimerInsertTimer
                0x0800b4fc       0x60 ./Utilities/timer/stm32_timer.o
                0x0800b4fc                TimerInsertTimer
 .text.TimerInsertNewHeadTimer
                0x0800b55c       0x3c ./Utilities/timer/stm32_timer.o
                0x0800b55c                TimerInsertNewHeadTimer
 .text.UTIL_ADV_TRACE_Init
                0x0800b598       0x38 ./Utilities/trace/adv_trace/stm32_adv_trace.o
                0x0800b598                UTIL_ADV_TRACE_Init
 .text.UTIL_ADV_TRACE_COND_FSend
                0x0800b5d0      0x100 ./Utilities/trace/adv_trace/stm32_adv_trace.o
                0x0800b5d0                UTIL_ADV_TRACE_COND_FSend
 .text.UTIL_ADV_TRACE_RegisterTimeStampFunction
                0x0800b6d0       0x1c ./Utilities/trace/adv_trace/stm32_adv_trace.o
                0x0800b6d0                UTIL_ADV_TRACE_RegisterTimeStampFunction
 .text.UTIL_ADV_TRACE_SetVerboseLevel
                0x0800b6ec       0x20 ./Utilities/trace/adv_trace/stm32_adv_trace.o
                0x0800b6ec                UTIL_ADV_TRACE_SetVerboseLevel
 .text.TRACE_Send
                0x0800b70c      0x108 ./Utilities/trace/adv_trace/stm32_adv_trace.o
 .text.TRACE_TxCpltCallback
                0x0800b814      0x118 ./Utilities/trace/adv_trace/stm32_adv_trace.o
 .text.TRACE_AllocateBufer
                0x0800b92c       0xfc ./Utilities/trace/adv_trace/stm32_adv_trace.o
 .text.TRACE_Lock
                0x0800ba28       0x3c ./Utilities/trace/adv_trace/stm32_adv_trace.o
 .text.TRACE_UnLock
                0x0800ba64       0x3c ./Utilities/trace/adv_trace/stm32_adv_trace.o
 .text.TRACE_IsLocked
                0x0800baa0       0x20 ./Utilities/trace/adv_trace/stm32_adv_trace.o
 .text.memset   0x0800bac0       0x10 /Applications/STM32CubeIDE.app/Contents/Eclipse/plugins/com.st.stm32cube.ide.mcu.externaltools.gnu-tools-for-stm32.12.3.rel1.macos64_1.0.200.202406191456/tools/bin/../lib/gcc/arm-none-eabi/12.3.1/../../../../arm-none-eabi/lib/thumb/v7e-m/nofp/libc_nano.a(libc_a-memset.o)
                0x0800bac0                memset
 .text.__libc_init_array
                0x0800bad0       0x48 /Applications/STM32CubeIDE.app/Contents/Eclipse/plugins/com.st.stm32cube.ide.mcu.externaltools.gnu-tools-for-stm32.12.3.rel1.macos64_1.0.200.202406191456/tools/bin/../lib/gcc/arm-none-eabi/12.3.1/../../../../arm-none-eabi/lib/thumb/v7e-m/nofp/libc_nano.a(libc_a-init.o)
                0x0800bad0                __libc_init_array
 *(.glue_7)
 .glue_7        0x0800bb18        0x0 linker stubs
 *(.glue_7t)
 .glue_7t       0x0800bb18        0x0 linker stubs
 *(.eh_frame)
 .eh_frame      0x0800bb18        0x0 /Applications/STM32CubeIDE.app/Contents/Eclipse/plugins/com.st.stm32cube.ide.mcu.externaltools.gnu-tools-for-stm32.12.3.rel1.macos64_1.0.200.202406191456/tools/bin/../lib/gcc/arm-none-eabi/12.3.1/thumb/v7e-m/nofp/crtbegin.o
 *(.init)
 .init          0x0800bb18        0x4 /Applications/STM32CubeIDE.app/Contents/Eclipse/plugins/com.st.stm32cube.ide.mcu.externaltools.gnu-tools-for-stm32.12.3.rel1.macos64_1.0.200.202406191456/tools/bin/../lib/gcc/arm-none-eabi/12.3.1/thumb/v7e-m/nofp/crti.o
                0x0800bb18                _init
 .init          0x0800bb1c        0x8 /Applications/STM32CubeIDE.app/Contents/Eclipse/plugins/com.st.stm32cube.ide.mcu.externaltools.gnu-tools-for-stm32.12.3.rel1.macos64_1.0.200.202406191456/tools/bin/../lib/gcc/arm-none-eabi/12.3.1/thumb/v7e-m/nofp/crtn.o
 *(.fini)
 .fini          0x0800bb24        0x4 /Applications/STM32CubeIDE.app/Contents/Eclipse/plugins/com.st.stm32cube.ide.mcu.externaltools.gnu-tools-for-stm32.12.3.rel1.macos64_1.0.200.202406191456/tools/bin/../lib/gcc/arm-none-eabi/12.3.1/thumb/v7e-m/nofp/crti.o
                0x0800bb24                _fini
 .fini          0x0800bb28        0x8 /Applications/STM32CubeIDE.app/Contents/Eclipse/plugins/com.st.stm32cube.ide.mcu.externaltools.gnu-tools-for-stm32.12.3.rel1.macos64_1.0.200.202406191456/tools/bin/../lib/gcc/arm-none-eabi/12.3.1/thumb/v7e-m/nofp/crtn.o
                0x0800bb30                        . = ALIGN (0x4)
                0x0800bb30                        _etext = .

.vfp11_veneer   0x0800bb30        0x0
 .vfp11_veneer  0x0800bb30        0x0 linker stubs

.v4_bx          0x0800bb30        0x0
 .v4_bx         0x0800bb30        0x0 linker stubs

.iplt           0x0800bb30        0x0
 .iplt          0x0800bb30        0x0 /Applications/STM32CubeIDE.app/Contents/Eclipse/plugins/com.st.stm32cube.ide.mcu.externaltools.gnu-tools-for-stm32.12.3.rel1.macos64_1.0.200.202406191456/tools/bin/../lib/gcc/arm-none-eabi/12.3.1/thumb/v7e-m/nofp/crtbegin.o

.rodata         0x0800bb30      0x390
                0x0800bb30                        . = ALIGN (0x4)
 *(.rodata)
 .rodata        0x0800bb30        0x9 ./Core/Src/sys_app.o
 *fill*         0x0800bb39        0x3 
 .rodata        0x0800bb3c       0x1c ./Drivers/STM32WLxx_HAL_Driver/Src/stm32wlxx_hal_rcc.o
 .rodata        0x0800bb58       0x7c ./Middlewares/Third_Party/SubGHz_Phy/stm32_radio_driver/radio.o
 .rodata        0x0800bbd4       0x11 ./Middlewares/Third_Party/SubGHz_Phy/stm32_radio_driver/radio_driver.o
 *fill*         0x0800bbe5        0x3 
 .rodata        0x0800bbe8       0x57 ./Utilities/misc/stm32_tiny_vsnprintf.o
 *(.rodata*)
 *fill*         0x0800bc3f        0x1 
 .rodata.UTIL_PowerDriver
                0x0800bc40       0x18 ./Core/Src/stm32_lpm_if.o
                0x0800bc40                UTIL_PowerDriver
 .rodata.AHBPrescTable
                0x0800bc58       0x40 ./Core/Src/system_stm32wlxx.o
                0x0800bc58                AHBPrescTable
 .rodata.APBPrescTable
                0x0800bc98       0x20 ./Core/Src/system_stm32wlxx.o
                0x0800bc98                APBPrescTable
 .rodata.MSIRangeTable
                0x0800bcb8       0x40 ./Core/Src/system_stm32wlxx.o
                0x0800bcb8                MSIRangeTable
 .rodata.UTIL_TimerDriver
                0x0800bcf8       0x2c ./Core/Src/timer_if.o
                0x0800bcf8                UTIL_TimerDriver
 .rodata.UTIL_SYSTIMDriver
                0x0800bd24       0x14 ./Core/Src/timer_if.o
                0x0800bd24                UTIL_SYSTIMDriver
 .rodata.UTIL_TraceDriver
                0x0800bd38       0x10 ./Core/Src/usart_if.o
                0x0800bd38                UTIL_TraceDriver
 .rodata.UARTPrescTable
                0x0800bd48       0x18 ./Drivers/STM32WLxx_HAL_Driver/Src/stm32wlxx_hal_uart.o
                0x0800bd48                UARTPrescTable
 .rodata.numerator.1
                0x0800bd60        0x8 ./Drivers/STM32WLxx_HAL_Driver/Src/stm32wlxx_hal_uart_ex.o
 .rodata.denominator.0
                0x0800bd68        0x8 ./Drivers/STM32WLxx_HAL_Driver/Src/stm32wlxx_hal_uart_ex.o
 .rodata.Radio  0x0800bd70       0x8c ./Middlewares/Third_Party/SubGHz_Phy/stm32_radio_driver/radio.o
                0x0800bd70                Radio
 .rodata.Bandwidths
                0x0800bdfc        0x3 ./Middlewares/Third_Party/SubGHz_Phy/stm32_radio_driver/radio.o
                0x0800bdfc                Bandwidths
 *fill*         0x0800bdff        0x1 
 .rodata.FskBandwidths
                0x0800be00       0xb0 ./Middlewares/Third_Party/SubGHz_Phy/stm32_radio_driver/radio_driver.o
 .rodata.SEQ_clz_table_4bit
                0x0800beb0       0x10 ./Utilities/sequencer/stm32_seq.o
                0x0800beb0                SEQ_clz_table_4bit
                0x0800bec0                        . = ALIGN (0x4)

.ARM.extab      0x0800bec0        0x0
                0x0800bec0                        . = ALIGN (0x4)
 *(.ARM.extab* .gnu.linkonce.armextab.*)
                0x0800bec0                        . = ALIGN (0x4)

.ARM            0x0800bec0        0x8
                0x0800bec0                        . = ALIGN (0x4)
                0x0800bec0                        __exidx_start = .
 *(.ARM.exidx*)
 .ARM.exidx     0x0800bec0        0x8 /Applications/STM32CubeIDE.app/Contents/Eclipse/plugins/com.st.stm32cube.ide.mcu.externaltools.gnu-tools-for-stm32.12.3.rel1.macos64_1.0.200.202406191456/tools/bin/../lib/gcc/arm-none-eabi/12.3.1/../../../../arm-none-eabi/lib/thumb/v7e-m/nofp/libc_nano.a(libc_a-strlen.o)
 .ARM.exidx     0x0800bec8        0x0 /Applications/STM32CubeIDE.app/Contents/Eclipse/plugins/com.st.stm32cube.ide.mcu.externaltools.gnu-tools-for-stm32.12.3.rel1.macos64_1.0.200.202406191456/tools/bin/../lib/gcc/arm-none-eabi/12.3.1/thumb/v7e-m/nofp/libgcc.a(_udivmoddi4.o)
                                  0x8 (size before relaxing)
                0x0800bec8                        __exidx_end = .
                0x0800bec8                        . = ALIGN (0x4)

.preinit_array  0x0800bec8        0x0
                0x0800bec8                        . = ALIGN (0x4)
                0x0800bec8                        PROVIDE (__preinit_array_start = .)
 *(.preinit_array*)
                0x0800bec8                        PROVIDE (__preinit_array_end = .)
                0x0800bec8                        . = ALIGN (0x4)

.init_array     0x0800bec8        0x4
                0x0800bec8                        . = ALIGN (0x4)
                0x0800bec8                        PROVIDE (__init_array_start = .)
 *(SORT_BY_NAME(.init_array.*))
 *(.init_array*)
 .init_array    0x0800bec8        0x4 /Applications/STM32CubeIDE.app/Contents/Eclipse/plugins/com.st.stm32cube.ide.mcu.externaltools.gnu-tools-for-stm32.12.3.rel1.macos64_1.0.200.202406191456/tools/bin/../lib/gcc/arm-none-eabi/12.3.1/thumb/v7e-m/nofp/crtbegin.o
                0x0800becc                        PROVIDE (__init_array_end = .)
                0x0800becc                        . = ALIGN (0x4)

.fini_array     0x0800becc        0x4
                0x0800becc                        . = ALIGN (0x4)
                [!provide]                        PROVIDE (__fini_array_start = .)
 *(SORT_BY_NAME(.fini_array.*))
 *(.fini_array*)
 .fini_array    0x0800becc        0x4 /Applications/STM32CubeIDE.app/Contents/Eclipse/plugins/com.st.stm32cube.ide.mcu.externaltools.gnu-tools-for-stm32.12.3.rel1.macos64_1.0.200.202406191456/tools/bin/../lib/gcc/arm-none-eabi/12.3.1/thumb/v7e-m/nofp/crtbegin.o
                [!provide]                        PROVIDE (__fini_array_end = .)
                0x0800bed0                        . = ALIGN (0x4)
                0x0800bed0                        _sidata = LOADADDR (.data)

.rel.dyn        0x0800bed0        0x0
 .rel.iplt      0x0800bed0        0x0 /Applications/STM32CubeIDE.app/Contents/Eclipse/plugins/com.st.stm32cube.ide.mcu.externaltools.gnu-tools-for-stm32.12.3.rel1.macos64_1.0.200.202406191456/tools/bin/../lib/gcc/arm-none-eabi/12.3.1/thumb/v7e-m/nofp/crtbegin.o

.data           0x20000000       0x1c load address 0x0800bed0
                0x20000000                        . = ALIGN (0x4)
                0x20000000                        _sdata = .
 *(.data)
 *(.data*)
 .data.SystemCoreClock
                0x20000000        0x4 ./Core/Src/system_stm32wlxx.o
                0x20000000                SystemCoreClock
 .data.uwTickPrio
                0x20000004        0x4 ./Drivers/STM32WLxx_HAL_Driver/Src/stm32wlxx_hal.o
                0x20000004                uwTickPrio
 .data.MaxPayloadLength
                0x20000008        0x1 ./Middlewares/Third_Party/SubGHz_Phy/stm32_radio_driver/radio.o
 *fill*         0x20000009        0x3 
 .data.lower_digits
                0x2000000c        0x4 ./Utilities/misc/stm32_tiny_vsnprintf.o
 .data.upper_digits
                0x20000010        0x4 ./Utilities/misc/stm32_tiny_vsnprintf.o
 .data.TaskMask
                0x20000014        0x4 ./Utilities/sequencer/stm32_seq.o
 .data.SuperMask
                0x20000018        0x4 ./Utilities/sequencer/stm32_seq.o
 *(.RamFunc)
 *(.RamFunc*)
                0x2000001c                        . = ALIGN (0x4)
                0x2000001c                        _edata = .

.igot.plt       0x2000001c        0x0 load address 0x0800beec
 .igot.plt      0x2000001c        0x0 /Applications/STM32CubeIDE.app/Contents/Eclipse/plugins/com.st.stm32cube.ide.mcu.externaltools.gnu-tools-for-stm32.12.3.rel1.macos64_1.0.200.202406191456/tools/bin/../lib/gcc/arm-none-eabi/12.3.1/thumb/v7e-m/nofp/crtbegin.o
                0x2000001c                        . = ALIGN (0x4)

.bss            0x2000001c      0x664 load address 0x0800beec
                0x2000001c                        _sbss = .
                0x2000001c                        __bss_start__ = _sbss
 *(.bss)
 .bss           0x2000001c       0x1c /Applications/STM32CubeIDE.app/Contents/Eclipse/plugins/com.st.stm32cube.ide.mcu.externaltools.gnu-tools-for-stm32.12.3.rel1.macos64_1.0.200.202406191456/tools/bin/../lib/gcc/arm-none-eabi/12.3.1/thumb/v7e-m/nofp/crtbegin.o
 *(.bss*)
 .bss.hrtc      0x20000038       0x38 ./Core/Src/main.o
                0x20000038                hrtc
 .bss.hsubghz   0x20000070        0xc ./Core/Src/main.o
                0x20000070                hsubghz
 .bss.huart1    0x2000007c       0x94 ./Core/Src/main.o
                0x2000007c                huart1
 .bss.hdma_usart1_tx
                0x20000110       0x60 ./Core/Src/main.o
                0x20000110                hdma_usart1_tx
 .bss.SYS_TimerInitialisedFlag
                0x20000170        0x1 ./Core/Src/sys_app.o
 .bss.RTC_Initialized
                0x20000171        0x1 ./Core/Src/timer_if.o
 *fill*         0x20000172        0x2 
 .bss.RtcTimerContext
                0x20000174        0x4 ./Core/Src/timer_if.o
 .bss.charRx    0x20000178        0x1 ./Core/Src/usart_if.o
                0x20000178                charRx
 *fill*         0x20000179        0x3 
 .bss.TxCpltCallback
                0x2000017c        0x4 ./Core/Src/usart_if.o
 .bss.RxCpltCallback
                0x20000180        0x4 ./Core/Src/usart_if.o
 .bss.RadioBuffer
                0x20000184       0xff ./Middlewares/Third_Party/SubGHz_Phy/stm32_radio_driver/radio.o
 *fill*         0x20000283        0x1 
 .bss.RadioEvents
                0x20000284        0x4 ./Middlewares/Third_Party/SubGHz_Phy/stm32_radio_driver/radio.o
 .bss.SubgRf    0x20000288       0x5c ./Middlewares/Third_Party/SubGHz_Phy/stm32_radio_driver/radio.o
                0x20000288                SubgRf
 .bss.TxTimeoutTimer
                0x200002e4       0x18 ./Middlewares/Third_Party/SubGHz_Phy/stm32_radio_driver/radio.o
                0x200002e4                TxTimeoutTimer
 .bss.RxTimeoutTimer
                0x200002fc       0x18 ./Middlewares/Third_Party/SubGHz_Phy/stm32_radio_driver/radio.o
                0x200002fc                RxTimeoutTimer
 .bss.OperatingMode
                0x20000314        0x1 ./Middlewares/Third_Party/SubGHz_Phy/stm32_radio_driver/radio_driver.o
 .bss.PacketType
                0x20000315        0x1 ./Middlewares/Third_Party/SubGHz_Phy/stm32_radio_driver/radio_driver.o
 .bss.LoRaHeaderType
                0x20000316        0x1 ./Middlewares/Third_Party/SubGHz_Phy/stm32_radio_driver/radio_driver.o
 *fill*         0x20000317        0x1 
 .bss.FrequencyError
                0x20000318        0x4 ./Middlewares/Third_Party/SubGHz_Phy/stm32_radio_driver/radio_driver.o
                0x20000318                FrequencyError
 .bss.ImageCalibrated
                0x2000031c        0x1 ./Middlewares/Third_Party/SubGHz_Phy/stm32_radio_driver/radio_driver.o
 *fill*         0x2000031d        0x3 
 .bss.RadioOnDioIrqCb
                0x20000320        0x4 ./Middlewares/Third_Party/SubGHz_Phy/stm32_radio_driver/radio_driver.o
 .bss.RadioEvents
                0x20000324       0x1c ./SubGHz_Phy/App/subghz_phy_app.o
 .bss.StopModeDisable
                0x20000340        0x4 ./Utilities/lpm/tiny_lpm/stm32_lpm.o
 .bss.OffModeDisable
                0x20000344        0x4 ./Utilities/lpm/tiny_lpm/stm32_lpm.o
 .bss.TaskSet   0x20000348        0x4 ./Utilities/sequencer/stm32_seq.o
 .bss.EvtSet    0x2000034c        0x4 ./Utilities/sequencer/stm32_seq.o
 .bss.EvtWaited
                0x20000350        0x4 ./Utilities/sequencer/stm32_seq.o
 .bss.CurrentTaskIdx
                0x20000354        0x4 ./Utilities/sequencer/stm32_seq.o
 .bss.TaskCb    0x20000358        0x4 ./Utilities/sequencer/stm32_seq.o
 .bss.TaskPrio  0x2000035c        0x8 ./Utilities/sequencer/stm32_seq.o
 .bss.TimerListHead
                0x20000364        0x4 ./Utilities/timer/stm32_timer.o
 .bss.ADV_TRACE_Ctx
                0x20000368       0x18 ./Utilities/trace/adv_trace/stm32_adv_trace.o
 .bss.ADV_TRACE_Buffer
                0x20000380      0x200 ./Utilities/trace/adv_trace/stm32_adv_trace.o
 .bss.sztmp     0x20000580      0x100 ./Utilities/trace/adv_trace/stm32_adv_trace.o
 *(COMMON)
                0x20000680                        . = ALIGN (0x4)
                0x20000680                        _ebss = .
                0x20000680                        __bss_end__ = _ebss

._user_heap_stack
                0x20000680      0x600 load address 0x0800beec
                0x20000680                        . = ALIGN (0x8)
                [!provide]                        PROVIDE (end = .)
                0x20000680                        PROVIDE (_end = .)
                0x20000880                        . = (. + _Min_Heap_Size)
 *fill*         0x20000680      0x200 
                0x20000c80                        . = (. + _Min_Stack_Size)
 *fill*         0x20000880      0x400 